Archive member included to satisfy reference by file (symbol)

app/libapp.a(main.c.obj)      (--whole-archive)
zephyr/libzephyr.a(cbprintf_packaged.c.obj)
                              (--whole-archive)
zephyr/libzephyr.a(dec.c.obj)
                              (--whole-archive)
zephyr/libzephyr.a(hex.c.obj)
                              (--whole-archive)
zephyr/libzephyr.a(printk.c.obj)
                              (--whole-archive)
zephyr/libzephyr.a(rb.c.obj)  (--whole-archive)
zephyr/libzephyr.a(sem.c.obj)
                              (--whole-archive)
zephyr/libzephyr.a(thread_entry.c.obj)
                              (--whole-archive)
zephyr/libzephyr.a(timeutil.c.obj)
                              (--whole-archive)
zephyr/libzephyr.a(heap.c.obj)
                              (--whole-archive)
zephyr/libzephyr.a(heap-validate.c.obj)
                              (--whole-archive)
zephyr/libzephyr.a(bitarray.c.obj)
                              (--whole-archive)
zephyr/libzephyr.a(multi_heap.c.obj)
                              (--whole-archive)
zephyr/libzephyr.a(cbprintf_complete.c.obj)
                              (--whole-archive)
zephyr/libzephyr.a(assert.c.obj)
                              (--whole-archive)
zephyr/libzephyr.a(configs.c.obj)
                              (--whole-archive)
zephyr/libzephyr.a(soc.c.obj)
                              (--whole-archive)
zephyr/libzephyr.a(flash_clock_setup.c.obj)
                              (--whole-archive)
zephyr/libzephyr.a(mem_attr.c.obj)
                              (--whole-archive)
zephyr/libzephyr.a(tracing_none.c.obj)
                              (--whole-archive)
zephyr/arch/common/libarch__common.a(sw_isr_common.c.obj)
                              (--whole-archive)
zephyr/arch/arch/arm/core/libarch__arm__core.a(fatal.c.obj)
                              (--whole-archive)
zephyr/arch/arch/arm/core/libarch__arm__core.a(nmi.c.obj)
                              (--whole-archive)
zephyr/arch/arch/arm/core/libarch__arm__core.a(nmi_on_reset.S.obj)
                              (--whole-archive)
zephyr/arch/arch/arm/core/libarch__arm__core.a(tls.c.obj)
                              (--whole-archive)
zephyr/arch/arch/arm/core/cortex_m/libarch__arm__core__cortex_m.a(exc_exit.S.obj)
                              (--whole-archive)
zephyr/arch/arch/arm/core/cortex_m/libarch__arm__core__cortex_m.a(fault.c.obj)
                              (--whole-archive)
zephyr/arch/arch/arm/core/cortex_m/libarch__arm__core__cortex_m.a(fault_s.S.obj)
                              (--whole-archive)
zephyr/arch/arch/arm/core/cortex_m/libarch__arm__core__cortex_m.a(fpu.c.obj)
                              (--whole-archive)
zephyr/arch/arch/arm/core/cortex_m/libarch__arm__core__cortex_m.a(irq_init.c.obj)
                              (--whole-archive)
zephyr/arch/arch/arm/core/cortex_m/libarch__arm__core__cortex_m.a(reset.S.obj)
                              (--whole-archive)
zephyr/arch/arch/arm/core/cortex_m/libarch__arm__core__cortex_m.a(scb.c.obj)
                              (--whole-archive)
zephyr/arch/arch/arm/core/cortex_m/libarch__arm__core__cortex_m.a(thread_abort.c.obj)
                              (--whole-archive)
zephyr/arch/arch/arm/core/cortex_m/libarch__arm__core__cortex_m.a(vector_table.S.obj)
                              (--whole-archive)
zephyr/arch/arch/arm/core/cortex_m/libarch__arm__core__cortex_m.a(swap.c.obj)
                              (--whole-archive)
zephyr/arch/arch/arm/core/cortex_m/libarch__arm__core__cortex_m.a(swap_helper.S.obj)
                              (--whole-archive)
zephyr/arch/arch/arm/core/cortex_m/libarch__arm__core__cortex_m.a(irq_manage.c.obj)
                              (--whole-archive)
zephyr/arch/arch/arm/core/cortex_m/libarch__arm__core__cortex_m.a(prep_c.c.obj)
                              (--whole-archive)
zephyr/arch/arch/arm/core/cortex_m/libarch__arm__core__cortex_m.a(thread.c.obj)
                              (--whole-archive)
zephyr/arch/arch/arm/core/cortex_m/libarch__arm__core__cortex_m.a(cpu_idle.S.obj)
                              (--whole-archive)
zephyr/arch/arch/arm/core/cortex_m/libarch__arm__core__cortex_m.a(isr_wrapper.S.obj)
                              (--whole-archive)
zephyr/arch/arch/arm/core/cortex_m/libarch__arm__core__cortex_m.a(__aeabi_read_tp.S.obj)
                              (--whole-archive)
zephyr/arch/arch/arm/core/cortex_m/cmse/libarch__arm__core__cortex_m__cmse.a(arm_core_cmse.c.obj)
                              (--whole-archive)
zephyr/arch/arch/arm/core/cortex_m/tz/libarch__arm__core__cortex_m__tz.a(arm_core_tz.c.obj)
                              (--whole-archive)
zephyr/arch/arch/arm/core/mpu/libarch__arm__core__mpu.a(arm_core_mpu.c.obj)
                              (--whole-archive)
zephyr/arch/arch/arm/core/mpu/libarch__arm__core__mpu.a(arm_mpu.c.obj)
                              (--whole-archive)
[...]
Memory Configuration

Name             Origin             Length             Attributes
FLASH            0x0000000018000000 0x0000000004000000 xr
RAM              0x0000000030180000 0x0000000000300000 xw
SRAM1            0x0000000040140000 0x0000000000004000
IDT_LIST         0x00000000fffff7ff 0x0000000000000800 xw
*default*        0x0000000000000000 0xffffffffffffffff

Linker script and memory map

                0x00000000180046c8                vfprintf = __i_vfprintf
                0x0000000000000000                vfscanf = __i_vfscanf
LOAD zephyr/CMakeFiles/zephyr_final.dir/misc/empty_file.c.obj
LOAD zephyr/CMakeFiles/zephyr_final.dir/isr_tables.c.obj
LOAD zephyr/CMakeFiles/offsets.dir/./arch/arm/core/offsets/offsets.c.obj
LOAD app/libapp.a
LOAD zephyr/libzephyr.a
LOAD zephyr/arch/common/libarch__common.a
LOAD zephyr/arch/arch/arm/core/libarch__arm__core.a
LOAD zephyr/arch/arch/arm/core/cortex_m/libarch__arm__core__cortex_m.a
LOAD zephyr/arch/arch/arm/core/cortex_m/cmse/libarch__arm__core__cortex_m__cmse.a
LOAD zephyr/arch/arch/arm/core/cortex_m/tz/libarch__arm__core__cortex_m__tz.a
LOAD zephyr/arch/arch/arm/core/mpu/libarch__arm__core__mpu.a
LOAD zephyr/lib/libc/picolibc/liblib__libc__picolibc.a
LOAD zephyr/lib/libc/common/liblib__libc__common.a
LOAD zephyr/soc/soc/arm/common/cortex_m/libsoc__arm__common__cortex_m.a
LOAD zephyr/boards/arm/mimxrt685_evk/libboards__arm__mimxrt685_evk.a
LOAD zephyr/drivers/interrupt_controller/libdrivers__interrupt_controller.a
LOAD zephyr/drivers/clock_control/libdrivers__clock_control.a
LOAD zephyr/drivers/console/libdrivers__console.a
LOAD zephyr/drivers/gpio/libdrivers__gpio.a
LOAD zephyr/drivers/pinctrl/libdrivers__pinctrl.a
LOAD zephyr/drivers/serial/libdrivers__serial.a
LOAD zephyr/drivers/timer/libdrivers__timer.a
LOAD modules/hal_nxp/hal_nxp/lib..__modules__hal__nxp.a
LOAD zephyr/kernel/libkernel.a
LOAD c:/users/ext_basver/zephyr-sdk-0.16.5-1/arm-zephyr-eabi/bin/../lib/gcc/arm-zephyr-eabi/12.2.0/thumb/v8-m.main/nofp\libgcc.a
LOAD zephyr/libcode_relocation_source_lib.a
LOAD zephyr/arch/common/libisr_tables.a
LOAD c:\users\ext_basver\zephyr-sdk-0.16.5-1\arm-zephyr-eabi\bin\../lib/gcc/../../picolibc/arm-zephyr-eabi/lib/thumb/v8-m.main/nofp\libc.a
LOAD c:/users/ext_basver/zephyr-sdk-0.16.5-1/arm-zephyr-eabi/bin/../lib/gcc/arm-zephyr-eabi/12.2.0/thumb/v8-m.main/nofp\libgcc.a
                0x0000000000000020                _region_min_align = 0x20

.rel.plt        0x0000000018000000        0x0
 *(SORT_BY_ALIGNMENT(.rel.plt))
                [!provide]                        PROVIDE (__rel_iplt_start = .)
 *(SORT_BY_ALIGNMENT(.rel.iplt))
 .rel.iplt      0x0000000018000000        0x0 zephyr/CMakeFiles/zephyr_final.dir/isr_tables.c.obj
                [!provide]                        PROVIDE (__rel_iplt_end = .)

.rela.plt       0x0000000000000000        0x0
 *(SORT_BY_ALIGNMENT(.rela.plt))
                [!provide]                        PROVIDE (__rela_iplt_start = .)
 *(SORT_BY_ALIGNMENT(.rela.iplt))
                [!provide]                        PROVIDE (__rela_iplt_end = .)

.rel.dyn
 *(SORT_BY_ALIGNMENT(.rel.*))

.rela.dyn
 *(SORT_BY_ALIGNMENT(.rela.*))

/DISCARD/
 *(SORT_BY_ALIGNMENT(.plt))

/DISCARD/
 *(SORT_BY_ALIGNMENT(.iplt))
                0x0000000018000000                __rom_region_start = 0x18000000

rom_start       0x0000000018000000     0x1330
                0x0000000018000000                __rom_start_address = .
 FILL mask 0x00
                0x0000000000000400                . = 0x400
 *fill*         0x0000000018000000      0x400 00
 *(SORT_BY_ALIGNMENT(.flash_conf))
 .flash_conf    0x0000000018000400      0x200 zephyr/boards/arm/mimxrt685_evk/libboards__arm__mimxrt685_evk.a(flash_config.c.obj)
                0x0000000018000400                flexspi_config
                0x0000000000001000                . = 0x1000
 *fill*         0x0000000018000600      0xa00 00
 *(SORT_BY_ALIGNMENT(.boot_hdr.ivt))
 .boot_hdr.ivt  0x0000000018001000       0x40 zephyr/libzephyr.a(soc.c.obj)
                0x0000000018001000                image_vector_table
                0x0000000018001200                . = (. + (0x1200 - (. - __rom_start_address)))
 *fill*         0x0000000018001040      0x1c0 00
                0x0000000018001200                . = ALIGN (0x4)
                0x0000000018001200                . = ALIGN (0x80)
                0x0000000018001200                . = ALIGN (0x200)
                0x0000000018001200                _vector_start = .
 *(SORT_BY_ALIGNMENT(.exc_vector_table))
 *(SORT_BY_ALIGNMENT(.exc_vector_table.*))
 .exc_vector_table._vector_table_section
                0x0000000018001200       0x40 zephyr/arch/arch/arm/core/cortex_m/libarch__arm__core__cortex_m.a(vector_table.S.obj)
                0x0000000018001200                _vector_table
 *(SORT_BY_ALIGNMENT(.vectors))
                0x0000000018001330                _vector_end = .
                0x0000000018001240                . = ALIGN (0x4)
 *(SORT_BY_ALIGNMENT(.gnu.linkonce.irq_vector_table*))
 .gnu.linkonce.irq_vector_table
                0x0000000018001240       0xf0 zephyr/CMakeFiles/zephyr_final.dir/isr_tables.c.obj
                0x0000000018001240                _irq_vector_table
                0x0000000018001330                _vector_end = .
                0x0000000030180000                _ram_mpu_ro_region_start = ORIGIN (RAM)

.ram_text_reloc
                0x0000000030180000      0x100 load address 0x0000000018001330
                0x0000000030180000                __ram_text_reloc_start = .
 *flash_clock_setup.c.obj(SORT_BY_ALIGNMENT(.rel.text.flexspi_clock_safe_config))
 *flash_clock_setup.c.obj(SORT_BY_ALIGNMENT(.text.flexspi_clock_safe_config))
 .text.flexspi_clock_safe_config
                0x0000000030180000       0x10 zephyr/libzephyr.a(flash_clock_setup.c.obj)
                0x0000000030180000                flexspi_clock_safe_config
 *flash_clock_setup.c.obj(SORT_BY_ALIGNMENT(.text.flexspi_setup_clock))
 .text.flexspi_setup_clock
                0x0000000030180010       0xf0 zephyr/libzephyr.a(flash_clock_setup.c.obj)
                0x0000000030180010                flexspi_setup_clock
                0x0000000030180100                . = ALIGN (_region_min_align)
                0x0000000030180100                __ram_text_reloc_end = .
                0x0000000000000100                __ram_text_reloc_size = (__ram_text_reloc_end - __ram_text_reloc_start)
                0x0000000018001330                __ram_text_rom_start = LOADADDR (.ram_text_reloc)
                0x0000000030180100                _ram_mpu_ro_region_end = .

text            0x0000000018001430     0x4540
                0x0000000018001430                __text_region_start = .
 *(SORT_BY_ALIGNMENT(.text))
 .text          0x0000000018001430       0x30 c:/users/ext_basver/zephyr-sdk-0.16.5-1/arm-zephyr-eabi/bin/../lib/gcc/arm-zephyr-eabi/12.2.0/thumb/v8-m.main/nofp\libgcc.a(_aeabi_uldivmod.o)
                0x0000000018001430                __aeabi_uldivmod
 .text          0x0000000018001460        0x4 c:/users/ext_basver/zephyr-sdk-0.16.5-1/arm-zephyr-eabi/bin/../lib/gcc/arm-zephyr-eabi/12.2.0/thumb/v8-m.main/nofp\libgcc.a(_dvmd_tls.o)
                0x0000000018001460                __aeabi_idiv0
                0x0000000018001460                __aeabi_ldiv0
 .text          0x0000000018001464      0x29c c:/users/ext_basver/zephyr-sdk-0.16.5-1/arm-zephyr-eabi/bin/../lib/gcc/arm-zephyr-eabi/12.2.0/thumb/v8-m.main/nofp\libgcc.a(_udivmoddi4.o)
                0x0000000018001464                __udivmoddi4
 *(SORT_BY_ALIGNMENT(.text.*))
 .text.main     0x0000000018001700       0x9c app/libapp.a(main.c.obj)
                0x0000000018001700                main
 .text.char_out
                0x000000001800179c        0xc zephyr/libzephyr.a(printk.c.obj)
 .text.__printk_hook_install
                0x00000000180017a8        0xc zephyr/libzephyr.a(printk.c.obj)
                0x00000000180017a8                __printk_hook_install
 .text.vprintk  0x00000000180017b4       0x30 zephyr/libzephyr.a(printk.c.obj)
                0x00000000180017b4                vprintk
 .text.z_thread_entry
                0x00000000180017e4       0x34 zephyr/libzephyr.a(thread_entry.c.obj)
                0x00000000180017e4                z_thread_entry
 .text.nxp_rt600_init
                0x0000000018001818      0x184 zephyr/libzephyr.a(soc.c.obj)
 .text.mem_attr_get_regions
                0x000000001800199c        0xc zephyr/libzephyr.a(mem_attr.c.obj)
                0x000000001800199c                mem_attr_get_regions
 .text.z_SysNmiOnReset
                0x00000000180019a8        0x8 zephyr/arch/arch/arm/core/libarch__arm__core.a(nmi_on_reset.S.obj)
                0x00000000180019a8                z_SysNmiOnReset
 .text.arch_tls_stack_setup
                0x00000000180019b0       0x5c zephyr/arch/arch/arm/core/libarch__arm__core.a(tls.c.obj)
                0x00000000180019b0                arch_tls_stack_setup
 .text._HandlerModeExit
                0x0000000018001a0c       0x1c zephyr/arch/arch/arm/core/cortex_m/libarch__arm__core__cortex_m.a(exc_exit.S.obj)
                0x0000000018001a0c                z_arm_int_exit
                0x0000000018001a0c                z_arm_exc_exit
 .text.secure_fault.constprop.0
                0x0000000018001a28       0x74 zephyr/arch/arch/arm/core/cortex_m/libarch__arm__core__cortex_m.a(fault.c.obj)
 .text.usage_fault.constprop.0
                0x0000000018001a9c       0x5c zephyr/arch/arch/arm/core/cortex_m/libarch__arm__core__cortex_m.a(fault.c.obj)
 .text.bus_fault.constprop.0
                0x0000000018001af8       0x6c zephyr/arch/arch/arm/core/cortex_m/libarch__arm__core__cortex_m.a(fault.c.obj)
 .text.mem_manage_fault.constprop.0
                0x0000000018001b64       0x78 zephyr/arch/arch/arm/core/cortex_m/libarch__arm__core__cortex_m.a(fault.c.obj)
 .text.z_arm_fault
                0x0000000018001bdc      0x158 zephyr/arch/arch/arm/core/cortex_m/libarch__arm__core__cortex_m.a(fault.c.obj)
                0x0000000018001bdc                z_arm_fault
 .text.z_arm_fault_init
                0x0000000018001d34       0x18 zephyr/arch/arch/arm/core/cortex_m/libarch__arm__core__cortex_m.a(fault.c.obj)
                0x0000000018001d34                z_arm_fault_init
 .text.__fault  0x0000000018001d4c       0x14 zephyr/arch/arch/arm/core/cortex_m/libarch__arm__core__cortex_m.a(fault_s.S.obj)
                0x0000000018001d4c                z_arm_bus_fault
                0x0000000018001d4c                z_arm_usage_fault
                0x0000000018001d4c                z_arm_mpu_fault
                0x0000000018001d4c                z_arm_exc_spurious
                0x0000000018001d4c                z_arm_debug_monitor
                0x0000000018001d4c                z_arm_hard_fault
                0x0000000018001d4c                z_arm_secure_fault
 .text.z_arm_interrupt_init
                0x0000000018001d60       0x18 zephyr/arch/arch/arm/core/cortex_m/libarch__arm__core__cortex_m.a(irq_init.c.obj)
                0x0000000018001d60                z_arm_interrupt_init
 .text._reset_section
                0x0000000018001d78       0x30 zephyr/arch/arch/arm/core/cortex_m/libarch__arm__core__cortex_m.a(reset.S.obj)
                0x0000000018001d78                __start
                0x0000000018001d78                z_arm_reset
 .text.z_impl_k_thread_abort
                0x0000000018001da8       0x2c zephyr/arch/arch/arm/core/cortex_m/libarch__arm__core__cortex_m.a(thread_abort.c.obj)
                0x0000000018001da8                z_impl_k_thread_abort
 .text.arch_swap
                0x0000000018001dd4       0x34 zephyr/arch/arch/arm/core/cortex_m/libarch__arm__core__cortex_m.a(swap.c.obj)
                0x0000000018001dd4                arch_swap
 .text.z_arm_pendsv
                0x0000000018001e08       0x68 zephyr/arch/arch/arm/core/cortex_m/libarch__arm__core__cortex_m.a(swap_helper.S.obj)
                0x0000000018001e08                z_arm_pendsv
 .text.z_arm_svc
                0x0000000018001e70       0x20 zephyr/arch/arch/arm/core/cortex_m/libarch__arm__core__cortex_m.a(swap_helper.S.obj)
                0x0000000018001e70                z_arm_svc
 .text.arch_irq_enable
                0x0000000018001e90       0x1c zephyr/arch/arch/arm/core/cortex_m/libarch__arm__core__cortex_m.a(irq_manage.c.obj)
                0x0000000018001e90                arch_irq_enable
 .text.z_arm_irq_priority_set
                0x0000000018001eac       0x2c zephyr/arch/arch/arm/core/cortex_m/libarch__arm__core__cortex_m.a(irq_manage.c.obj)
                0x0000000018001eac                z_arm_irq_priority_set
 .text.z_arm_prep_c
                0x0000000018001ed8       0x48 zephyr/arch/arch/arm/core/cortex_m/libarch__arm__core__cortex_m.a(prep_c.c.obj)
                0x0000000018001ed8                z_arm_prep_c
 .text.arch_new_thread
                0x0000000018001f20       0x38 zephyr/arch/arch/arm/core/cortex_m/libarch__arm__core__cortex_m.a(thread.c.obj)
                0x0000000018001f20                arch_new_thread
 .text.arch_switch_to_main_thread
                0x0000000018001f58       0x34 zephyr/arch/arch/arm/core/cortex_m/libarch__arm__core__cortex_m.a(thread.c.obj)
                0x0000000018001f58                arch_switch_to_main_thread
 .text.z_arm_cpu_idle_init
                0x0000000018001f8c        0xc zephyr/arch/arch/arm/core/cortex_m/libarch__arm__core__cortex_m.a(cpu_idle.S.obj)
                0x0000000018001f8c                z_arm_cpu_idle_init
 .text.arch_cpu_idle
                0x0000000018001f98       0x1c zephyr/arch/arch/arm/core/cortex_m/libarch__arm__core__cortex_m.a(cpu_idle.S.obj)
                0x0000000018001f98                arch_cpu_idle
 .text._isr_wrapper
                0x0000000018001fb4       0x28 zephyr/arch/arch/arm/core/cortex_m/libarch__arm__core__cortex_m.a(isr_wrapper.S.obj)
                0x0000000018001fb4                _isr_wrapper
 .text.z_arm_configure_static_mpu_regions
                0x0000000018001fdc       0x38 zephyr/arch/arch/arm/core/mpu/libarch__arm__core__mpu.a(arm_core_mpu.c.obj)
                0x0000000018001fdc                z_arm_configure_static_mpu_regions
 .text.region_init
                0x0000000018002014       0x34 zephyr/arch/arch/arm/core/mpu/libarch__arm__core__mpu.a(arm_mpu.c.obj)
 .text.mpu_configure_regions_and_partition.constprop.0
                0x0000000018002048      0x14c zephyr/arch/arch/arm/core/mpu/libarch__arm__core__mpu.a(arm_mpu.c.obj)
 .text.arm_core_mpu_enable
                0x0000000018002194       0x18 zephyr/arch/arch/arm/core/mpu/libarch__arm__core__mpu.a(arm_mpu.c.obj)
                0x0000000018002194                arm_core_mpu_enable
 .text.arm_core_mpu_disable
                0x00000000180021ac       0x14 zephyr/arch/arch/arm/core/mpu/libarch__arm__core__mpu.a(arm_mpu.c.obj)
                0x00000000180021ac                arm_core_mpu_disable
 .text.arm_core_mpu_configure_static_mpu_regions
                0x00000000180021c0       0x14 zephyr/arch/arch/arm/core/mpu/libarch__arm__core__mpu.a(arm_mpu.c.obj)
                0x00000000180021c0                arm_core_mpu_configure_static_mpu_regions
 .text.arm_core_mpu_mark_areas_for_dynamic_regions
                0x00000000180021d4       0xb8 zephyr/arch/arch/arm/core/mpu/libarch__arm__core__mpu.a(arm_mpu.c.obj)
                0x00000000180021d4                arm_core_mpu_mark_areas_for_dynamic_regions
 .text.z_arm_mpu_init
                0x000000001800228c       0xf8 zephyr/arch/arch/arm/core/mpu/libarch__arm__core__mpu.a(arm_mpu.c.obj)
                0x000000001800228c                z_arm_mpu_init
 .text.z_impl_zephyr_fputc
                0x0000000018002384       0x10 zephyr/lib/libc/picolibc/liblib__libc__picolibc.a(libc-hooks.c.obj)
                0x0000000018002384                z_impl_zephyr_fputc
 .text.__stdout_hook_install
                0x0000000018002394       0x18 zephyr/lib/libc/picolibc/liblib__libc__picolibc.a(libc-hooks.c.obj)
                0x0000000018002394                __stdout_hook_install
 .text.malloc_prepare
                0x00000000180023ac       0x24 zephyr/lib/libc/common/liblib__libc__common.a(malloc.c.obj)
 .text.intc_nxp_pint_init
                0x00000000180023d0       0xa0 zephyr/drivers/interrupt_controller/libdrivers__interrupt_controller.a(intc_nxp_pint.c.obj)
 .text.nxp_pint_isr
                0x0000000018002470       0x38 zephyr/drivers/interrupt_controller/libdrivers__interrupt_controller.a(intc_nxp_pint.c.obj)
 .text.nxp_pint_pin_enable
                0x00000000180024a8       0x88 zephyr/drivers/interrupt_controller/libdrivers__interrupt_controller.a(intc_nxp_pint.c.obj)
                0x00000000180024a8                nxp_pint_pin_enable
 .text.nxp_pint_pin_disable
                0x0000000018002530       0x34 zephyr/drivers/interrupt_controller/libdrivers__interrupt_controller.a(intc_nxp_pint.c.obj)
                0x0000000018002530                nxp_pint_pin_disable
 .text.nxp_pint_pin_set_callback
                0x0000000018002564       0x2c zephyr/drivers/interrupt_controller/libdrivers__interrupt_controller.a(intc_nxp_pint.c.obj)
                0x0000000018002564                nxp_pint_pin_set_callback
 .text.uart_console_init
                0x0000000018002590       0x28 zephyr/drivers/console/libdrivers__console.a(uart_console.c.obj)
 .text.console_out
                0x00000000180025b8       0x28 zephyr/drivers/console/libdrivers__console.a(uart_console.c.obj)
 .text.gpio_mcux_lpc_pin_interrupt_configure
                0x00000000180025e0      0x120 zephyr/drivers/gpio/libdrivers__gpio.a(gpio_mcux_lpc.c.obj)
 .text.mcux_flexcomm_uart_configure
                0x0000000018002700       0xb4 zephyr/drivers/serial/libdrivers__serial.a(uart_mcux_flexcomm.c.obj)
 .text.mcux_lpc_ostick_isr
                0x00000000180027b4       0x68 zephyr/drivers/timer/libdrivers__timer.a(mcux_os_timer.c.obj)
                0x00000000180027b4                mcux_lpc_ostick_isr
 .text.sys_clock_driver_init
                0x000000001800281c       0x54 zephyr/drivers/timer/libdrivers__timer.a(mcux_os_timer.c.obj)
 .text.sys_clock_set_timeout
                0x0000000018002870       0x98 zephyr/drivers/timer/libdrivers__timer.a(mcux_os_timer.c.obj)
                0x0000000018002870                sys_clock_set_timeout
 .text.sys_clock_elapsed
                0x0000000018002908       0x38 zephyr/drivers/timer/libdrivers__timer.a(mcux_os_timer.c.obj)
                0x0000000018002908                sys_clock_elapsed
 .text.CLOCK_GetOsc32KFreq
                0x0000000018002940       0x14 modules/hal_nxp/hal_nxp/lib..__modules__hal__nxp.a(fsl_clock.c.obj)
 .text.CLOCK_GetXtalInClkFreq
                0x0000000018002954       0x2c modules/hal_nxp/hal_nxp/lib..__modules__hal__nxp.a(fsl_clock.c.obj)
 .text.CLOCK_GetFFroFreq
                0x0000000018002980       0x28 modules/hal_nxp/hal_nxp/lib..__modules__hal__nxp.a(fsl_clock.c.obj)
                0x0000000018002980                CLOCK_GetFFroFreq
 .text.CLOCK_GetSysPllFreq
                0x00000000180029a8       0x5c modules/hal_nxp/hal_nxp/lib..__modules__hal__nxp.a(fsl_clock.c.obj)
                0x00000000180029a8                CLOCK_GetSysPllFreq
 .text.CLOCK_GetSysPfdFreq
                0x0000000018002a04       0x60 modules/hal_nxp/hal_nxp/lib..__modules__hal__nxp.a(fsl_clock.c.obj)
                0x0000000018002a04                CLOCK_GetSysPfdFreq
 .text.CLOCK_GetMainPllClkFreq
                0x0000000018002a64       0x1c modules/hal_nxp/hal_nxp/lib..__modules__hal__nxp.a(fsl_clock.c.obj)
 .text.CLOCK_GetAux0PllClkFreq
                0x0000000018002a80       0x1c modules/hal_nxp/hal_nxp/lib..__modules__hal__nxp.a(fsl_clock.c.obj)
 .text.CLOCK_GetAux1PllClkFreq
                0x0000000018002a9c       0x1c modules/hal_nxp/hal_nxp/lib..__modules__hal__nxp.a(fsl_clock.c.obj)
 .text.CLOCK_GetAudioPllFreq
                0x0000000018002ab8       0x5c modules/hal_nxp/hal_nxp/lib..__modules__hal__nxp.a(fsl_clock.c.obj)
                0x0000000018002ab8                CLOCK_GetAudioPllFreq
 .text.CLOCK_GetAudioPfdFreq
                0x0000000018002b14       0x60 modules/hal_nxp/hal_nxp/lib..__modules__hal__nxp.a(fsl_clock.c.obj)
                0x0000000018002b14                CLOCK_GetAudioPfdFreq
 .text.CLOCK_GetAudioPllClkFreq
                0x0000000018002b74       0x1c modules/hal_nxp/hal_nxp/lib..__modules__hal__nxp.a(fsl_clock.c.obj)
 .text.CLOCK_GetMainClkFreq
                0x0000000018002b90       0x68 modules/hal_nxp/hal_nxp/lib..__modules__hal__nxp.a(fsl_clock.c.obj)
                0x0000000018002b90                CLOCK_GetMainClkFreq
 .text.CLOCK_GetDspMainClkFreq
                0x0000000018002bf8       0x7c modules/hal_nxp/hal_nxp/lib..__modules__hal__nxp.a(fsl_clock.c.obj)
                0x0000000018002bf8                CLOCK_GetDspMainClkFreq
 .text.CLOCK_GetAdcClkFreq
                0x0000000018002c74       0x70 modules/hal_nxp/hal_nxp/lib..__modules__hal__nxp.a(fsl_clock.c.obj)
                0x0000000018002c74                CLOCK_GetAdcClkFreq
 .text.CLOCK_GetClockOutClkFreq
                0x0000000018002ce4       0xac modules/hal_nxp/hal_nxp/lib..__modules__hal__nxp.a(fsl_clock.c.obj)
                0x0000000018002ce4                CLOCK_GetClockOutClkFreq
 .text.CLOCK_GetFRGClock
                0x0000000018002d90       0xb0 modules/hal_nxp/hal_nxp/lib..__modules__hal__nxp.a(fsl_clock.c.obj)
                0x0000000018002d90                CLOCK_GetFRGClock
 .text.CLOCK_GetFlexCommClkFreq
                0x0000000018002e40       0x60 modules/hal_nxp/hal_nxp/lib..__modules__hal__nxp.a(fsl_clock.c.obj)
                0x0000000018002e40                CLOCK_GetFlexCommClkFreq
 .text.CLOCK_GetFlexspiClkFreq
                0x0000000018002ea0       0x4c modules/hal_nxp/hal_nxp/lib..__modules__hal__nxp.a(fsl_clock.c.obj)
                0x0000000018002ea0                CLOCK_GetFlexspiClkFreq
 .text.CLOCK_GetSctClkFreq
                0x0000000018002eec       0x54 modules/hal_nxp/hal_nxp/lib..__modules__hal__nxp.a(fsl_clock.c.obj)
                0x0000000018002eec                CLOCK_GetSctClkFreq
 .text.CLOCK_GetMclkClkFreq
                0x0000000018002f40       0x34 modules/hal_nxp/hal_nxp/lib..__modules__hal__nxp.a(fsl_clock.c.obj)
                0x0000000018002f40                CLOCK_GetMclkClkFreq
 .text.CLOCK_GetWdtClkFreq
                0x0000000018002f74       0x28 modules/hal_nxp/hal_nxp/lib..__modules__hal__nxp.a(fsl_clock.c.obj)
                0x0000000018002f74                CLOCK_GetWdtClkFreq
 .text.CLOCK_GetSystickClkFreq
                0x0000000018002f9c       0x48 modules/hal_nxp/hal_nxp/lib..__modules__hal__nxp.a(fsl_clock.c.obj)
                0x0000000018002f9c                CLOCK_GetSystickClkFreq
 .text.CLOCK_GetSdioClkFreq
                0x0000000018002fe4       0x64 modules/hal_nxp/hal_nxp/lib..__modules__hal__nxp.a(fsl_clock.c.obj)
                0x0000000018002fe4                CLOCK_GetSdioClkFreq
 .text.CLOCK_GetI3cClkFreq
                0x0000000018003048       0x34 modules/hal_nxp/hal_nxp/lib..__modules__hal__nxp.a(fsl_clock.c.obj)
                0x0000000018003048                CLOCK_GetI3cClkFreq
 .text.CLOCK_GetUsbClkFreq
                0x000000001800307c       0x34 modules/hal_nxp/hal_nxp/lib..__modules__hal__nxp.a(fsl_clock.c.obj)
                0x000000001800307c                CLOCK_GetUsbClkFreq
 .text.CLOCK_GetDmicClkFreq
                0x00000000180030b0       0x78 modules/hal_nxp/hal_nxp/lib..__modules__hal__nxp.a(fsl_clock.c.obj)
                0x00000000180030b0                CLOCK_GetDmicClkFreq
 .text.CLOCK_GetAcmpClkFreq
                0x0000000018003128       0x50 modules/hal_nxp/hal_nxp/lib..__modules__hal__nxp.a(fsl_clock.c.obj)
                0x0000000018003128                CLOCK_GetAcmpClkFreq
 .text.CLOCK_GetFreq
                0x0000000018003178      0x100 modules/hal_nxp/hal_nxp/lib..__modules__hal__nxp.a(fsl_clock.c.obj)
                0x0000000018003178                CLOCK_GetFreq
 .text.CLOCK_EnableFfroClk
                0x0000000018003278       0xc0 modules/hal_nxp/hal_nxp/lib..__modules__hal__nxp.a(fsl_clock.c.obj)
                0x0000000018003278                CLOCK_EnableFfroClk
 .text.CLOCK_EnableSfroClk
                0x0000000018003338       0x48 modules/hal_nxp/hal_nxp/lib..__modules__hal__nxp.a(fsl_clock.c.obj)
                0x0000000018003338                CLOCK_EnableSfroClk
 .text.CLOCK_InitSysPll
                0x0000000018003380      0x108 modules/hal_nxp/hal_nxp/lib..__modules__hal__nxp.a(fsl_clock.c.obj)
                0x0000000018003380                CLOCK_InitSysPll
 .text.CLOCK_InitSysPfd
                0x0000000018003488       0x44 modules/hal_nxp/hal_nxp/lib..__modules__hal__nxp.a(fsl_clock.c.obj)
                0x0000000018003488                CLOCK_InitSysPfd
 .text.CLOCK_EnableSysOscClk
                0x00000000180034cc       0x28 modules/hal_nxp/hal_nxp/lib..__modules__hal__nxp.a(fsl_clock.c.obj)
                0x00000000180034cc                CLOCK_EnableSysOscClk
 .text.POWER_ApplyPD
                0x00000000180034f4       0x1c modules/hal_nxp/hal_nxp/lib..__modules__hal__nxp.a(fsl_power.c.obj)
                0x00000000180034f4                POWER_ApplyPD
 .text.POWER_UpdateOscSettlingTime
                0x0000000018003510        0xc modules/hal_nxp/hal_nxp/lib..__modules__hal__nxp.a(fsl_power.c.obj)
                0x0000000018003510                POWER_UpdateOscSettlingTime
 .text.EnableDeepSleepIRQ
                0x000000001800351c       0x3c modules/hal_nxp/hal_nxp/lib..__modules__hal__nxp.a(fsl_power.c.obj)
                0x000000001800351c                EnableDeepSleepIRQ
 .text.RESET_SetPeripheralReset
                0x0000000018003558       0x68 modules/hal_nxp/hal_nxp/lib..__modules__hal__nxp.a(fsl_reset.c.obj)
                0x0000000018003558                RESET_SetPeripheralReset
 .text.RESET_ClearPeripheralReset
                0x00000000180035c0       0x74 modules/hal_nxp/hal_nxp/lib..__modules__hal__nxp.a(fsl_reset.c.obj)
                0x00000000180035c0                RESET_ClearPeripheralReset
 .text.SDK_DelayAtLeastUs
                0x0000000018003634       0x20 modules/hal_nxp/hal_nxp/lib..__modules__hal__nxp.a(fsl_common_arm.c.obj)
                0x0000000018003634                SDK_DelayAtLeastUs
 .text.getFFroFreq
                0x0000000018003654       0x28 modules/hal_nxp/hal_nxp/lib..__modules__hal__nxp.a(system_MIMXRT685S_cm33.c.obj)
 .text.SystemCoreClockUpdate
                0x000000001800367c      0x104 modules/hal_nxp/hal_nxp/lib..__modules__hal__nxp.a(system_MIMXRT685S_cm33.c.obj)
                0x000000001800367c                SystemCoreClockUpdate
 .text.SystemInit
                0x0000000018003780       0x9c modules/hal_nxp/hal_nxp/lib..__modules__hal__nxp.a(system_MIMXRT685S_cm33.c.obj)
                0x0000000018003780                SystemInit
 .text.CLOCK_EnableClock
                0x000000001800381c       0x58 modules/hal_nxp/hal_nxp/lib..__modules__hal__nxp.a(fsl_gpio.c.obj)
 .text.GPIO_PortInit
                0x0000000018003874       0x24 modules/hal_nxp/hal_nxp/lib..__modules__hal__nxp.a(fsl_gpio.c.obj)
                0x0000000018003874                GPIO_PortInit
 .text.PINT_Init
                0x0000000018003898       0x54 modules/hal_nxp/hal_nxp/lib..__modules__hal__nxp.a(fsl_pint.c.obj)
                0x0000000018003898                PINT_Init
 .text.PINT_PinInterruptConfig
                0x00000000180038ec       0x4c modules/hal_nxp/hal_nxp/lib..__modules__hal__nxp.a(fsl_pint.c.obj)
                0x00000000180038ec                PINT_PinInterruptConfig
 .text.INPUTMUX_Init
                0x0000000018003938       0x10 modules/hal_nxp/hal_nxp/lib..__modules__hal__nxp.a(fsl_inputmux.c.obj)
                0x0000000018003938                INPUTMUX_Init
 .text.INPUTMUX_Deinit
                0x0000000018003948       0x10 modules/hal_nxp/hal_nxp/lib..__modules__hal__nxp.a(fsl_inputmux.c.obj)
                0x0000000018003948                INPUTMUX_Deinit
 .text.OSTIMER_GetInstance
                0x0000000018003958       0x10 modules/hal_nxp/hal_nxp/lib..__modules__hal__nxp.a(fsl_ostimer.c.obj)
 .text.OSTIMER_HandleIRQ
                0x0000000018003968       0x24 modules/hal_nxp/hal_nxp/lib..__modules__hal__nxp.a(fsl_ostimer.c.obj)
                0x0000000018003968                OSTIMER_HandleIRQ
 .text.OSTIMER_Init
                0x000000001800398c       0x10 modules/hal_nxp/hal_nxp/lib..__modules__hal__nxp.a(fsl_ostimer.c.obj)
                0x000000001800398c                OSTIMER_Init
 .text.OSTIMER_SetMatchRawValue
                0x000000001800399c       0x90 modules/hal_nxp/hal_nxp/lib..__modules__hal__nxp.a(fsl_ostimer.c.obj)
                0x000000001800399c                OSTIMER_SetMatchRawValue
 .text.FLEXCOMM_GetInstance
                0x0000000018003a2c       0x1c modules/hal_nxp/hal_nxp/lib..__modules__hal__nxp.a(fsl_flexcomm.c.obj)
                0x0000000018003a2c                FLEXCOMM_GetInstance
 .text.FLEXCOMM_Init
                0x0000000018003a48       0xcc modules/hal_nxp/hal_nxp/lib..__modules__hal__nxp.a(fsl_flexcomm.c.obj)
                0x0000000018003a48                FLEXCOMM_Init
 .text.z_fatal_error
                0x0000000018003b14       0x30 zephyr/kernel/libkernel.a(fatal.c.obj)
                0x0000000018003b14                z_fatal_error
 .text.z_sys_init_run_level
                0x0000000018003b44       0x48 zephyr/kernel/libkernel.a(init.c.obj)
 .text.bg_thread_main
                0x0000000018003b8c       0x34 zephyr/kernel/libkernel.a(init.c.obj)
 .text.z_bss_zero
                0x0000000018003bc0       0x20 zephyr/kernel/libkernel.a(init.c.obj)
                0x0000000018003bc0                z_bss_zero
 .text.z_init_cpu
                0x0000000018003be0       0x7c zephyr/kernel/libkernel.a(init.c.obj)
                0x0000000018003be0                z_init_cpu
 .text.z_cstart
                0x0000000018003c5c       0xf4 zephyr/kernel/libkernel.a(init.c.obj)
                0x0000000018003c5c                z_cstart
 .text.z_setup_new_thread
                0x0000000018003d50       0x7c zephyr/kernel/libkernel.a(thread.c.obj)
                0x0000000018003d50                z_setup_new_thread
 .text.z_init_static_threads
                0x0000000018003dcc       0x98 zephyr/kernel/libkernel.a(thread.c.obj)
                0x0000000018003dcc                z_init_static_threads
 .text.sliceable
                0x0000000018003e64       0x3c zephyr/kernel/libkernel.a(sched.c.obj)
 .text.slice_timeout
                0x0000000018003ea0       0x20 zephyr/kernel/libkernel.a(sched.c.obj)
 .text.z_reset_time_slice
                0x0000000018003ec0       0x50 zephyr/kernel/libkernel.a(sched.c.obj)
                0x0000000018003ec0                z_reset_time_slice
 .text.update_cache
                0x0000000018003f10       0x3c zephyr/kernel/libkernel.a(sched.c.obj)
 .text.move_thread_to_end_of_prio_q
                0x0000000018003f4c       0x74 zephyr/kernel/libkernel.a(sched.c.obj)
 .text.ready_thread
                0x0000000018003fc0       0x68 zephyr/kernel/libkernel.a(sched.c.obj)
 .text.unready_thread
                0x0000000018004028       0x30 zephyr/kernel/libkernel.a(sched.c.obj)
 .text.z_time_slice
                0x0000000018004058       0x60 zephyr/kernel/libkernel.a(sched.c.obj)
                0x0000000018004058                z_time_slice
 .text.z_reschedule
                0x00000000180040b8       0x24 zephyr/kernel/libkernel.a(sched.c.obj)
                0x00000000180040b8                z_reschedule
 .text.z_sched_start
                0x00000000180040dc       0x3c zephyr/kernel/libkernel.a(sched.c.obj)
                0x00000000180040dc                z_sched_start
 .text.z_impl_k_thread_suspend
                0x0000000018004118       0x64 zephyr/kernel/libkernel.a(sched.c.obj)
                0x0000000018004118                z_impl_k_thread_suspend
 .text.k_sched_lock
                0x000000001800417c       0x28 zephyr/kernel/libkernel.a(sched.c.obj)
                0x000000001800417c                k_sched_lock
 .text.k_sched_unlock
                0x00000000180041a4       0x38 zephyr/kernel/libkernel.a(sched.c.obj)
                0x00000000180041a4                k_sched_unlock
 .text.z_sched_init
                0x00000000180041dc       0x10 zephyr/kernel/libkernel.a(sched.c.obj)
                0x00000000180041dc                z_sched_init
 .text.z_impl_k_yield
                0x00000000180041ec       0x7c zephyr/kernel/libkernel.a(sched.c.obj)
                0x00000000180041ec                z_impl_k_yield
 .text.z_tick_sleep
                0x0000000018004268       0x88 zephyr/kernel/libkernel.a(sched.c.obj)
 .text.z_impl_k_sleep
                0x00000000180042f0       0x30 zephyr/kernel/libkernel.a(sched.c.obj)
                0x00000000180042f0                z_impl_k_sleep
 .text.z_impl_k_sched_current_thread_query
                0x0000000018004320        0xc zephyr/kernel/libkernel.a(sched.c.obj)
                0x0000000018004320                z_impl_k_sched_current_thread_query
 .text.z_thread_abort
                0x000000001800432c       0xc0 zephyr/kernel/libkernel.a(sched.c.obj)
                0x000000001800432c                z_thread_abort
 .text.z_data_copy
                0x00000000180043ec       0x38 zephyr/kernel/libkernel.a(xip.c.obj)
                0x00000000180043ec                z_data_copy
 .text.elapsed  0x0000000018004424       0x14 zephyr/kernel/libkernel.a(timeout.c.obj)
 .text.next_timeout
                0x0000000018004438       0x40 zephyr/kernel/libkernel.a(timeout.c.obj)
 .text.remove_timeout
                0x0000000018004478       0x38 zephyr/kernel/libkernel.a(timeout.c.obj)
 .text.z_add_timeout
                0x00000000180044b0       0xec zephyr/kernel/libkernel.a(timeout.c.obj)
                0x00000000180044b0                z_add_timeout
 .text.sys_clock_announce
                0x000000001800459c       0xd4 zephyr/kernel/libkernel.a(timeout.c.obj)
                0x000000001800459c                sys_clock_announce
 .text.sys_clock_tick_get
                0x0000000018004670       0x34 zephyr/kernel/libkernel.a(timeout.c.obj)
                0x0000000018004670                sys_clock_tick_get
 .text.boot_banner
                0x00000000180046a4        0xc zephyr/kernel/libkernel.a(banner.c.obj)
                0x00000000180046a4                boot_banner
 .text.data_copy_xip_relocation
                0x00000000180046b0       0x18 zephyr/libcode_relocation_source_lib.a(code_relocation.c.obj)
                0x00000000180046b0                data_copy_xip_relocation
 .text.__i_vfprintf
                0x00000000180046c8      0x498 c:\users\ext_basver\zephyr-sdk-0.16.5-1\arm-zephyr-eabi\bin\../lib/gcc/../../picolibc/arm-zephyr-eabi/lib/thumb/v8-m.main/nofp\libc.a(libc_tinystdio_vfiprintf.c.o)
                0x00000000180046c8                __i_vfprintf
 .text._OffsetAbsSyms
                0x0000000018004b60        0x2 zephyr/CMakeFiles/offsets.dir/./arch/arm/core/offsets/offsets.c.obj
                0x0000000018004b60                _OffsetAbsSyms
 .text.gpio_pin_set.constprop.0.isra.0
                0x0000000018004b62       0x16 app/libapp.a(main.c.obj)
 .text.gpio_pin_configure_dt.isra.0
                0x0000000018004b78       0x2a app/libapp.a(main.c.obj)
 .text.arch_printk_char_out
                0x0000000018004ba2        0x4 zephyr/libzephyr.a(printk.c.obj)
                0x0000000018004ba2                arch_printk_char_out
 .text.printk   0x0000000018004ba6       0x1a zephyr/libzephyr.a(printk.c.obj)
                0x0000000018004ba6                printk
 .text.chunk_field
                0x0000000018004bc0       0x16 zephyr/libzephyr.a(heap.c.obj)
 .text.chunk_set
                0x0000000018004bd6       0x16 zephyr/libzephyr.a(heap.c.obj)
 .text.chunk_size
                0x0000000018004bec        0xc zephyr/libzephyr.a(heap.c.obj)
 .text.set_chunk_used
                0x0000000018004bf8       0x30 zephyr/libzephyr.a(heap.c.obj)
 .text.set_chunk_size
                0x0000000018004c28        0x8 zephyr/libzephyr.a(heap.c.obj)
 .text.bucket_idx.isra.0
                0x0000000018004c30       0x1c zephyr/libzephyr.a(heap.c.obj)
 .text.free_list_add
                0x0000000018004c4c       0x84 zephyr/libzephyr.a(heap.c.obj)
 .text.sys_heap_init
                0x0000000018004cd0       0xb0 zephyr/libzephyr.a(heap.c.obj)
                0x0000000018004cd0                sys_heap_init
 .text._ConfigAbsSyms
                0x0000000018004d80        0x2 zephyr/libzephyr.a(configs.c.obj)
                0x0000000018004d80                _ConfigAbsSyms
 .text.z_arm_platform_init
                0x0000000018004d82        0x4 zephyr/libzephyr.a(soc.c.obj)
                0x0000000018004d82                z_arm_platform_init
 .text.z_arm_fatal_error
                0x0000000018004d86        0x4 zephyr/arch/arch/arm/core/libarch__arm__core.a(fatal.c.obj)
                0x0000000018004d86                z_arm_fatal_error
 .text.z_do_kernel_oops
                0x0000000018004d8a        0x8 zephyr/arch/arch/arm/core/libarch__arm__core.a(fatal.c.obj)
                0x0000000018004d8a                z_do_kernel_oops
 .text.z_arm_nmi
                0x0000000018004d92        0xe zephyr/arch/arch/arm/core/libarch__arm__core.a(nmi.c.obj)
                0x0000000018004d92                z_arm_nmi
 .text.z_irq_spurious
                0x0000000018004da0        0x8 zephyr/arch/arch/arm/core/cortex_m/libarch__arm__core__cortex_m.a(irq_manage.c.obj)
                0x0000000018004da0                z_irq_spurious
 .text.configure_builtin_stack_guard
                0x0000000018004da8        0x8 zephyr/arch/arch/arm/core/cortex_m/libarch__arm__core__cortex_m.a(thread.c.obj)
                0x0000000018004da8                configure_builtin_stack_guard
 .text.arm_cmse_mpu_region_get
                0x0000000018004db0       0x12 zephyr/arch/arch/arm/core/cortex_m/cmse/libarch__arm__core__cortex_m__cmse.a(arm_core_cmse.c.obj)
                0x0000000018004db0                arm_cmse_mpu_region_get
 .text.mpu_configure_region
                0x0000000018004dc2       0x3a zephyr/arch/arch/arm/core/mpu/libarch__arm__core__mpu.a(arm_mpu.c.obj)
 .text.picolibc_put
                0x0000000018004dfc        0xa zephyr/lib/libc/picolibc/liblib__libc__picolibc.a(libc-hooks.c.obj)
 .text.mimxrt685_evk_init
                0x0000000018004e06        0x4 zephyr/boards/arm/mimxrt685_evk/libboards__arm__mimxrt685_evk.a(init.c.obj)
 .text.mcux_lpc_syscon_clock_control_on
                0x0000000018004e0a        0x4 zephyr/drivers/clock_control/libdrivers__clock_control.a(clock_control_mcux_syscon.c.obj)
 .text.mcux_lpc_syscon_clock_control_get_subsys_rate
                0x0000000018004e0e       0x8a zephyr/drivers/clock_control/libdrivers__clock_control.a(clock_control_mcux_syscon.c.obj)
 .text.mcux_lpc_syscon_clock_control_off
                0x0000000018004e98        0x4 zephyr/drivers/clock_control/libdrivers__clock_control.a(clock_control_mcux_syscon.c.obj)
 .text.gpio_mcux_lpc_configure
                0x0000000018004e9c       0xbe zephyr/drivers/gpio/libdrivers__gpio.a(gpio_mcux_lpc.c.obj)
 .text.gpio_mcux_lpc_port_get_raw
                0x0000000018004f5a       0x14 zephyr/drivers/gpio/libdrivers__gpio.a(gpio_mcux_lpc.c.obj)
 .text.gpio_mcux_lpc_port_set_masked_raw
                0x0000000018004f6e       0x20 zephyr/drivers/gpio/libdrivers__gpio.a(gpio_mcux_lpc.c.obj)
 .text.gpio_mcux_lpc_port_set_bits_raw
                0x0000000018004f8e       0x12 zephyr/drivers/gpio/libdrivers__gpio.a(gpio_mcux_lpc.c.obj)
 .text.gpio_mcux_lpc_port_clear_bits_raw
                0x0000000018004fa0       0x12 zephyr/drivers/gpio/libdrivers__gpio.a(gpio_mcux_lpc.c.obj)
 .text.gpio_mcux_lpc_port_toggle_bits
                0x0000000018004fb2       0x12 zephyr/drivers/gpio/libdrivers__gpio.a(gpio_mcux_lpc.c.obj)
 .text.gpio_mcux_lpc_manage_cb
                0x0000000018004fc4       0x52 zephyr/drivers/gpio/libdrivers__gpio.a(gpio_mcux_lpc.c.obj)
 .text.gpio_mcux_lpc_init.isra.0
                0x0000000018005016        0x8 zephyr/drivers/gpio/libdrivers__gpio.a(gpio_mcux_lpc.c.obj)
 .text.lpc_gpio_init_0
                0x000000001800501e        0xc zephyr/drivers/gpio/libdrivers__gpio.a(gpio_mcux_lpc.c.obj)
 .text.gpio_fire_callbacks.isra.0
                0x000000001800502a       0x2a zephyr/drivers/gpio/libdrivers__gpio.a(gpio_mcux_lpc.c.obj)
 .text.gpio_mcux_lpc_pint_cb
                0x0000000018005054       0x14 zephyr/drivers/gpio/libdrivers__gpio.a(gpio_mcux_lpc.c.obj)
 .text.lpc_gpio_init_5
                0x0000000018005068        0xc zephyr/drivers/gpio/libdrivers__gpio.a(gpio_mcux_lpc.c.obj)
 .text.lpc_gpio_init_1
                0x0000000018005074        0xc zephyr/drivers/gpio/libdrivers__gpio.a(gpio_mcux_lpc.c.obj)
 .text.lpc_gpio_init_2
                0x0000000018005080        0xc zephyr/drivers/gpio/libdrivers__gpio.a(gpio_mcux_lpc.c.obj)
 .text.lpc_gpio_init_3
                0x000000001800508c        0xc zephyr/drivers/gpio/libdrivers__gpio.a(gpio_mcux_lpc.c.obj)
 .text.lpc_gpio_init_4
                0x0000000018005098        0xc zephyr/drivers/gpio/libdrivers__gpio.a(gpio_mcux_lpc.c.obj)
 .text.pinctrl_lookup_state
                0x00000000180050a4       0x26 zephyr/drivers/pinctrl/libdrivers__pinctrl.a(common.c.obj)
                0x00000000180050a4                pinctrl_lookup_state
 .text.pinctrl_configure_pins
                0x00000000180050ca       0x3a zephyr/drivers/pinctrl/libdrivers__pinctrl.a(pinctrl_lpc_iocon.c.obj)
                0x00000000180050ca                pinctrl_configure_pins
 .text.USART_GetStatusFlags
                0x0000000018005104       0x24 zephyr/drivers/serial/libdrivers__serial.a(uart_mcux_flexcomm.c.obj)
 .text.mcux_flexcomm_poll_in
                0x0000000018005128       0x20 zephyr/drivers/serial/libdrivers__serial.a(uart_mcux_flexcomm.c.obj)
 .text.mcux_flexcomm_poll_out
                0x0000000018005148       0x18 zephyr/drivers/serial/libdrivers__serial.a(uart_mcux_flexcomm.c.obj)
 .text.mcux_flexcomm_err_check
                0x0000000018005160       0x42 zephyr/drivers/serial/libdrivers__serial.a(uart_mcux_flexcomm.c.obj)
 .text.mcux_flexcomm_fifo_fill
                0x00000000180051a2       0x32 zephyr/drivers/serial/libdrivers__serial.a(uart_mcux_flexcomm.c.obj)
 .text.mcux_flexcomm_fifo_read
                0x00000000180051d4       0x32 zephyr/drivers/serial/libdrivers__serial.a(uart_mcux_flexcomm.c.obj)
 .text.mcux_flexcomm_irq_tx_complete
                0x0000000018005206        0xc zephyr/drivers/serial/libdrivers__serial.a(uart_mcux_flexcomm.c.obj)
 .text.mcux_flexcomm_irq_tx_ready
                0x0000000018005212       0x22 zephyr/drivers/serial/libdrivers__serial.a(uart_mcux_flexcomm.c.obj)
 .text.mcux_flexcomm_irq_rx_disable
                0x0000000018005234       0x10 zephyr/drivers/serial/libdrivers__serial.a(uart_mcux_flexcomm.c.obj)
 .text.mcux_flexcomm_irq_rx_full
                0x0000000018005244       0x10 zephyr/drivers/serial/libdrivers__serial.a(uart_mcux_flexcomm.c.obj)
 .text.mcux_flexcomm_irq_err_enable
                0x0000000018005254       0x12 zephyr/drivers/serial/libdrivers__serial.a(uart_mcux_flexcomm.c.obj)
 .text.mcux_flexcomm_irq_update
                0x0000000018005266        0x4 zephyr/drivers/serial/libdrivers__serial.a(uart_mcux_flexcomm.c.obj)
 .text.mcux_flexcomm_irq_callback_set
                0x000000001800526a        0x8 zephyr/drivers/serial/libdrivers__serial.a(uart_mcux_flexcomm.c.obj)
 .text.mcux_flexcomm_uart_config_get
                0x0000000018005272       0x10 zephyr/drivers/serial/libdrivers__serial.a(uart_mcux_flexcomm.c.obj)
 .text.mcux_flexcomm_isr
                0x0000000018005282        0xc zephyr/drivers/serial/libdrivers__serial.a(uart_mcux_flexcomm.c.obj)
 .text.mcux_flexcomm_irq_config_func_0
                0x000000001800528e       0x16 zephyr/drivers/serial/libdrivers__serial.a(uart_mcux_flexcomm.c.obj)
 .text.mcux_flexcomm_irq_config_func_1
                0x00000000180052a4       0x16 zephyr/drivers/serial/libdrivers__serial.a(uart_mcux_flexcomm.c.obj)
 .text.mcux_flexcomm_irq_err_disable
                0x00000000180052ba       0x12 zephyr/drivers/serial/libdrivers__serial.a(uart_mcux_flexcomm.c.obj)
 .text.mcux_flexcomm_irq_tx_enable
                0x00000000180052cc       0x10 zephyr/drivers/serial/libdrivers__serial.a(uart_mcux_flexcomm.c.obj)
 .text.mcux_flexcomm_irq_tx_disable
                0x00000000180052dc       0x10 zephyr/drivers/serial/libdrivers__serial.a(uart_mcux_flexcomm.c.obj)
 .text.mcux_flexcomm_irq_rx_enable
                0x00000000180052ec       0x10 zephyr/drivers/serial/libdrivers__serial.a(uart_mcux_flexcomm.c.obj)
 .text.mcux_flexcomm_irq_is_pending
                0x00000000180052fc       0x2c zephyr/drivers/serial/libdrivers__serial.a(uart_mcux_flexcomm.c.obj)
 .text.mcux_flexcomm_init
                0x0000000018005328       0xac zephyr/drivers/serial/libdrivers__serial.a(uart_mcux_flexcomm.c.obj)
 .text.CLOCK_AttachClk
                0x00000000180053d4       0x3c modules/hal_nxp/hal_nxp/lib..__modules__hal__nxp.a(fsl_clock.c.obj)
                0x00000000180053d4                CLOCK_AttachClk
 .text.CLOCK_SetClkDiv
                0x0000000018005410       0x34 modules/hal_nxp/hal_nxp/lib..__modules__hal__nxp.a(fsl_clock.c.obj)
                0x0000000018005410                CLOCK_SetClkDiv
 .text.RESET_PeripheralReset
                0x0000000018005444       0x12 modules/hal_nxp/hal_nxp/lib..__modules__hal__nxp.a(fsl_reset.c.obj)
                0x0000000018005444                RESET_PeripheralReset
 .text.SystemInitHook
                0x0000000018005456        0x2 modules/hal_nxp/hal_nxp/lib..__modules__hal__nxp.a(system_MIMXRT685S_cm33.c.obj)
                0x0000000018005456                SystemInitHook
 .text.GPIO_SetPinInterruptConfig
                0x0000000018005458       0x36 modules/hal_nxp/hal_nxp/lib..__modules__hal__nxp.a(fsl_gpio.c.obj)
                0x0000000018005458                GPIO_SetPinInterruptConfig
 .text.GPIO_PinEnableInterrupt
                0x000000001800548e       0x36 modules/hal_nxp/hal_nxp/lib..__modules__hal__nxp.a(fsl_gpio.c.obj)
                0x000000001800548e                GPIO_PinEnableInterrupt
 .text.GPIO_PinDisableInterrupt
                0x00000000180054c4       0x3a modules/hal_nxp/hal_nxp/lib..__modules__hal__nxp.a(fsl_gpio.c.obj)
                0x00000000180054c4                GPIO_PinDisableInterrupt
 .text.PINT_PinInterruptClrStatus
                0x00000000180054fe       0x16 modules/hal_nxp/hal_nxp/lib..__modules__hal__nxp.a(fsl_pint.c.obj)
                0x00000000180054fe                PINT_PinInterruptClrStatus
 .text.INPUTMUX_AttachSignal
                0x0000000018005514        0xe modules/hal_nxp/hal_nxp/lib..__modules__hal__nxp.a(fsl_inputmux.c.obj)
                0x0000000018005514                INPUTMUX_AttachSignal
 .text.OSTIMER_GetCurrentTimerValue
                0x0000000018005522       0x20 modules/hal_nxp/hal_nxp/lib..__modules__hal__nxp.a(fsl_ostimer.c.obj)
                0x0000000018005522                OSTIMER_GetCurrentTimerValue
 .text.OSTIMER_SetMatchValue
                0x0000000018005542       0x10 modules/hal_nxp/hal_nxp/lib..__modules__hal__nxp.a(fsl_ostimer.c.obj)
                0x0000000018005542                OSTIMER_SetMatchValue
 .text.USART_Deinit
                0x0000000018005552       0x22 modules/hal_nxp/hal_nxp/lib..__modules__hal__nxp.a(fsl_usart.c.obj)
                0x0000000018005552                USART_Deinit
 .text.USART_GetDefaultConfig
                0x0000000018005574       0x1c modules/hal_nxp/hal_nxp/lib..__modules__hal__nxp.a(fsl_usart.c.obj)
                0x0000000018005574                USART_GetDefaultConfig
 .text.USART_SetBaudRate
                0x0000000018005590       0xb6 modules/hal_nxp/hal_nxp/lib..__modules__hal__nxp.a(fsl_usart.c.obj)
                0x0000000018005590                USART_SetBaudRate
 .text.USART_Init
                0x0000000018005646      0x138 modules/hal_nxp/hal_nxp/lib..__modules__hal__nxp.a(fsl_usart.c.obj)
                0x0000000018005646                USART_Init
 .text.USART_Enable9bitMode
                0x000000001800577e       0x1e modules/hal_nxp/hal_nxp/lib..__modules__hal__nxp.a(fsl_usart.c.obj)
                0x000000001800577e                USART_Enable9bitMode
 .text.z_device_state_init
                0x000000001800579c        0x2 zephyr/kernel/libkernel.a(device.c.obj)
                0x000000001800579c                z_device_state_init
 .text.z_device_is_ready
                0x000000001800579e       0x16 zephyr/kernel/libkernel.a(device.c.obj)
                0x000000001800579e                z_device_is_ready
 .text.arch_system_halt
                0x00000000180057b4       0x12 zephyr/kernel/libkernel.a(fatal.c.obj)
                0x00000000180057b4                arch_system_halt
 .text.k_sys_fatal_error_handler
                0x00000000180057c6        0x6 zephyr/kernel/libkernel.a(fatal.c.obj)
                0x00000000180057c6                k_sys_fatal_error_handler
 .text.z_early_memset
                0x00000000180057cc        0x4 zephyr/kernel/libkernel.a(init.c.obj)
                0x00000000180057cc                z_early_memset
 .text.z_early_memcpy
                0x00000000180057d0        0x4 zephyr/kernel/libkernel.a(init.c.obj)
                0x00000000180057d0                z_early_memcpy
 .text.idle     0x00000000180057d4       0x18 zephyr/kernel/libkernel.a(idle.c.obj)
                0x00000000180057d4                idle
 .text.sys_dlist_remove
                0x00000000180057ec       0x10 zephyr/kernel/libkernel.a(sched.c.obj)
 .text.unpend_thread_no_timeout
                0x00000000180057fc       0x14 zephyr/kernel/libkernel.a(sched.c.obj)
 .text.z_ready_thread
                0x0000000018005810       0x20 zephyr/kernel/libkernel.a(sched.c.obj)
                0x0000000018005810                z_ready_thread
 .text.z_sched_wake_thread
                0x0000000018005830       0x44 zephyr/kernel/libkernel.a(sched.c.obj)
                0x0000000018005830                z_sched_wake_thread
 .text.z_thread_timeout
                0x0000000018005874        0x8 zephyr/kernel/libkernel.a(sched.c.obj)
                0x0000000018005874                z_thread_timeout
 .text.z_reschedule_irqlock
                0x000000001800587c       0x18 zephyr/kernel/libkernel.a(sched.c.obj)
                0x000000001800587c                z_reschedule_irqlock
 .text.z_reschedule_unlocked
                0x0000000018005894       0x14 zephyr/kernel/libkernel.a(sched.c.obj)
 .text.z_abort_timeout
                0x00000000180058a8       0x2c zephyr/kernel/libkernel.a(timeout.c.obj)
                0x00000000180058a8                z_abort_timeout
 .text.sys_clock_tick_get_32
                0x00000000180058d4        0x8 zephyr/kernel/libkernel.a(timeout.c.obj)
                0x00000000180058d4                sys_clock_tick_get_32
 .text.bss_zeroing_relocation
                0x00000000180058dc        0x2 zephyr/libcode_relocation_source_lib.a(code_relocation.c.obj)
                0x00000000180058dc                bss_zeroing_relocation
 .text.strnlen  0x00000000180058de       0x18 c:\users\ext_basver\zephyr-sdk-0.16.5-1\arm-zephyr-eabi\bin\../lib/gcc/../../picolibc/arm-zephyr-eabi/lib/thumb/v8-m.main/nofp\libc.a(libc_string_strnlen.c.o)
                0x00000000180058de                strnlen
 .text.__ultoa_invert
                0x00000000180058f6       0x34 c:\users\ext_basver\zephyr-sdk-0.16.5-1\arm-zephyr-eabi\bin\../lib/gcc/../../picolibc/arm-zephyr-eabi/lib/thumb/v8-m.main/nofp\libc.a(libc_tinystdio_vfiprintf.c.o)
 .text.memcpy   0x000000001800592a       0x1a c:\users\ext_basver\zephyr-sdk-0.16.5-1\arm-zephyr-eabi\bin\../lib/gcc/../../picolibc/arm-zephyr-eabi/lib/thumb/v8-m.main/nofp\libc.a(memcpy.c.o)
                0x000000001800592a                __aeabi_memcpy
                0x000000001800592a                __aeabi_memcpy4
                0x000000001800592a                __aeabi_memcpy8
                0x000000001800592a                memcpy
 .text.memset   0x0000000018005944       0x10 c:\users\ext_basver\zephyr-sdk-0.16.5-1\arm-zephyr-eabi\bin\../lib/gcc/../../picolibc/arm-zephyr-eabi/lib/thumb/v8-m.main/nofp\libc.a(memset.c.o)
                0x0000000018005944                memset
 *(SORT_BY_ALIGNMENT(.TEXT.*))
 .TEXT.__aeabi_read_tp
                0x0000000018005954        0xc zephyr/arch/arch/arm/core/cortex_m/libarch__arm__core__cortex_m.a(__aeabi_read_tp.S.obj)
                0x0000000018005954                __aeabi_read_tp
 .TEXT.__aeabi_read_tp.__stub
                0x0000000018005960       0x10 linker stubs
 *(SORT_BY_ALIGNMENT(.gnu.linkonce.t.*))
 *(SORT_BY_ALIGNMENT(.glue_7t))
 .glue_7t       0x0000000018005970        0x0 linker stubs
 *(SORT_BY_ALIGNMENT(.glue_7))
 .glue_7        0x0000000018005970        0x0 linker stubs
 *(SORT_BY_ALIGNMENT(.vfp11_veneer))
 .vfp11_veneer  0x0000000018005970        0x0 linker stubs
 *(SORT_BY_ALIGNMENT(.v4_bx))
 .v4_bx         0x0000000018005970        0x0 linker stubs
                0x0000000018005970                . = ALIGN (0x4)
                0x0000000018005970                __text_region_end = .

.ARM.exidx      0x0000000018005970        0x8
                0x0000000018005970                __exidx_start = .
 *(SORT_BY_ALIGNMENT(.ARM.exidx*) SORT_BY_ALIGNMENT(gnu.linkonce.armexidx.*))
 .ARM.exidx     0x0000000018005970        0x8 c:/users/ext_basver/zephyr-sdk-0.16.5-1/arm-zephyr-eabi/bin/../lib/gcc/arm-zephyr-eabi/12.2.0/thumb/v8-m.main/nofp\libgcc.a(_udivmoddi4.o)
                0x0000000018005978                __exidx_end = .
                0x0000000018005978                __rodata_region_start = .

initlevel       0x0000000018005978       0x80
                0x0000000018005978                __init_start = .
                0x0000000018005978                __init_EARLY_start = .
 *(SORT_BY_NAME(SORT_BY_ALIGNMENT(.z_init_EARLY?_*)))
 *(SORT_BY_NAME(SORT_BY_ALIGNMENT(.z_init_EARLY??_*)))
                0x0000000018005978                __init_PRE_KERNEL_1_start = .
 *(SORT_BY_NAME(SORT_BY_ALIGNMENT(.z_init_PRE_KERNEL_1?_*)))
 .z_init_PRE_KERNEL_10_0_
                0x0000000018005978        0x8 zephyr/libzephyr.a(soc.c.obj)
 *(SORT_BY_NAME(SORT_BY_ALIGNMENT(.z_init_PRE_KERNEL_1??_*)))
 .z_init_PRE_KERNEL_130_00023_
                0x0000000018005980        0x8 zephyr/drivers/clock_control/libdrivers__clock_control.a(clock_control_mcux_syscon.c.obj)
 .z_init_PRE_KERNEL_130_00032_
                0x0000000018005988        0x8 zephyr/drivers/clock_control/libdrivers__clock_control.a(clock_control_mcux_syscon.c.obj)
 .z_init_PRE_KERNEL_140_00013_
                0x0000000018005990        0x8 zephyr/drivers/gpio/libdrivers__gpio.a(gpio_mcux_lpc.c.obj)
 .z_init_PRE_KERNEL_140_00015_
                0x0000000018005998        0x8 zephyr/drivers/gpio/libdrivers__gpio.a(gpio_mcux_lpc.c.obj)
 .z_init_PRE_KERNEL_140_00052_
                0x00000000180059a0        0x8 zephyr/drivers/gpio/libdrivers__gpio.a(gpio_mcux_lpc.c.obj)
 .z_init_PRE_KERNEL_140_00053_
                0x00000000180059a8        0x8 zephyr/drivers/gpio/libdrivers__gpio.a(gpio_mcux_lpc.c.obj)
 .z_init_PRE_KERNEL_140_00054_
                0x00000000180059b0        0x8 zephyr/drivers/gpio/libdrivers__gpio.a(gpio_mcux_lpc.c.obj)
 .z_init_PRE_KERNEL_140_00059_
                0x00000000180059b8        0x8 zephyr/drivers/interrupt_controller/libdrivers__interrupt_controller.a(intc_nxp_pint.c.obj)
 .z_init_PRE_KERNEL_140_00101_
                0x00000000180059c0        0x8 zephyr/drivers/gpio/libdrivers__gpio.a(gpio_mcux_lpc.c.obj)
 .z_init_PRE_KERNEL_145_0_
                0x00000000180059c8        0x8 zephyr/boards/arm/mimxrt685_evk/libboards__arm__mimxrt685_evk.a(init.c.obj)
 .z_init_PRE_KERNEL_155_00041_
                0x00000000180059d0        0x8 zephyr/drivers/serial/libdrivers__serial.a(uart_mcux_flexcomm.c.obj)
 .z_init_PRE_KERNEL_155_00047_
                0x00000000180059d8        0x8 zephyr/drivers/serial/libdrivers__serial.a(uart_mcux_flexcomm.c.obj)
 .z_init_PRE_KERNEL_160_0_
                0x00000000180059e0        0x8 zephyr/drivers/console/libdrivers__console.a(uart_console.c.obj)
                0x00000000180059e8                __init_PRE_KERNEL_2_start = .
 *(SORT_BY_NAME(SORT_BY_ALIGNMENT(.z_init_PRE_KERNEL_2?_*)))
 .z_init_PRE_KERNEL_20_0_
                0x00000000180059e8        0x8 zephyr/drivers/timer/libdrivers__timer.a(mcux_os_timer.c.obj)
 *(SORT_BY_NAME(SORT_BY_ALIGNMENT(.z_init_PRE_KERNEL_2??_*)))
                0x00000000180059f0                __init_POST_KERNEL_start = .
 *(SORT_BY_NAME(SORT_BY_ALIGNMENT(.z_init_POST_KERNEL?_*)))
 *(SORT_BY_NAME(SORT_BY_ALIGNMENT(.z_init_POST_KERNEL??_*)))
 .z_init_POST_KERNEL40_0_
                0x00000000180059f0        0x8 zephyr/lib/libc/common/liblib__libc__common.a(malloc.c.obj)
                0x00000000180059f8                __init_APPLICATION_start = .
 *(SORT_BY_NAME(SORT_BY_ALIGNMENT(.z_init_APPLICATION?_*)))
 *(SORT_BY_NAME(SORT_BY_ALIGNMENT(.z_init_APPLICATION??_*)))
                0x00000000180059f8                __init_SMP_start = .
 *(SORT_BY_NAME(SORT_BY_ALIGNMENT(.z_init_SMP?_*)))
 *(SORT_BY_NAME(SORT_BY_ALIGNMENT(.z_init_SMP??_*)))
                0x00000000180059f8                __init_end = .

device_area     0x00000000180059f8       0xdc
                0x00000000180059f8                _device_list_start = .
 *(SORT_BY_NAME(SORT_BY_ALIGNMENT(._device.static.*_?_*)))
 *(SORT_BY_NAME(SORT_BY_ALIGNMENT(._device.static.*_??_*)))
 ._device.static.1_30_
                0x00000000180059f8       0x28 zephyr/drivers/clock_control/libdrivers__clock_control.a(clock_control_mcux_syscon.c.obj)
                0x00000000180059f8                __device_dts_ord_23
                0x0000000018005a0c                __device_dts_ord_32
 ._device.static.1_40_
                0x0000000018005a20       0x14 zephyr/drivers/interrupt_controller/libdrivers__interrupt_controller.a(intc_nxp_pint.c.obj)
                0x0000000018005a20                __device_dts_ord_59
 ._device.static.1_40_
                0x0000000018005a34       0x78 zephyr/drivers/gpio/libdrivers__gpio.a(gpio_mcux_lpc.c.obj)
                0x0000000018005a34                __device_dts_ord_54
                0x0000000018005a48                __device_dts_ord_53
                0x0000000018005a5c                __device_dts_ord_52
                0x0000000018005a70                __device_dts_ord_101
                0x0000000018005a84                __device_dts_ord_13
                0x0000000018005a98                __device_dts_ord_15
 ._device.static.1_55_
                0x0000000018005aac       0x28 zephyr/drivers/serial/libdrivers__serial.a(uart_mcux_flexcomm.c.obj)
                0x0000000018005aac                __device_dts_ord_47
                0x0000000018005ac0                __device_dts_ord_41
                0x0000000018005ad4                _device_list_end = .

sw_isr_table    0x0000000018005ad4      0x1e0
                0x0000000018005ad4                . = ALIGN (0x4)
 *(SORT_BY_ALIGNMENT(.gnu.linkonce.sw_isr_table*))
 .gnu.linkonce.sw_isr_table
                0x0000000018005ad4      0x1e0 zephyr/CMakeFiles/zephyr_final.dir/isr_tables.c.obj
                0x0000000018005ad4                _sw_isr_table

initlevel_error
                0x0000000018005978        0x0
 *(SORT_BY_NAME(SORT_BY_ALIGNMENT(.z_init_[_A-Z0-9]*)))
                0x0000000000000001                ASSERT ((SIZEOF (initlevel_error) == 0x0), Undefined initialization levels used.)

app_shmem_regions
                0x0000000018005cb4        0x0
                0x0000000018005cb4                __app_shmem_regions_start = .
 *(SORT_BY_NAME(SORT_BY_ALIGNMENT(.app_regions.*)))
                0x0000000018005cb4                __app_shmem_regions_end = .

k_p4wq_initparam_area
                0x0000000018005cb4        0x0
                0x0000000018005cb4                _k_p4wq_initparam_list_start = .
 *(SORT_BY_NAME(SORT_BY_ALIGNMENT(._k_p4wq_initparam.static.*)))
                0x0000000018005cb4                _k_p4wq_initparam_list_end = .

_static_thread_data_area
                0x0000000018005cb4        0x0
                0x0000000018005cb4                __static_thread_data_list_start = .
 *(SORT_BY_NAME(SORT_BY_ALIGNMENT(.__static_thread_data.static.*)))
                0x0000000018005cb4                __static_thread_data_list_end = .

device_deps     0x0000000018005cb4        0x0
                0x0000000018005cb4                __device_deps_start = .
 *(SORT_BY_NAME(SORT_BY_ALIGNMENT(.__device_deps_pass2*)))
                0x0000000018005cb4                __device_deps_end = .

ztest           0x0000000018005cb4        0x0
                0x0000000018005cb4                _ztest_expected_result_entry_list_start = .
 *(SORT_BY_NAME(SORT_BY_ALIGNMENT(._ztest_expected_result_entry.static.*)))
                0x0000000018005cb4                _ztest_expected_result_entry_list_end = .
                0x0000000018005cb4                _ztest_suite_node_list_start = .
 *(SORT_BY_NAME(SORT_BY_ALIGNMENT(._ztest_suite_node.static.*)))
                0x0000000018005cb4                _ztest_suite_node_list_end = .
                0x0000000018005cb4                _ztest_unit_test_list_start = .
 *(SORT_BY_NAME(SORT_BY_ALIGNMENT(._ztest_unit_test.static.*)))
                0x0000000018005cb4                _ztest_unit_test_list_end = .
                0x0000000018005cb4                _ztest_test_rule_list_start = .
 *(SORT_BY_NAME(SORT_BY_ALIGNMENT(._ztest_test_rule.static.*)))
                0x0000000018005cb4                _ztest_test_rule_list_end = .

bt_l2cap_fixed_chan_area
                0x0000000018005cb4        0x0
                0x0000000018005cb4                _bt_l2cap_fixed_chan_list_start = .
 *(SORT_BY_NAME(SORT_BY_ALIGNMENT(._bt_l2cap_fixed_chan.static.*)))
                0x0000000018005cb4                _bt_l2cap_fixed_chan_list_end = .

bt_gatt_service_static_area
                0x0000000018005cb4        0x0
                0x0000000018005cb4                _bt_gatt_service_static_list_start = .
 *(SORT_BY_NAME(SORT_BY_ALIGNMENT(._bt_gatt_service_static.static.*)))
                0x0000000018005cb4                _bt_gatt_service_static_list_end = .

log_strings_area
                0x0000000018005cb4        0x0
                0x0000000018005cb4                _log_strings_list_start = .
 *(SORT_BY_NAME(SORT_BY_ALIGNMENT(._log_strings.static.*)))
                0x0000000018005cb4                _log_strings_list_end = .

log_const_area  0x0000000018005cb4        0x0
                0x0000000018005cb4                _log_const_list_start = .
 *(SORT_BY_NAME(SORT_BY_ALIGNMENT(._log_const.static.*)))
                0x0000000018005cb4                _log_const_list_end = .

log_backend_area
                0x0000000018005cb4        0x0
                0x0000000018005cb4                _log_backend_list_start = .
 *(SORT_BY_NAME(SORT_BY_ALIGNMENT(._log_backend.static.*)))
                0x0000000018005cb4                _log_backend_list_end = .

log_link_area   0x0000000018005cb4        0x0
                0x0000000018005cb4                _log_link_list_start = .
 *(SORT_BY_NAME(SORT_BY_ALIGNMENT(._log_link.static.*)))
                0x0000000018005cb4                _log_link_list_end = .

tracing_backend_area
                0x0000000018005cb4        0x0
                0x0000000018005cb4                _tracing_backend_list_start = .
 *(SORT_BY_NAME(SORT_BY_ALIGNMENT(._tracing_backend.static.*)))
                0x0000000018005cb4                _tracing_backend_list_end = .

zephyr_dbg_info
 *(SORT_BY_ALIGNMENT(.dbg_thread_info))

symbol_to_keep  0x0000000018005cb4        0x0
                0x0000000018005cb4                __symbol_to_keep_start = .
 *(SORT_BY_NAME(SORT_BY_ALIGNMENT(.symbol_to_keep*)))
                0x0000000018005cb4                __symbol_to_keep_end = .

shell_area      0x0000000018005cb4        0x0
                0x0000000018005cb4                _shell_list_start = .
 *(SORT_BY_NAME(SORT_BY_ALIGNMENT(._shell.static.*)))
                0x0000000018005cb4                _shell_list_end = .

shell_root_cmds_area
                0x0000000018005cb4        0x0
                0x0000000018005cb4                _shell_root_cmds_list_start = .
 *(SORT_BY_NAME(SORT_BY_ALIGNMENT(._shell_root_cmds.static.*)))
                0x0000000018005cb4                _shell_root_cmds_list_end = .

shell_subcmds_area
                0x0000000018005cb4        0x0
                0x0000000018005cb4                _shell_subcmds_list_start = .
 *(SORT_BY_NAME(SORT_BY_ALIGNMENT(._shell_subcmds.static.*)))
                0x0000000018005cb4                _shell_subcmds_list_end = .

shell_dynamic_subcmds_area
                0x0000000018005cb4        0x0
                0x0000000018005cb4                _shell_dynamic_subcmds_list_start = .
 *(SORT_BY_NAME(SORT_BY_ALIGNMENT(._shell_dynamic_subcmds.static.*)))
                0x0000000018005cb4                _shell_dynamic_subcmds_list_end = .

cfb_font_area   0x0000000018005cb4        0x0
                0x0000000018005cb4                _cfb_font_list_start = .
 *(SORT_BY_NAME(SORT_BY_ALIGNMENT(._cfb_font.static.*)))
                0x0000000018005cb4                _cfb_font_list_end = .

tdata           0x0000000018005cb4        0x0
 *(SORT_BY_ALIGNMENT(.tdata) SORT_BY_ALIGNMENT(.tdata.*) SORT_BY_ALIGNMENT(.gnu.linkonce.td.*))

tbss            0x0000000018005cb4        0x4
 *(SORT_BY_ALIGNMENT(.tbss) SORT_BY_ALIGNMENT(.tbss.*) SORT_BY_ALIGNMENT(.gnu.linkonce.tb.*) SORT_BY_ALIGNMENT(.tcommon))
 .tbss.z_tls_current
                0x0000000018005cb4        0x4 zephyr/libzephyr.a(thread_entry.c.obj)
                0x0000000018005cb4                z_tls_current
                0x0000000018005cb4                PROVIDE (__tdata_start = LOADADDR (tdata))
                0x0000000000000000                PROVIDE (__tdata_size = SIZEOF (tdata))
                [!provide]                        PROVIDE (__tdata_end = (__tdata_start + __tdata_size))
                0x0000000000000001                PROVIDE (__tdata_align = ALIGNOF (tdata))
                [!provide]                        PROVIDE (__tbss_start = ADDR (tbss))
                0x0000000000000004                PROVIDE (__tbss_size = SIZEOF (tbss))
                [!provide]                        PROVIDE (__tbss_end = (__tbss_start + __tbss_size))
                0x0000000000000004                PROVIDE (__tbss_align = ALIGNOF (tbss))
                [!provide]                        PROVIDE (__tls_start = __tdata_start)
                [!provide]                        PROVIDE (__tls_end = __tbss_end)
                [!provide]                        PROVIDE (__tls_size = (__tbss_end - __tdata_start))

rodata          0x0000000018005cb4      0x340
 *(SORT_BY_ALIGNMENT(.rodata))
 *(SORT_BY_ALIGNMENT(.rodata.*))
 .rodata.bouton
                0x0000000018005cb4        0x8 app/libapp.a(main.c.obj)
 .rodata.led2   0x0000000018005cbc        0x8 app/libapp.a(main.c.obj)
 .rodata.led1   0x0000000018005cc4        0x8 app/libapp.a(main.c.obj)
 .rodata.g_sysPllConfig
                0x0000000018005ccc       0x10 zephyr/libzephyr.a(soc.c.obj)
                0x0000000018005ccc                g_sysPllConfig
 .rodata.mem_attr_region
                0x0000000018005cdc       0x10 zephyr/libzephyr.a(mem_attr.c.obj)
 .rodata.static_regions
                0x0000000018005cec       0x18 zephyr/arch/arch/arm/core/mpu/libarch__arm__core__mpu.a(arm_core_mpu.c.obj)
 .rodata.mpu_config
                0x0000000018005d04        0x8 zephyr/soc/soc/arm/common/cortex_m/libsoc__arm__common__cortex_m.a(arm_mpu_regions.c.obj)
                0x0000000018005d04                mpu_config
 .rodata.mpu_regions
                0x0000000018005d0c       0x20 zephyr/soc/soc/arm/common/cortex_m/libsoc__arm__common__cortex_m.a(arm_mpu_regions.c.obj)
 .rodata.mcux_lpc_syscon_api
                0x0000000018005d2c       0x1c zephyr/drivers/clock_control/libdrivers__clock_control.a(clock_control_mcux_syscon.c.obj)
 .rodata.gpio_mcux_lpc_config_5
                0x0000000018005d48       0x18 zephyr/drivers/gpio/libdrivers__gpio.a(gpio_mcux_lpc.c.obj)
 .rodata.gpio_mcux_lpc_config_4
                0x0000000018005d60       0x18 zephyr/drivers/gpio/libdrivers__gpio.a(gpio_mcux_lpc.c.obj)
 .rodata.gpio_mcux_lpc_config_3
                0x0000000018005d78       0x18 zephyr/drivers/gpio/libdrivers__gpio.a(gpio_mcux_lpc.c.obj)
 .rodata.gpio_mcux_lpc_config_2
                0x0000000018005d90       0x18 zephyr/drivers/gpio/libdrivers__gpio.a(gpio_mcux_lpc.c.obj)
 .rodata.gpio_mcux_lpc_config_1
                0x0000000018005da8       0x18 zephyr/drivers/gpio/libdrivers__gpio.a(gpio_mcux_lpc.c.obj)
 .rodata.gpio_mcux_lpc_config_0
                0x0000000018005dc0       0x18 zephyr/drivers/gpio/libdrivers__gpio.a(gpio_mcux_lpc.c.obj)
 .rodata.gpio_mcux_lpc_driver_api
                0x0000000018005dd8       0x24 zephyr/drivers/gpio/libdrivers__gpio.a(gpio_mcux_lpc.c.obj)
 .rodata.mcux_flexcomm_1_config
                0x0000000018005dfc       0x1c zephyr/drivers/serial/libdrivers__serial.a(uart_mcux_flexcomm.c.obj)
 .rodata.__pinctrl_dev_config__device_dts_ord_47
                0x0000000018005e18        0x8 zephyr/drivers/serial/libdrivers__serial.a(uart_mcux_flexcomm.c.obj)
 .rodata.__pinctrl_states__device_dts_ord_47
                0x0000000018005e20        0x8 zephyr/drivers/serial/libdrivers__serial.a(uart_mcux_flexcomm.c.obj)
 .rodata.__pinctrl_state_pins_0__device_dts_ord_47
                0x0000000018005e28        0x8 zephyr/drivers/serial/libdrivers__serial.a(uart_mcux_flexcomm.c.obj)
 .rodata.mcux_flexcomm_0_config
                0x0000000018005e30       0x1c zephyr/drivers/serial/libdrivers__serial.a(uart_mcux_flexcomm.c.obj)
 .rodata.__pinctrl_dev_config__device_dts_ord_41
                0x0000000018005e4c        0x8 zephyr/drivers/serial/libdrivers__serial.a(uart_mcux_flexcomm.c.obj)
 .rodata.__pinctrl_states__device_dts_ord_41
                0x0000000018005e54        0x8 zephyr/drivers/serial/libdrivers__serial.a(uart_mcux_flexcomm.c.obj)
 .rodata.__pinctrl_state_pins_0__device_dts_ord_41
                0x0000000018005e5c        0x8 zephyr/drivers/serial/libdrivers__serial.a(uart_mcux_flexcomm.c.obj)
 .rodata.mcux_flexcomm_driver_api
                0x0000000018005e64       0x4c zephyr/drivers/serial/libdrivers__serial.a(uart_mcux_flexcomm.c.obj)
 .rodata.s_flexcommBaseAddrs
                0x0000000018005eb0       0x28 modules/hal_nxp/hal_nxp/lib..__modules__hal__nxp.a(fsl_flexcomm.c.obj)
 .rodata._k_neg_eagain
                0x0000000018005ed8        0x4 zephyr/kernel/libkernel.a(errno.c.obj)
                0x0000000018005ed8                _k_neg_eagain
 .rodata.levels.0
                0x0000000018005edc       0x18 zephyr/kernel/libkernel.a(init.c.obj)
 .rodata.s_gpioClockName
                0x0000000018005ef4       0x10 modules/hal_nxp/hal_nxp/lib..__modules__hal__nxp.a(fsl_gpio.c.obj)
 .rodata.s_flexcommClocks
                0x0000000018005f04       0x14 modules/hal_nxp/hal_nxp/lib..__modules__hal__nxp.a(fsl_flexcomm.c.obj)
 .rodata.main.str1.1
                0x0000000018005f18        0x4 app/libapp.a(main.c.obj)
 .rodata.str1.1
                0x0000000018005f1c       0x10 zephyr/libzephyr.a(mem_attr.c.obj)
 .rodata.str1.1
                0x0000000018005f2c        0xf zephyr/soc/soc/arm/common/cortex_m/libsoc__arm__common__cortex_m.a(arm_mpu_regions.c.obj)
 .rodata.str1.1
                0x0000000018005f3b        0xb zephyr/drivers/interrupt_controller/libdrivers__interrupt_controller.a(intc_nxp_pint.c.obj)
 .rodata.str1.1
                0x0000000018005f46       0x19 zephyr/drivers/clock_control/libdrivers__clock_control.a(clock_control_mcux_syscon.c.obj)
 .rodata.str1.1
                0x0000000018005f5f       0x2a zephyr/drivers/gpio/libdrivers__gpio.a(gpio_mcux_lpc.c.obj)
 .rodata.CSWTCH.38
                0x0000000018005f89        0x3 zephyr/drivers/serial/libdrivers__serial.a(uart_mcux_flexcomm.c.obj)
 .rodata.CSWTCH.37
                0x0000000018005f8c        0x3 zephyr/drivers/serial/libdrivers__serial.a(uart_mcux_flexcomm.c.obj)
 .rodata.str1.1
                0x0000000018005f8f       0x20 zephyr/drivers/serial/libdrivers__serial.a(uart_mcux_flexcomm.c.obj)
 .rodata.z_cstart.str1.1
                0x0000000018005faf        0x5 zephyr/kernel/libkernel.a(init.c.obj)
 .rodata.boot_banner.str1.1
                0x0000000018005fb4       0x2f zephyr/kernel/libkernel.a(banner.c.obj)
 .rodata.__i_vfprintf.str1.1
                0x0000000018005fe3        0xf c:\users\ext_basver\zephyr-sdk-0.16.5-1\arm-zephyr-eabi\bin\../lib/gcc/../../picolibc/arm-zephyr-eabi/lib/thumb/v8-m.main/nofp\libc.a(libc_tinystdio_vfiprintf.c.o)
 *(SORT_BY_ALIGNMENT(.gnu.linkonce.r.*))
                0x0000000018005ff4                . = ALIGN (0x4)
 *fill*         0x0000000018005ff2        0x2 
                0x0000000018005ff4                __rodata_region_end = .
                0x0000000018006000                . = ALIGN (_region_min_align)
                0x0000000018006000                __rom_region_end = ((__rom_region_start + .) - ADDR (rom_start))

/DISCARD/
 *(SORT_BY_ALIGNMENT(.got.plt))
 *(SORT_BY_ALIGNMENT(.igot.plt))
 *(SORT_BY_ALIGNMENT(.got))
 *(SORT_BY_ALIGNMENT(.igot))
                0x0000000030180000                . = 0x30180000
                0x0000000030180000                . = ALIGN (_region_min_align)
                0x0000000030180000                _image_ram_start = .

.ramfunc        0x0000000030180100      0x940 load address 0x0000000018005ff4
                0x0000000030180100                . = ALIGN (_region_min_align)
                0x0000000030180100                __ramfunc_start = .
 *(SORT_BY_ALIGNMENT(.ramfunc))
 *(SORT_BY_ALIGNMENT(.ramfunc.*))
                0x0000000030180100                . = ALIGN (0x4)
 *(SORT_BY_ALIGNMENT(CodeQuickAccess))
 CodeQuickAccess
                0x0000000030180100      0x930 modules/hal_nxp/hal_nxp/lib..__modules__hal__nxp.a(fsl_power.c.obj)
                0x000000003018041c                POWER_EnterRbb
                0x00000000301804f4                POWER_EnterFbb
                0x00000000301805cc                POWER_EnterNbb
                0x000000003018069c                POWER_EnterDeepSleep
                0x0000000030180a40                . = ALIGN (_region_min_align)
 *fill*         0x0000000030180a30       0x10 
                0x0000000030180a40                __ramfunc_end = .
                0x0000000000000940                __ramfunc_size = (__ramfunc_end - __ramfunc_start)
                0x0000000018005ff4                __ramfunc_load_start = LOADADDR (.ramfunc)

datas           0x0000000030180a40       0x38 load address 0x0000000018006934
                0x0000000030180a40                __data_region_start = .
                0x0000000030180a40                __data_start = .
 *(SORT_BY_ALIGNMENT(.data))
 *(SORT_BY_ALIGNMENT(.data.*))
 .data._char_out
                0x0000000030180a40        0x4 zephyr/libzephyr.a(printk.c.obj)
                0x0000000030180a40                _char_out
 .data.__stdout
                0x0000000030180a44       0x10 zephyr/lib/libc/picolibc/liblib__libc__picolibc.a(libc-hooks.c.obj)
 .data.SystemCoreClock
                0x0000000030180a54        0x4 modules/hal_nxp/hal_nxp/lib..__modules__hal__nxp.a(system_MIMXRT685S_cm33.c.obj)
                0x0000000030180a54                SystemCoreClock
 .data.timeout_list
                0x0000000030180a58        0x8 zephyr/kernel/libkernel.a(timeout.c.obj)
 .data.nxp_pint_idx_1.1
                0x0000000030180a60        0x1 zephyr/drivers/interrupt_controller/libdrivers__interrupt_controller.a(intc_nxp_pint.c.obj)
 .data.nxp_pint_idx_2.2
                0x0000000030180a61        0x1 zephyr/drivers/interrupt_controller/libdrivers__interrupt_controller.a(intc_nxp_pint.c.obj)
 .data.nxp_pint_idx_3.3
                0x0000000030180a62        0x1 zephyr/drivers/interrupt_controller/libdrivers__interrupt_controller.a(intc_nxp_pint.c.obj)
 .data.nxp_pint_idx_4.4
                0x0000000030180a63        0x1 zephyr/drivers/interrupt_controller/libdrivers__interrupt_controller.a(intc_nxp_pint.c.obj)
 .data.nxp_pint_idx_5.5
                0x0000000030180a64        0x1 zephyr/drivers/interrupt_controller/libdrivers__interrupt_controller.a(intc_nxp_pint.c.obj)
 .data.nxp_pint_idx_6.6
                0x0000000030180a65        0x1 zephyr/drivers/interrupt_controller/libdrivers__interrupt_controller.a(intc_nxp_pint.c.obj)
 .data.nxp_pint_idx_7.7
                0x0000000030180a66        0x1 zephyr/drivers/interrupt_controller/libdrivers__interrupt_controller.a(intc_nxp_pint.c.obj)
 *(SORT_BY_ALIGNMENT(.kernel.*))
                0x0000000030180a68                . = ALIGN (0x4)
 *fill*         0x0000000030180a67        0x1 
 *(SORT_BY_ALIGNMENT(DataQuickAccess))
 DataQuickAccess
                0x0000000030180a68       0x10 modules/hal_nxp/hal_nxp/lib..__modules__hal__nxp.a(fsl_power.c.obj)
                0x0000000030180a78                __data_end = .
                0x0000000000000038                __data_size = (__data_end - __data_start)
                0x0000000018006934                __data_load_start = LOADADDR (datas)
                0x0000000018006934                __data_region_load_start = LOADADDR (datas)

device_states   0x0000000030180a78       0x16 load address 0x000000001800696c
                0x0000000030180a78                __device_states_start = .
 *(SORT_BY_ALIGNMENT(.z_devstate))
 .z_devstate    0x0000000030180a78        0x2 zephyr/drivers/interrupt_controller/libdrivers__interrupt_controller.a(intc_nxp_pint.c.obj)
 .z_devstate    0x0000000030180a7a        0x4 zephyr/drivers/clock_control/libdrivers__clock_control.a(clock_control_mcux_syscon.c.obj)
 .z_devstate    0x0000000030180a7e        0xc zephyr/drivers/gpio/libdrivers__gpio.a(gpio_mcux_lpc.c.obj)
 .z_devstate    0x0000000030180a8a        0x4 zephyr/drivers/serial/libdrivers__serial.a(uart_mcux_flexcomm.c.obj)
 *(SORT_BY_ALIGNMENT(.z_devstate.*))
                0x0000000030180a8e                __device_states_end = .

log_mpsc_pbuf_area
                0x0000000030180a8e        0x0 load address 0x0000000018006982
                0x0000000030180a8e                _log_mpsc_pbuf_list_start = .
 *(SORT_BY_NAME(SORT_BY_ALIGNMENT(._log_mpsc_pbuf.static.*)))
                0x0000000030180a8e                _log_mpsc_pbuf_list_end = .

log_msg_ptr_area
                0x0000000030180a8e        0x0 load address 0x0000000018006982
                0x0000000030180a8e                _log_msg_ptr_list_start = .
 *(SORT_BY_NAME(SORT_BY_ALIGNMENT(._log_msg_ptr.static.*)))
                0x0000000030180a8e                _log_msg_ptr_list_end = .

log_dynamic_area
                0x0000000030180a8e        0x0 load address 0x0000000018006982
                0x0000000030180a8e                _log_dynamic_list_start = .
 *(SORT_BY_NAME(SORT_BY_ALIGNMENT(._log_dynamic.static.*)))
                0x0000000030180a8e                _log_dynamic_list_end = .

k_timer_area    0x0000000030180a8e        0x0 load address 0x0000000018006982
                0x0000000030180a8e                _k_timer_list_start = .
 *(SORT_BY_NAME(SORT_BY_ALIGNMENT(._k_timer.static.*)))
                0x0000000030180a8e                _k_timer_list_end = .

k_mem_slab_area
                0x0000000030180a8e        0x0 load address 0x0000000018006982
                0x0000000030180a8e                _k_mem_slab_list_start = .
 *(SORT_BY_NAME(SORT_BY_ALIGNMENT(._k_mem_slab.static.*)))
                0x0000000030180a8e                _k_mem_slab_list_end = .

k_heap_area     0x0000000030180a8e        0x0 load address 0x0000000018006982
                0x0000000030180a8e                _k_heap_list_start = .
 *(SORT_BY_NAME(SORT_BY_ALIGNMENT(._k_heap.static.*)))
                0x0000000030180a8e                _k_heap_list_end = .

k_mutex_area    0x0000000030180a8e        0x0 load address 0x0000000018006982
                0x0000000030180a8e                _k_mutex_list_start = .
 *(SORT_BY_NAME(SORT_BY_ALIGNMENT(._k_mutex.static.*)))
                0x0000000030180a8e                _k_mutex_list_end = .

k_stack_area    0x0000000030180a8e        0x0 load address 0x0000000018006982
                0x0000000030180a8e                _k_stack_list_start = .
 *(SORT_BY_NAME(SORT_BY_ALIGNMENT(._k_stack.static.*)))
                0x0000000030180a8e                _k_stack_list_end = .

k_msgq_area     0x0000000030180a8e        0x0 load address 0x0000000018006982
                0x0000000030180a8e                _k_msgq_list_start = .
 *(SORT_BY_NAME(SORT_BY_ALIGNMENT(._k_msgq.static.*)))
                0x0000000030180a8e                _k_msgq_list_end = .

k_mbox_area     0x0000000030180a8e        0x0 load address 0x0000000018006982
                0x0000000030180a8e                _k_mbox_list_start = .
 *(SORT_BY_NAME(SORT_BY_ALIGNMENT(._k_mbox.static.*)))
                0x0000000030180a8e                _k_mbox_list_end = .

k_pipe_area     0x0000000030180a8e        0x0 load address 0x0000000018006982
                0x0000000030180a8e                _k_pipe_list_start = .
 *(SORT_BY_NAME(SORT_BY_ALIGNMENT(._k_pipe.static.*)))
                0x0000000030180a8e                _k_pipe_list_end = .

k_sem_area      0x0000000030180a8e        0x0 load address 0x0000000018006982
                0x0000000030180a8e                _k_sem_list_start = .
 *(SORT_BY_NAME(SORT_BY_ALIGNMENT(._k_sem.static.*)))
                0x0000000030180a8e                _k_sem_list_end = .

k_event_area    0x0000000030180a8e        0x0 load address 0x0000000018006982
                0x0000000030180a8e                _k_event_list_start = .
 *(SORT_BY_NAME(SORT_BY_ALIGNMENT(._k_event.static.*)))
                0x0000000030180a8e                _k_event_list_end = .

k_queue_area    0x0000000030180a8e        0x0 load address 0x0000000018006982
                0x0000000030180a8e                _k_queue_list_start = .
 *(SORT_BY_NAME(SORT_BY_ALIGNMENT(._k_queue.static.*)))
                0x0000000030180a8e                _k_queue_list_end = .

k_fifo_area     0x0000000030180a8e        0x0 load address 0x0000000018006982
                0x0000000030180a8e                _k_fifo_list_start = .
 *(SORT_BY_NAME(SORT_BY_ALIGNMENT(._k_fifo.static.*)))
                0x0000000030180a8e                _k_fifo_list_end = .

k_lifo_area     0x0000000030180a8e        0x0 load address 0x0000000018006982
                0x0000000030180a8e                _k_lifo_list_start = .
 *(SORT_BY_NAME(SORT_BY_ALIGNMENT(._k_lifo.static.*)))
                0x0000000030180a8e                _k_lifo_list_end = .

k_condvar_area  0x0000000030180a8e        0x0 load address 0x0000000018006982
                0x0000000030180a8e                _k_condvar_list_start = .
 *(SORT_BY_NAME(SORT_BY_ALIGNMENT(._k_condvar.static.*)))
                0x0000000030180a8e                _k_condvar_list_end = .

sys_mem_blocks_ptr_area
                0x0000000030180a8e        0x0 load address 0x0000000018006982
                0x0000000030180a8e                _sys_mem_blocks_ptr_list_start = .
 *(SORT_BY_NAME(SORT_BY_ALIGNMENT(._sys_mem_blocks_ptr.static.*)))
                0x0000000030180a8e                _sys_mem_blocks_ptr_list_end = .

net_buf_pool_area
                0x0000000030180a8e        0x0 load address 0x0000000018006982
                0x0000000030180a8e                _net_buf_pool_list_start = .
 *(SORT_BY_NAME(SORT_BY_ALIGNMENT(._net_buf_pool.static.*)))
                0x0000000030180a8e                _net_buf_pool_list_end = .
                0x0000000030180a8e                __data_region_end = .

bss             0x0000000030180a90      0x2c8
                0x0000000030180a90                . = ALIGN (0x4)
                0x0000000030180a90                __bss_start = .
                0x0000000030180a90                __kernel_ram_start = .
 *(SORT_BY_ALIGNMENT(.bss))
 *(SORT_BY_ALIGNMENT(.bss.*))
 .bss.last_count
                0x0000000030180a90        0x8 zephyr/drivers/timer/libdrivers__timer.a(mcux_os_timer.c.obj)
 .bss.z_idle_threads
                0x0000000030180a98       0x80 zephyr/kernel/libkernel.a(init.c.obj)
                0x0000000030180a98                z_idle_threads
 .bss.z_main_thread
                0x0000000030180b18       0x80 zephyr/kernel/libkernel.a(init.c.obj)
                0x0000000030180b18                z_main_thread
 .bss.slice_timeouts
                0x0000000030180b98       0x18 zephyr/kernel/libkernel.a(sched.c.obj)
 .bss.curr_tick
                0x0000000030180bb0        0x8 zephyr/kernel/libkernel.a(timeout.c.obj)
 .bss.z_arm_tls_ptr
                0x0000000030180bb8        0x4 zephyr/arch/arch/arm/core/libarch__arm__core.a(tls.c.obj)
                0x0000000030180bb8                z_arm_tls_ptr
 .bss.dyn_reg_info
                0x0000000030180bbc       0x14 zephyr/arch/arch/arm/core/mpu/libarch__arm__core__mpu.a(arm_mpu.c.obj)
 .bss._stdout_hook
                0x0000000030180bd0        0x4 zephyr/lib/libc/picolibc/liblib__libc__picolibc.a(libc-hooks.c.obj)
 .bss.z_malloc_heap
                0x0000000030180bd4        0xc zephyr/lib/libc/common/liblib__libc__common.a(malloc.c.obj)
 .bss.pint_irq_cfg
                0x0000000030180be0       0x60 zephyr/drivers/interrupt_controller/libdrivers__interrupt_controller.a(intc_nxp_pint.c.obj)
 .bss.gpio_mcux_lpc_data_5
                0x0000000030180c40        0xc zephyr/drivers/gpio/libdrivers__gpio.a(gpio_mcux_lpc.c.obj)
 .bss.gpio_mcux_lpc_data_4
                0x0000000030180c4c        0xc zephyr/drivers/gpio/libdrivers__gpio.a(gpio_mcux_lpc.c.obj)
 .bss.gpio_mcux_lpc_data_3
                0x0000000030180c58        0xc zephyr/drivers/gpio/libdrivers__gpio.a(gpio_mcux_lpc.c.obj)
 .bss.gpio_mcux_lpc_data_2
                0x0000000030180c64        0xc zephyr/drivers/gpio/libdrivers__gpio.a(gpio_mcux_lpc.c.obj)
 .bss.gpio_mcux_lpc_data_1
                0x0000000030180c70        0xc zephyr/drivers/gpio/libdrivers__gpio.a(gpio_mcux_lpc.c.obj)
 .bss.gpio_mcux_lpc_data_0
                0x0000000030180c7c        0xc zephyr/drivers/gpio/libdrivers__gpio.a(gpio_mcux_lpc.c.obj)
 .bss.mcux_flexcomm_1_data
                0x0000000030180c88       0x10 zephyr/drivers/serial/libdrivers__serial.a(uart_mcux_flexcomm.c.obj)
 .bss.mcux_flexcomm_0_data
                0x0000000030180c98       0x10 zephyr/drivers/serial/libdrivers__serial.a(uart_mcux_flexcomm.c.obj)
 .bss.base      0x0000000030180ca8        0x4 zephyr/drivers/timer/libdrivers__timer.a(mcux_os_timer.c.obj)
 .bss.g_mclkFreq
                0x0000000030180cac        0x4 modules/hal_nxp/hal_nxp/lib..__modules__hal__nxp.a(fsl_clock.c.obj)
                0x0000000030180cac                g_mclkFreq
 .bss.g_clkinFreq
                0x0000000030180cb0        0x4 modules/hal_nxp/hal_nxp/lib..__modules__hal__nxp.a(fsl_clock.c.obj)
                0x0000000030180cb0                g_clkinFreq
 .bss.g_xtalFreq
                0x0000000030180cb4        0x4 modules/hal_nxp/hal_nxp/lib..__modules__hal__nxp.a(fsl_clock.c.obj)
                0x0000000030180cb4                g_xtalFreq
 .bss.s_pintCallback
                0x0000000030180cb8       0x20 modules/hal_nxp/hal_nxp/lib..__modules__hal__nxp.a(fsl_pint.c.obj)
 .bss.s_ostimerIsr
                0x0000000030180cd8        0x4 modules/hal_nxp/hal_nxp/lib..__modules__hal__nxp.a(fsl_ostimer.c.obj)
 .bss.s_ostimerHandle
                0x0000000030180cdc        0x4 modules/hal_nxp/hal_nxp/lib..__modules__hal__nxp.a(fsl_ostimer.c.obj)
 .bss._cpus_active
                0x0000000030180ce0        0x4 zephyr/kernel/libkernel.a(init.c.obj)
                0x0000000030180ce0                _cpus_active
 .bss._kernel   0x0000000030180ce4       0x20 zephyr/kernel/libkernel.a(init.c.obj)
                0x0000000030180ce4                _kernel
 .bss.pending_current
                0x0000000030180d04        0x4 zephyr/kernel/libkernel.a(sched.c.obj)
 .bss.slice_max_prio
                0x0000000030180d08        0x4 zephyr/kernel/libkernel.a(sched.c.obj)
 .bss.slice_ticks
                0x0000000030180d0c        0x4 zephyr/kernel/libkernel.a(sched.c.obj)
 .bss.announce_remaining
                0x0000000030180d10        0x4 zephyr/kernel/libkernel.a(timeout.c.obj)
 .bss.static_regions_num
                0x0000000030180d14        0x1 zephyr/arch/arch/arm/core/mpu/libarch__arm__core__mpu.a(arm_mpu.c.obj)
 .bss.nxp_pint_idx_0.0
                0x0000000030180d15        0x1 zephyr/drivers/interrupt_controller/libdrivers__interrupt_controller.a(intc_nxp_pint.c.obj)
 .bss.pin_pint_id
                0x0000000030180d16       0x40 zephyr/drivers/interrupt_controller/libdrivers__interrupt_controller.a(intc_nxp_pint.c.obj)
 .bss.z_sys_post_kernel
                0x0000000030180d56        0x1 zephyr/kernel/libkernel.a(init.c.obj)
                0x0000000030180d56                z_sys_post_kernel
 .bss.slice_expired
                0x0000000030180d57        0x1 zephyr/kernel/libkernel.a(sched.c.obj)
 .bss.sched_spinlock
                0x0000000030180d58        0x0 zephyr/kernel/libkernel.a(sched.c.obj)
                0x0000000030180d58                sched_spinlock
 *(SORT_BY_ALIGNMENT(COMMON))
 *(SORT_BY_ALIGNMENT(.kernel_bss.*))
                0x0000000030180d58                __bss_end = ALIGN (0x4)

noinit          0x0000000030180d58      0xd40
 *(SORT_BY_ALIGNMENT(.noinit))
 *(SORT_BY_ALIGNMENT(.noinit.*))
 .noinit."WEST_TOPDIR/zephyr/kernel/init.c".2
                0x0000000030180d58      0x800 zephyr/kernel/libkernel.a(init.c.obj)
                0x0000000030180d58                z_interrupt_stacks
 .noinit."WEST_TOPDIR/zephyr/kernel/init.c".1
                0x0000000030181558      0x140 zephyr/kernel/libkernel.a(init.c.obj)
 .noinit."WEST_TOPDIR/zephyr/kernel/init.c".0
                0x0000000030181698      0x400 zephyr/kernel/libkernel.a(init.c.obj)
                0x0000000030181698                z_main_stack
 *(SORT_BY_ALIGNMENT(.kernel_noinit.*))
                0x0000000030480000                __kernel_ram_end = 0x30480000
                0x00000000002ff570                __kernel_ram_size = (__kernel_ram_end - __kernel_ram_start)

/DISCARD/
 *(SORT_BY_ALIGNMENT(.irq_info*))
 *(SORT_BY_ALIGNMENT(.intList*))

.last_ram_section
                0x0000000030181a98        0x0
                0x0000000030181a98                _image_ram_end = .
                0x0000000000001a98                _image_ram_size = (_image_ram_end - _image_ram_start)
                0x0000000030181a98                _end = .
                0x0000000030181a98                z_mapped_end = .

.stab
 *(SORT_BY_ALIGNMENT(.stab))

.stabstr
 *(SORT_BY_ALIGNMENT(.stabstr))

.stab.excl
 *(SORT_BY_ALIGNMENT(.stab.excl))

.stab.exclstr
 *(SORT_BY_ALIGNMENT(.stab.exclstr))

.stab.index
 *(SORT_BY_ALIGNMENT(.stab.index))

.stab.indexstr
 *(SORT_BY_ALIGNMENT(.stab.indexstr))

.gnu.build.attributes
 *(SORT_BY_ALIGNMENT(.gnu.build.attributes) SORT_BY_ALIGNMENT(.gnu.build.attributes.*))

.comment        0x0000000000000000       0x22
 *(SORT_BY_ALIGNMENT(.comment))
 .comment       0x0000000000000000       0x22 zephyr/CMakeFiles/zephyr_final.dir/isr_tables.c.obj
                                         0x23 (size before relaxing)
 .comment       0x0000000000000022       0x23 zephyr/CMakeFiles/offsets.dir/./arch/arm/core/offsets/offsets.c.obj
 .comment       0x0000000000000022       0x23 app/libapp.a(main.c.obj)
 .comment       0x0000000000000022       0x23 zephyr/libzephyr.a(printk.c.obj)
 .comment       0x0000000000000022       0x23 zephyr/libzephyr.a(thread_entry.c.obj)
 .comment       0x0000000000000022       0x23 zephyr/libzephyr.a(heap.c.obj)
 .comment       0x0000000000000022       0x23 zephyr/libzephyr.a(configs.c.obj)
 .comment       0x0000000000000022       0x23 zephyr/libzephyr.a(soc.c.obj)
 .comment       0x0000000000000022       0x23 zephyr/libzephyr.a(flash_clock_setup.c.obj)
 .comment       0x0000000000000022       0x23 zephyr/libzephyr.a(mem_attr.c.obj)
 .comment       0x0000000000000022       0x23 zephyr/arch/arch/arm/core/libarch__arm__core.a(fatal.c.obj)
 .comment       0x0000000000000022       0x23 zephyr/arch/arch/arm/core/libarch__arm__core.a(nmi.c.obj)
 .comment       0x0000000000000022       0x23 zephyr/arch/arch/arm/core/libarch__arm__core.a(tls.c.obj)
 .comment       0x0000000000000022       0x23 zephyr/arch/arch/arm/core/cortex_m/libarch__arm__core__cortex_m.a(fault.c.obj)
 .comment       0x0000000000000022       0x23 zephyr/arch/arch/arm/core/cortex_m/libarch__arm__core__cortex_m.a(irq_init.c.obj)
 .comment       0x0000000000000022       0x23 zephyr/arch/arch/arm/core/cortex_m/libarch__arm__core__cortex_m.a(thread_abort.c.obj)
 .comment       0x0000000000000022       0x23 zephyr/arch/arch/arm/core/cortex_m/libarch__arm__core__cortex_m.a(swap.c.obj)
 .comment       0x0000000000000022       0x23 zephyr/arch/arch/arm/core/cortex_m/libarch__arm__core__cortex_m.a(irq_manage.c.obj)
 .comment       0x0000000000000022       0x23 zephyr/arch/arch/arm/core/cortex_m/libarch__arm__core__cortex_m.a(prep_c.c.obj)
 .comment       0x0000000000000022       0x23 zephyr/arch/arch/arm/core/cortex_m/libarch__arm__core__cortex_m.a(thread.c.obj)
 .comment       0x0000000000000022       0x23 zephyr/arch/arch/arm/core/cortex_m/cmse/libarch__arm__core__cortex_m__cmse.a(arm_core_cmse.c.obj)
 .comment       0x0000000000000022       0x23 zephyr/arch/arch/arm/core/mpu/libarch__arm__core__mpu.a(arm_core_mpu.c.obj)
 .comment       0x0000000000000022       0x23 zephyr/arch/arch/arm/core/mpu/libarch__arm__core__mpu.a(arm_mpu.c.obj)
 .comment       0x0000000000000022       0x23 zephyr/lib/libc/picolibc/liblib__libc__picolibc.a(libc-hooks.c.obj)
 .comment       0x0000000000000022       0x23 zephyr/lib/libc/common/liblib__libc__common.a(malloc.c.obj)
 .comment       0x0000000000000022       0x23 zephyr/soc/soc/arm/common/cortex_m/libsoc__arm__common__cortex_m.a(arm_mpu_regions.c.obj)