Archive member included to satisfy reference by file (symbol)

app/libapp.a(main.c.obj)      (--whole-archive)
zephyr/libzephyr.a(cbprintf_packaged.c.obj)
                              (--whole-archive)
zephyr/libzephyr.a(dec.c.obj)
                              (--whole-archive)
zephyr/libzephyr.a(hex.c.obj)
                              (--whole-archive)
zephyr/libzephyr.a(printk.c.obj)
                              (--whole-archive)
zephyr/libzephyr.a(rb.c.obj)  (--whole-archive)
zephyr/libzephyr.a(sem.c.obj)
                              (--whole-archive)
zephyr/libzephyr.a(thread_entry.c.obj)
                              (--whole-archive)
zephyr/libzephyr.a(timeutil.c.obj)
                              (--whole-archive)
zephyr/libzephyr.a(heap.c.obj)
                              (--whole-archive)
zephyr/libzephyr.a(heap-validate.c.obj)
                              (--whole-archive)
zephyr/libzephyr.a(bitarray.c.obj)
                              (--whole-archive)
zephyr/libzephyr.a(multi_heap.c.obj)
                              (--whole-archive)
zephyr/libzephyr.a(cbprintf_complete.c.obj)
                              (--whole-archive)
zephyr/libzephyr.a(assert.c.obj)
                              (--whole-archive)
zephyr/libzephyr.a(configs.c.obj)
                              (--whole-archive)
zephyr/libzephyr.a(soc.c.obj)
                              (--whole-archive)
zephyr/libzephyr.a(flash_clock_setup.c.obj)
                              (--whole-archive)
zephyr/libzephyr.a(mem_attr.c.obj)
                              (--whole-archive)
zephyr/libzephyr.a(tracing_none.c.obj)
                              (--whole-archive)
zephyr/arch/common/libarch__common.a(sw_isr_common.c.obj)
                              (--whole-archive)
zephyr/arch/arch/arm/core/libarch__arm__core.a(fatal.c.obj)
                              (--whole-archive)
zephyr/arch/arch/arm/core/libarch__arm__core.a(nmi.c.obj)
                              (--whole-archive)
zephyr/arch/arch/arm/core/libarch__arm__core.a(nmi_on_reset.S.obj)
                              (--whole-archive)
zephyr/arch/arch/arm/core/libarch__arm__core.a(tls.c.obj)
                              (--whole-archive)
zephyr/arch/arch/arm/core/cortex_m/libarch__arm__core__cortex_m.a(exc_exit.S.obj)
                              (--whole-archive)
zephyr/arch/arch/arm/core/cortex_m/libarch__arm__core__cortex_m.a(fault.c.obj)
                              (--whole-archive)
zephyr/arch/arch/arm/core/cortex_m/libarch__arm__core__cortex_m.a(fault_s.S.obj)
                              (--whole-archive)
zephyr/arch/arch/arm/core/cortex_m/libarch__arm__core__cortex_m.a(fpu.c.obj)
                              (--whole-archive)
zephyr/arch/arch/arm/core/cortex_m/libarch__arm__core__cortex_m.a(irq_init.c.obj)
                              (--whole-archive)
zephyr/arch/arch/arm/core/cortex_m/libarch__arm__core__cortex_m.a(reset.S.obj)
                              (--whole-archive)
zephyr/arch/arch/arm/core/cortex_m/libarch__arm__core__cortex_m.a(scb.c.obj)
                              (--whole-archive)
zephyr/arch/arch/arm/core/cortex_m/libarch__arm__core__cortex_m.a(thread_abort.c.obj)
                              (--whole-archive)
zephyr/arch/arch/arm/core/cortex_m/libarch__arm__core__cortex_m.a(vector_table.S.obj)
                              (--whole-archive)
zephyr/arch/arch/arm/core/cortex_m/libarch__arm__core__cortex_m.a(swap.c.obj)
                              (--whole-archive)
zephyr/arch/arch/arm/core/cortex_m/libarch__arm__core__cortex_m.a(swap_helper.S.obj)
                              (--whole-archive)
zephyr/arch/arch/arm/core/cortex_m/libarch__arm__core__cortex_m.a(irq_manage.c.obj)
                              (--whole-archive)
zephyr/arch/arch/arm/core/cortex_m/libarch__arm__core__cortex_m.a(prep_c.c.obj)
                              (--whole-archive)
zephyr/arch/arch/arm/core/cortex_m/libarch__arm__core__cortex_m.a(thread.c.obj)
                              (--whole-archive)
zephyr/arch/arch/arm/core/cortex_m/libarch__arm__core__cortex_m.a(cpu_idle.S.obj)
                              (--whole-archive)
zephyr/arch/arch/arm/core/cortex_m/libarch__arm__core__cortex_m.a(isr_wrapper.S.obj)
                              (--whole-archive)
zephyr/arch/arch/arm/core/cortex_m/libarch__arm__core__cortex_m.a(__aeabi_read_tp.S.obj)
                              (--whole-archive)
zephyr/arch/arch/arm/core/cortex_m/cmse/libarch__arm__core__cortex_m__cmse.a(arm_core_cmse.c.obj)
                              (--whole-archive)
zephyr/arch/arch/arm/core/cortex_m/tz/libarch__arm__core__cortex_m__tz.a(arm_core_tz.c.obj)
                              (--whole-archive)
zephyr/arch/arch/arm/core/mpu/libarch__arm__core__mpu.a(arm_core_mpu.c.obj)
                              (--whole-archive)
zephyr/arch/arch/arm/core/mpu/libarch__arm__core__mpu.a(arm_mpu.c.obj)
                              (--whole-archive)
[...]
Memory Configuration

Name             Origin             Length             Attributes
FLASH            0x0000000018000000 0x0000000004000000 xr
RAM              0x0000000030180000 0x0000000000300000 xw
SRAM1            0x0000000040140000 0x0000000000004000
IDT_LIST         0x00000000fffff7ff 0x0000000000000800 xw
*default*        0x0000000000000000 0xffffffffffffffff

Linker script and memory map

                0x00000000180051c8                vfprintf = __i_vfprintf
                0x0000000000000000                vfscanf = __i_vfscanf
LOAD zephyr/CMakeFiles/zephyr_pre0.dir/misc/empty_file.c.obj
LOAD zephyr/CMakeFiles/offsets.dir/./arch/arm/core/offsets/offsets.c.obj
LOAD app/libapp.a
LOAD zephyr/libzephyr.a
LOAD zephyr/arch/common/libarch__common.a
LOAD zephyr/arch/arch/arm/core/libarch__arm__core.a
LOAD zephyr/arch/arch/arm/core/cortex_m/libarch__arm__core__cortex_m.a
LOAD zephyr/arch/arch/arm/core/cortex_m/cmse/libarch__arm__core__cortex_m__cmse.a
LOAD zephyr/arch/arch/arm/core/cortex_m/tz/libarch__arm__core__cortex_m__tz.a
LOAD zephyr/arch/arch/arm/core/mpu/libarch__arm__core__mpu.a
LOAD zephyr/lib/libc/picolibc/liblib__libc__picolibc.a
LOAD zephyr/lib/libc/common/liblib__libc__common.a
LOAD zephyr/soc/soc/arm/common/cortex_m/libsoc__arm__common__cortex_m.a
LOAD zephyr/boards/arm/mimxrt685_evk/libboards__arm__mimxrt685_evk.a
LOAD zephyr/drivers/interrupt_controller/libdrivers__interrupt_controller.a
LOAD zephyr/drivers/clock_control/libdrivers__clock_control.a
LOAD zephyr/drivers/console/libdrivers__console.a
LOAD zephyr/drivers/dma/libdrivers__dma.a
LOAD zephyr/drivers/gpio/libdrivers__gpio.a
LOAD zephyr/drivers/i2s/libdrivers__i2s.a
LOAD zephyr/drivers/pinctrl/libdrivers__pinctrl.a
LOAD zephyr/drivers/serial/libdrivers__serial.a
LOAD zephyr/drivers/timer/libdrivers__timer.a
LOAD modules/hal_nxp/hal_nxp/lib..__modules__hal__nxp.a
LOAD zephyr/kernel/libkernel.a
LOAD c:/users/ext_basver/zephyr-sdk-0.16.5-1/arm-zephyr-eabi/bin/../lib/gcc/arm-zephyr-eabi/12.2.0/thumb/v8-m.main/nofp\libgcc.a
LOAD zephyr/libcode_relocation_source_lib.a
LOAD zephyr/arch/common/libisr_tables.a
LOAD c:\users\ext_basver\zephyr-sdk-0.16.5-1\arm-zephyr-eabi\bin\../lib/gcc/../../picolibc/arm-zephyr-eabi/lib/thumb/v8-m.main/nofp\libc.a
LOAD c:/users/ext_basver/zephyr-sdk-0.16.5-1/arm-zephyr-eabi/bin/../lib/gcc/arm-zephyr-eabi/12.2.0/thumb/v8-m.main/nofp\libgcc.a
                0x0000000000000020                _region_min_align = 0x20

.rel.plt        0x0000000018000000        0x0
 *(SORT_BY_ALIGNMENT(.rel.plt))
                [!provide]                        PROVIDE (__rel_iplt_start = .)
 *(SORT_BY_ALIGNMENT(.rel.iplt))
 .rel.iplt      0x0000000018000000        0x0 app/libapp.a(main.c.obj)
                [!provide]                        PROVIDE (__rel_iplt_end = .)

.rela.plt       0x0000000000000000        0x0
 *(SORT_BY_ALIGNMENT(.rela.plt))
                [!provide]                        PROVIDE (__rela_iplt_start = .)
 *(SORT_BY_ALIGNMENT(.rela.iplt))
                [!provide]                        PROVIDE (__rela_iplt_end = .)

.rel.dyn
 *(SORT_BY_ALIGNMENT(.rel.*))

.rela.dyn
 *(SORT_BY_ALIGNMENT(.rela.*))

/DISCARD/
 *(SORT_BY_ALIGNMENT(.plt))

/DISCARD/
 *(SORT_BY_ALIGNMENT(.iplt))
                0x0000000018000000                __rom_region_start = 0x18000000

rom_start       0x0000000018000000     0x1330
                0x0000000018000000                __rom_start_address = .
 FILL mask 0x00
                0x0000000000000400                . = 0x400
 *fill*         0x0000000018000000      0x400 00
 *(SORT_BY_ALIGNMENT(.flash_conf))
 .flash_conf    0x0000000018000400      0x200 zephyr/boards/arm/mimxrt685_evk/libboards__arm__mimxrt685_evk.a(flash_config.c.obj)
                0x0000000018000400                flexspi_config
                0x0000000000001000                . = 0x1000
 *fill*         0x0000000018000600      0xa00 00
 *(SORT_BY_ALIGNMENT(.boot_hdr.ivt))
 .boot_hdr.ivt  0x0000000018001000       0x40 zephyr/libzephyr.a(soc.c.obj)
                0x0000000018001000                image_vector_table
                0x0000000018001200                . = (. + (0x1200 - (. - __rom_start_address)))
 *fill*         0x0000000018001040      0x1c0 00
                0x0000000018001200                . = ALIGN (0x4)
                0x0000000018001200                . = ALIGN (0x80)
                0x0000000018001200                . = ALIGN (0x200)
                0x0000000018001200                _vector_start = .
 *(SORT_BY_ALIGNMENT(.exc_vector_table))
 *(SORT_BY_ALIGNMENT(.exc_vector_table.*))
 .exc_vector_table._vector_table_section
                0x0000000018001200       0x40 zephyr/arch/arch/arm/core/cortex_m/libarch__arm__core__cortex_m.a(vector_table.S.obj)
                0x0000000018001200                _vector_table
 *(SORT_BY_ALIGNMENT(.vectors))
                0x0000000018001330                _vector_end = .
                0x0000000018001240                . = ALIGN (0x4)
 *(SORT_BY_ALIGNMENT(.gnu.linkonce.irq_vector_table*))
 .gnu.linkonce.irq_vector_table
                0x0000000018001240       0xf0 zephyr/arch/common/libisr_tables.a(isr_tables.c.obj)
                0x0000000018001240                _irq_vector_table
                0x0000000018001330                _vector_end = .
                0x0000000030180000                _ram_mpu_ro_region_start = ORIGIN (RAM)

.ram_text_reloc
                0x0000000030180000      0x100 load address 0x0000000018001330
                0x0000000030180000                __ram_text_reloc_start = .
 *flash_clock_setup.c.obj(SORT_BY_ALIGNMENT(.rel.text.flexspi_clock_safe_config))
 *flash_clock_setup.c.obj(SORT_BY_ALIGNMENT(.text.flexspi_clock_safe_config))
 .text.flexspi_clock_safe_config
                0x0000000030180000       0x10 zephyr/libzephyr.a(flash_clock_setup.c.obj)
                0x0000000030180000                flexspi_clock_safe_config
 *flash_clock_setup.c.obj(SORT_BY_ALIGNMENT(.text.flexspi_setup_clock))
 .text.flexspi_setup_clock
                0x0000000030180010       0xf0 zephyr/libzephyr.a(flash_clock_setup.c.obj)
                0x0000000030180010                flexspi_setup_clock
                0x0000000030180100                . = ALIGN (_region_min_align)
                0x0000000030180100                __ram_text_reloc_end = .
                0x0000000000000100                __ram_text_reloc_size = (__ram_text_reloc_end - __ram_text_reloc_start)
                0x0000000018001330                __ram_text_rom_start = LOADADDR (.ram_text_reloc)
                0x0000000030180100                _ram_mpu_ro_region_end = .

text            0x0000000018001430     0x5d68
                0x0000000018001430                __text_region_start = .
 *(SORT_BY_ALIGNMENT(.text))
 .text          0x0000000018001430       0x30 c:/users/ext_basver/zephyr-sdk-0.16.5-1/arm-zephyr-eabi/bin/../lib/gcc/arm-zephyr-eabi/12.2.0/thumb/v8-m.main/nofp\libgcc.a(_aeabi_uldivmod.o)
                0x0000000018001430                __aeabi_uldivmod
 .text          0x0000000018001460        0x4 c:/users/ext_basver/zephyr-sdk-0.16.5-1/arm-zephyr-eabi/bin/../lib/gcc/arm-zephyr-eabi/12.2.0/thumb/v8-m.main/nofp\libgcc.a(_dvmd_tls.o)
                0x0000000018001460                __aeabi_idiv0
                0x0000000018001460                __aeabi_ldiv0
 .text          0x0000000018001464      0x29c c:/users/ext_basver/zephyr-sdk-0.16.5-1/arm-zephyr-eabi/bin/../lib/gcc/arm-zephyr-eabi/12.2.0/thumb/v8-m.main/nofp\libgcc.a(_udivmoddi4.o)
                0x0000000018001464                __udivmoddi4
 *(SORT_BY_ALIGNMENT(.text.*))
 .text.main     0x0000000018001700      0x160 app/libapp.a(main.c.obj)
                0x0000000018001700                main
 .text.char_out
                0x0000000018001860        0xc zephyr/libzephyr.a(printk.c.obj)
 .text.__printk_hook_install
                0x000000001800186c        0xc zephyr/libzephyr.a(printk.c.obj)
                0x000000001800186c                __printk_hook_install
 .text.vprintk  0x0000000018001878       0x30 zephyr/libzephyr.a(printk.c.obj)
                0x0000000018001878                vprintk
 .text.z_thread_entry
                0x00000000180018a8       0x34 zephyr/libzephyr.a(thread_entry.c.obj)
                0x00000000180018a8                z_thread_entry
 .text.nxp_rt600_init
                0x00000000180018dc      0x1a4 zephyr/libzephyr.a(soc.c.obj)
 .text.mem_attr_get_regions
                0x0000000018001a80        0xc zephyr/libzephyr.a(mem_attr.c.obj)
                0x0000000018001a80                mem_attr_get_regions
 .text.z_SysNmiOnReset
                0x0000000018001a8c        0x8 zephyr/arch/arch/arm/core/libarch__arm__core.a(nmi_on_reset.S.obj)
                0x0000000018001a8c                z_SysNmiOnReset
 .text.arch_tls_stack_setup
                0x0000000018001a94       0x5c zephyr/arch/arch/arm/core/libarch__arm__core.a(tls.c.obj)
                0x0000000018001a94                arch_tls_stack_setup
 .text._HandlerModeExit
                0x0000000018001af0       0x1c zephyr/arch/arch/arm/core/cortex_m/libarch__arm__core__cortex_m.a(exc_exit.S.obj)
                0x0000000018001af0                z_arm_int_exit
                0x0000000018001af0                z_arm_exc_exit
 .text.secure_fault.constprop.0
                0x0000000018001b0c       0x74 zephyr/arch/arch/arm/core/cortex_m/libarch__arm__core__cortex_m.a(fault.c.obj)
 .text.usage_fault.constprop.0
                0x0000000018001b80       0x5c zephyr/arch/arch/arm/core/cortex_m/libarch__arm__core__cortex_m.a(fault.c.obj)
 .text.bus_fault.constprop.0
                0x0000000018001bdc       0x6c zephyr/arch/arch/arm/core/cortex_m/libarch__arm__core__cortex_m.a(fault.c.obj)
 .text.mem_manage_fault.constprop.0
                0x0000000018001c48       0x78 zephyr/arch/arch/arm/core/cortex_m/libarch__arm__core__cortex_m.a(fault.c.obj)
 .text.z_arm_fault
                0x0000000018001cc0      0x158 zephyr/arch/arch/arm/core/cortex_m/libarch__arm__core__cortex_m.a(fault.c.obj)
                0x0000000018001cc0                z_arm_fault
 .text.z_arm_fault_init
                0x0000000018001e18       0x18 zephyr/arch/arch/arm/core/cortex_m/libarch__arm__core__cortex_m.a(fault.c.obj)
                0x0000000018001e18                z_arm_fault_init
 .text.__fault  0x0000000018001e30       0x14 zephyr/arch/arch/arm/core/cortex_m/libarch__arm__core__cortex_m.a(fault_s.S.obj)
                0x0000000018001e30                z_arm_bus_fault
                0x0000000018001e30                z_arm_usage_fault
                0x0000000018001e30                z_arm_mpu_fault
                0x0000000018001e30                z_arm_exc_spurious
                0x0000000018001e30                z_arm_debug_monitor
                0x0000000018001e30                z_arm_hard_fault
                0x0000000018001e30                z_arm_secure_fault
 .text.z_arm_interrupt_init
                0x0000000018001e44       0x18 zephyr/arch/arch/arm/core/cortex_m/libarch__arm__core__cortex_m.a(irq_init.c.obj)
                0x0000000018001e44                z_arm_interrupt_init
 .text._reset_section
                0x0000000018001e5c       0x30 zephyr/arch/arch/arm/core/cortex_m/libarch__arm__core__cortex_m.a(reset.S.obj)
                0x0000000018001e5c                __start
                0x0000000018001e5c                z_arm_reset
 .text.z_impl_k_thread_abort
                0x0000000018001e8c       0x2c zephyr/arch/arch/arm/core/cortex_m/libarch__arm__core__cortex_m.a(thread_abort.c.obj)
                0x0000000018001e8c                z_impl_k_thread_abort
 .text.arch_swap
                0x0000000018001eb8       0x34 zephyr/arch/arch/arm/core/cortex_m/libarch__arm__core__cortex_m.a(swap.c.obj)
                0x0000000018001eb8                arch_swap
 .text.z_arm_pendsv
                0x0000000018001eec       0x68 zephyr/arch/arch/arm/core/cortex_m/libarch__arm__core__cortex_m.a(swap_helper.S.obj)
                0x0000000018001eec                z_arm_pendsv
 .text.z_arm_svc
                0x0000000018001f54       0x20 zephyr/arch/arch/arm/core/cortex_m/libarch__arm__core__cortex_m.a(swap_helper.S.obj)
                0x0000000018001f54                z_arm_svc
 .text.arch_irq_enable
                0x0000000018001f74       0x1c zephyr/arch/arch/arm/core/cortex_m/libarch__arm__core__cortex_m.a(irq_manage.c.obj)
                0x0000000018001f74                arch_irq_enable
 .text.z_arm_irq_priority_set
                0x0000000018001f90       0x2c zephyr/arch/arch/arm/core/cortex_m/libarch__arm__core__cortex_m.a(irq_manage.c.obj)
                0x0000000018001f90                z_arm_irq_priority_set
 .text.z_arm_prep_c
                0x0000000018001fbc       0x48 zephyr/arch/arch/arm/core/cortex_m/libarch__arm__core__cortex_m.a(prep_c.c.obj)
                0x0000000018001fbc                z_arm_prep_c
 .text.arch_new_thread
                0x0000000018002004       0x38 zephyr/arch/arch/arm/core/cortex_m/libarch__arm__core__cortex_m.a(thread.c.obj)
                0x0000000018002004                arch_new_thread
 .text.arch_switch_to_main_thread
                0x000000001800203c       0x34 zephyr/arch/arch/arm/core/cortex_m/libarch__arm__core__cortex_m.a(thread.c.obj)
                0x000000001800203c                arch_switch_to_main_thread
 .text.z_arm_cpu_idle_init
                0x0000000018002070        0xc zephyr/arch/arch/arm/core/cortex_m/libarch__arm__core__cortex_m.a(cpu_idle.S.obj)
                0x0000000018002070                z_arm_cpu_idle_init
 .text.arch_cpu_idle
                0x000000001800207c       0x1c zephyr/arch/arch/arm/core/cortex_m/libarch__arm__core__cortex_m.a(cpu_idle.S.obj)
                0x000000001800207c                arch_cpu_idle
 .text._isr_wrapper
                0x0000000018002098       0x28 zephyr/arch/arch/arm/core/cortex_m/libarch__arm__core__cortex_m.a(isr_wrapper.S.obj)
                0x0000000018002098                _isr_wrapper
 .text.z_arm_configure_static_mpu_regions
                0x00000000180020c0       0x38 zephyr/arch/arch/arm/core/mpu/libarch__arm__core__mpu.a(arm_core_mpu.c.obj)
                0x00000000180020c0                z_arm_configure_static_mpu_regions
 .text.region_init
                0x00000000180020f8       0x34 zephyr/arch/arch/arm/core/mpu/libarch__arm__core__mpu.a(arm_mpu.c.obj)
 .text.mpu_configure_regions_and_partition.constprop.0
                0x000000001800212c      0x14c zephyr/arch/arch/arm/core/mpu/libarch__arm__core__mpu.a(arm_mpu.c.obj)
 .text.arm_core_mpu_enable
                0x0000000018002278       0x18 zephyr/arch/arch/arm/core/mpu/libarch__arm__core__mpu.a(arm_mpu.c.obj)
                0x0000000018002278                arm_core_mpu_enable
 .text.arm_core_mpu_disable
                0x0000000018002290       0x14 zephyr/arch/arch/arm/core/mpu/libarch__arm__core__mpu.a(arm_mpu.c.obj)
                0x0000000018002290                arm_core_mpu_disable
 .text.arm_core_mpu_configure_static_mpu_regions
                0x00000000180022a4       0x14 zephyr/arch/arch/arm/core/mpu/libarch__arm__core__mpu.a(arm_mpu.c.obj)
                0x00000000180022a4                arm_core_mpu_configure_static_mpu_regions
 .text.arm_core_mpu_mark_areas_for_dynamic_regions
                0x00000000180022b8       0xb8 zephyr/arch/arch/arm/core/mpu/libarch__arm__core__mpu.a(arm_mpu.c.obj)
                0x00000000180022b8                arm_core_mpu_mark_areas_for_dynamic_regions
 .text.z_arm_mpu_init
                0x0000000018002370       0xf8 zephyr/arch/arch/arm/core/mpu/libarch__arm__core__mpu.a(arm_mpu.c.obj)
                0x0000000018002370                z_arm_mpu_init
 .text.z_impl_zephyr_fputc
                0x0000000018002468       0x10 zephyr/lib/libc/picolibc/liblib__libc__picolibc.a(libc-hooks.c.obj)
                0x0000000018002468                z_impl_zephyr_fputc
 .text.__stdout_hook_install
                0x0000000018002478       0x18 zephyr/lib/libc/picolibc/liblib__libc__picolibc.a(libc-hooks.c.obj)
                0x0000000018002478                __stdout_hook_install
 .text.malloc_prepare
                0x0000000018002490       0x24 zephyr/lib/libc/common/liblib__libc__common.a(malloc.c.obj)
 .text.mimxrt685_evk_init
                0x00000000180024b4       0x18 zephyr/boards/arm/mimxrt685_evk/libboards__arm__mimxrt685_evk.a(init.c.obj)
 .text.intc_nxp_pint_init
                0x00000000180024cc       0xa0 zephyr/drivers/interrupt_controller/libdrivers__interrupt_controller.a(intc_nxp_pint.c.obj)
 .text.nxp_pint_isr
                0x000000001800256c       0x38 zephyr/drivers/interrupt_controller/libdrivers__interrupt_controller.a(intc_nxp_pint.c.obj)
 .text.nxp_pint_pin_enable
                0x00000000180025a4       0x88 zephyr/drivers/interrupt_controller/libdrivers__interrupt_controller.a(intc_nxp_pint.c.obj)
                0x00000000180025a4                nxp_pint_pin_enable
 .text.nxp_pint_pin_disable
                0x000000001800262c       0x34 zephyr/drivers/interrupt_controller/libdrivers__interrupt_controller.a(intc_nxp_pint.c.obj)
                0x000000001800262c                nxp_pint_pin_disable
 .text.nxp_pint_pin_set_callback
                0x0000000018002660       0x2c zephyr/drivers/interrupt_controller/libdrivers__interrupt_controller.a(intc_nxp_pint.c.obj)
                0x0000000018002660                nxp_pint_pin_set_callback
 .text.uart_console_init
                0x000000001800268c       0x28 zephyr/drivers/console/libdrivers__console.a(uart_console.c.obj)
 .text.console_out
                0x00000000180026b4       0x28 zephyr/drivers/console/libdrivers__console.a(uart_console.c.obj)
 .text.dma_mcux_lpc_init
                0x00000000180026dc       0x50 zephyr/drivers/dma/libdrivers__dma.a(dma_mcux_lpc.c.obj)
 .text.DMA_SetChannelXferConfig.constprop.0
                0x000000001800272c       0x64 zephyr/drivers/dma/libdrivers__dma.a(dma_mcux_lpc.c.obj)
 .text.dma_mcux_lpc_reload
                0x0000000018002790       0x98 zephyr/drivers/dma/libdrivers__dma.a(dma_mcux_lpc.c.obj)
 .text.dma_mcux_lpc_configure
                0x0000000018002828      0x3d0 zephyr/drivers/dma/libdrivers__dma.a(dma_mcux_lpc.c.obj)
 .text.gpio_mcux_lpc_pin_interrupt_configure
                0x0000000018002bf8      0x120 zephyr/drivers/gpio/libdrivers__gpio.a(gpio_mcux_lpc.c.obj)
 .text.mcux_flexcomm_uart_configure
                0x0000000018002d18       0xb4 zephyr/drivers/serial/libdrivers__serial.a(uart_mcux_flexcomm.c.obj)
 .text.mcux_lpc_ostick_isr
                0x0000000018002dcc       0x68 zephyr/drivers/timer/libdrivers__timer.a(mcux_os_timer.c.obj)
                0x0000000018002dcc                mcux_lpc_ostick_isr
 .text.sys_clock_driver_init
                0x0000000018002e34       0x54 zephyr/drivers/timer/libdrivers__timer.a(mcux_os_timer.c.obj)
 .text.sys_clock_set_timeout
                0x0000000018002e88       0x98 zephyr/drivers/timer/libdrivers__timer.a(mcux_os_timer.c.obj)
                0x0000000018002e88                sys_clock_set_timeout
 .text.sys_clock_elapsed
                0x0000000018002f20       0x38 zephyr/drivers/timer/libdrivers__timer.a(mcux_os_timer.c.obj)
                0x0000000018002f20                sys_clock_elapsed
 .text.CLOCK_GetOsc32KFreq
                0x0000000018002f58       0x14 modules/hal_nxp/hal_nxp/lib..__modules__hal__nxp.a(fsl_clock.c.obj)
 .text.CLOCK_GetXtalInClkFreq
                0x0000000018002f6c       0x2c modules/hal_nxp/hal_nxp/lib..__modules__hal__nxp.a(fsl_clock.c.obj)
 .text.CLOCK_GetFFroFreq
                0x0000000018002f98       0x28 modules/hal_nxp/hal_nxp/lib..__modules__hal__nxp.a(fsl_clock.c.obj)
                0x0000000018002f98                CLOCK_GetFFroFreq
 .text.CLOCK_GetSysPllFreq
                0x0000000018002fc0       0x5c modules/hal_nxp/hal_nxp/lib..__modules__hal__nxp.a(fsl_clock.c.obj)
                0x0000000018002fc0                CLOCK_GetSysPllFreq
 .text.CLOCK_GetSysPfdFreq
                0x000000001800301c       0x60 modules/hal_nxp/hal_nxp/lib..__modules__hal__nxp.a(fsl_clock.c.obj)
                0x000000001800301c                CLOCK_GetSysPfdFreq
 .text.CLOCK_GetMainPllClkFreq
                0x000000001800307c       0x1c modules/hal_nxp/hal_nxp/lib..__modules__hal__nxp.a(fsl_clock.c.obj)
 .text.CLOCK_GetAux0PllClkFreq
                0x0000000018003098       0x1c modules/hal_nxp/hal_nxp/lib..__modules__hal__nxp.a(fsl_clock.c.obj)
 .text.CLOCK_GetAux1PllClkFreq
                0x00000000180030b4       0x1c modules/hal_nxp/hal_nxp/lib..__modules__hal__nxp.a(fsl_clock.c.obj)
 .text.CLOCK_GetAudioPllFreq
                0x00000000180030d0       0x5c modules/hal_nxp/hal_nxp/lib..__modules__hal__nxp.a(fsl_clock.c.obj)
                0x00000000180030d0                CLOCK_GetAudioPllFreq
 .text.CLOCK_GetAudioPfdFreq
                0x000000001800312c       0x60 modules/hal_nxp/hal_nxp/lib..__modules__hal__nxp.a(fsl_clock.c.obj)
                0x000000001800312c                CLOCK_GetAudioPfdFreq
 .text.CLOCK_GetAudioPllClkFreq
                0x000000001800318c       0x1c modules/hal_nxp/hal_nxp/lib..__modules__hal__nxp.a(fsl_clock.c.obj)
 .text.CLOCK_GetMainClkFreq
                0x00000000180031a8       0x68 modules/hal_nxp/hal_nxp/lib..__modules__hal__nxp.a(fsl_clock.c.obj)
                0x00000000180031a8                CLOCK_GetMainClkFreq
 .text.CLOCK_GetDspMainClkFreq
                0x0000000018003210       0x7c modules/hal_nxp/hal_nxp/lib..__modules__hal__nxp.a(fsl_clock.c.obj)
                0x0000000018003210                CLOCK_GetDspMainClkFreq
 .text.CLOCK_GetAdcClkFreq
                0x000000001800328c       0x70 modules/hal_nxp/hal_nxp/lib..__modules__hal__nxp.a(fsl_clock.c.obj)
                0x000000001800328c                CLOCK_GetAdcClkFreq
 .text.CLOCK_GetClockOutClkFreq
                0x00000000180032fc       0xac modules/hal_nxp/hal_nxp/lib..__modules__hal__nxp.a(fsl_clock.c.obj)
                0x00000000180032fc                CLOCK_GetClockOutClkFreq
 .text.CLOCK_GetFRGClock
                0x00000000180033a8       0xb0 modules/hal_nxp/hal_nxp/lib..__modules__hal__nxp.a(fsl_clock.c.obj)
                0x00000000180033a8                CLOCK_GetFRGClock
 .text.CLOCK_GetFlexCommClkFreq
                0x0000000018003458       0x60 modules/hal_nxp/hal_nxp/lib..__modules__hal__nxp.a(fsl_clock.c.obj)
                0x0000000018003458                CLOCK_GetFlexCommClkFreq
 .text.CLOCK_GetFlexspiClkFreq
                0x00000000180034b8       0x4c modules/hal_nxp/hal_nxp/lib..__modules__hal__nxp.a(fsl_clock.c.obj)
                0x00000000180034b8                CLOCK_GetFlexspiClkFreq
 .text.CLOCK_GetSctClkFreq
                0x0000000018003504       0x54 modules/hal_nxp/hal_nxp/lib..__modules__hal__nxp.a(fsl_clock.c.obj)
                0x0000000018003504                CLOCK_GetSctClkFreq
 .text.CLOCK_GetMclkClkFreq
                0x0000000018003558       0x34 modules/hal_nxp/hal_nxp/lib..__modules__hal__nxp.a(fsl_clock.c.obj)
                0x0000000018003558                CLOCK_GetMclkClkFreq
 .text.CLOCK_GetWdtClkFreq
                0x000000001800358c       0x28 modules/hal_nxp/hal_nxp/lib..__modules__hal__nxp.a(fsl_clock.c.obj)
                0x000000001800358c                CLOCK_GetWdtClkFreq
 .text.CLOCK_GetSystickClkFreq
                0x00000000180035b4       0x48 modules/hal_nxp/hal_nxp/lib..__modules__hal__nxp.a(fsl_clock.c.obj)
                0x00000000180035b4                CLOCK_GetSystickClkFreq
 .text.CLOCK_GetSdioClkFreq
                0x00000000180035fc       0x64 modules/hal_nxp/hal_nxp/lib..__modules__hal__nxp.a(fsl_clock.c.obj)
                0x00000000180035fc                CLOCK_GetSdioClkFreq
 .text.CLOCK_GetI3cClkFreq
                0x0000000018003660       0x34 modules/hal_nxp/hal_nxp/lib..__modules__hal__nxp.a(fsl_clock.c.obj)
                0x0000000018003660                CLOCK_GetI3cClkFreq
 .text.CLOCK_GetUsbClkFreq
                0x0000000018003694       0x34 modules/hal_nxp/hal_nxp/lib..__modules__hal__nxp.a(fsl_clock.c.obj)
                0x0000000018003694                CLOCK_GetUsbClkFreq
 .text.CLOCK_GetDmicClkFreq
                0x00000000180036c8       0x78 modules/hal_nxp/hal_nxp/lib..__modules__hal__nxp.a(fsl_clock.c.obj)
                0x00000000180036c8                CLOCK_GetDmicClkFreq
 .text.CLOCK_GetAcmpClkFreq
                0x0000000018003740       0x50 modules/hal_nxp/hal_nxp/lib..__modules__hal__nxp.a(fsl_clock.c.obj)
                0x0000000018003740                CLOCK_GetAcmpClkFreq
 .text.CLOCK_GetFreq
                0x0000000018003790      0x100 modules/hal_nxp/hal_nxp/lib..__modules__hal__nxp.a(fsl_clock.c.obj)
                0x0000000018003790                CLOCK_GetFreq
 .text.CLOCK_EnableFfroClk
                0x0000000018003890       0xc0 modules/hal_nxp/hal_nxp/lib..__modules__hal__nxp.a(fsl_clock.c.obj)
                0x0000000018003890                CLOCK_EnableFfroClk
 .text.CLOCK_EnableSfroClk
                0x0000000018003950       0x48 modules/hal_nxp/hal_nxp/lib..__modules__hal__nxp.a(fsl_clock.c.obj)
                0x0000000018003950                CLOCK_EnableSfroClk
 .text.CLOCK_InitSysPll
                0x0000000018003998      0x108 modules/hal_nxp/hal_nxp/lib..__modules__hal__nxp.a(fsl_clock.c.obj)
                0x0000000018003998                CLOCK_InitSysPll
 .text.CLOCK_InitSysPfd
                0x0000000018003aa0       0x44 modules/hal_nxp/hal_nxp/lib..__modules__hal__nxp.a(fsl_clock.c.obj)
                0x0000000018003aa0                CLOCK_InitSysPfd
 .text.CLOCK_InitAudioPll
                0x0000000018003ae4      0x108 modules/hal_nxp/hal_nxp/lib..__modules__hal__nxp.a(fsl_clock.c.obj)
                0x0000000018003ae4                CLOCK_InitAudioPll
 .text.CLOCK_InitAudioPfd
                0x0000000018003bec       0x44 modules/hal_nxp/hal_nxp/lib..__modules__hal__nxp.a(fsl_clock.c.obj)
                0x0000000018003bec                CLOCK_InitAudioPfd
 .text.CLOCK_EnableSysOscClk
                0x0000000018003c30       0x28 modules/hal_nxp/hal_nxp/lib..__modules__hal__nxp.a(fsl_clock.c.obj)
                0x0000000018003c30                CLOCK_EnableSysOscClk
 .text.POWER_ApplyPD
                0x0000000018003c58       0x1c modules/hal_nxp/hal_nxp/lib..__modules__hal__nxp.a(fsl_power.c.obj)
                0x0000000018003c58                POWER_ApplyPD
 .text.POWER_UpdateOscSettlingTime
                0x0000000018003c74        0xc modules/hal_nxp/hal_nxp/lib..__modules__hal__nxp.a(fsl_power.c.obj)
                0x0000000018003c74                POWER_UpdateOscSettlingTime
 .text.EnableDeepSleepIRQ
                0x0000000018003c80       0x3c modules/hal_nxp/hal_nxp/lib..__modules__hal__nxp.a(fsl_power.c.obj)
                0x0000000018003c80                EnableDeepSleepIRQ
 .text.RESET_SetPeripheralReset
                0x0000000018003cbc       0x68 modules/hal_nxp/hal_nxp/lib..__modules__hal__nxp.a(fsl_reset.c.obj)
                0x0000000018003cbc                RESET_SetPeripheralReset
 .text.RESET_ClearPeripheralReset
                0x0000000018003d24       0x74 modules/hal_nxp/hal_nxp/lib..__modules__hal__nxp.a(fsl_reset.c.obj)
                0x0000000018003d24                RESET_ClearPeripheralReset
 .text.SDK_DelayAtLeastUs
                0x0000000018003d98       0x20 modules/hal_nxp/hal_nxp/lib..__modules__hal__nxp.a(fsl_common_arm.c.obj)
                0x0000000018003d98                SDK_DelayAtLeastUs
 .text.getFFroFreq
                0x0000000018003db8       0x28 modules/hal_nxp/hal_nxp/lib..__modules__hal__nxp.a(system_MIMXRT685S_cm33.c.obj)
 .text.SystemCoreClockUpdate
                0x0000000018003de0      0x104 modules/hal_nxp/hal_nxp/lib..__modules__hal__nxp.a(system_MIMXRT685S_cm33.c.obj)
                0x0000000018003de0                SystemCoreClockUpdate
 .text.SystemInit
                0x0000000018003ee4       0x9c modules/hal_nxp/hal_nxp/lib..__modules__hal__nxp.a(system_MIMXRT685S_cm33.c.obj)
                0x0000000018003ee4                SystemInit
 .text.DMA_GetInstance
                0x0000000018003f80       0x1c modules/hal_nxp/hal_nxp/lib..__modules__hal__nxp.a(fsl_dma.c.obj)
 .text.DMA_Init
                0x0000000018003f9c       0x9c modules/hal_nxp/hal_nxp/lib..__modules__hal__nxp.a(fsl_dma.c.obj)
                0x0000000018003f9c                DMA_Init
 .text.DMA_CreateHandle
                0x0000000018004038       0x6c modules/hal_nxp/hal_nxp/lib..__modules__hal__nxp.a(fsl_dma.c.obj)
                0x0000000018004038                DMA_CreateHandle
 .text.DMA_SubmitChannelTransferParameter
                0x00000000180040a4       0x38 modules/hal_nxp/hal_nxp/lib..__modules__hal__nxp.a(fsl_dma.c.obj)
                0x00000000180040a4                DMA_SubmitChannelTransferParameter
 .text.DMA_IRQHandle
                0x00000000180040dc       0xcc modules/hal_nxp/hal_nxp/lib..__modules__hal__nxp.a(fsl_dma.c.obj)
                0x00000000180040dc                DMA_IRQHandle
 .text.CLOCK_EnableClock
                0x00000000180041a8       0x58 modules/hal_nxp/hal_nxp/lib..__modules__hal__nxp.a(fsl_gpio.c.obj)
 .text.GPIO_PortInit
                0x0000000018004200       0x24 modules/hal_nxp/hal_nxp/lib..__modules__hal__nxp.a(fsl_gpio.c.obj)
                0x0000000018004200                GPIO_PortInit
 .text.PINT_Init
                0x0000000018004224       0x54 modules/hal_nxp/hal_nxp/lib..__modules__hal__nxp.a(fsl_pint.c.obj)
                0x0000000018004224                PINT_Init
 .text.PINT_PinInterruptConfig
                0x0000000018004278       0x4c modules/hal_nxp/hal_nxp/lib..__modules__hal__nxp.a(fsl_pint.c.obj)
                0x0000000018004278                PINT_PinInterruptConfig
 .text.INPUTMUX_Init
                0x00000000180042c4       0x10 modules/hal_nxp/hal_nxp/lib..__modules__hal__nxp.a(fsl_inputmux.c.obj)
                0x00000000180042c4                INPUTMUX_Init
 .text.INPUTMUX_Deinit
                0x00000000180042d4       0x10 modules/hal_nxp/hal_nxp/lib..__modules__hal__nxp.a(fsl_inputmux.c.obj)
                0x00000000180042d4                INPUTMUX_Deinit
 .text.FLEXCOMM_GetInstance
                0x00000000180042e4       0x1c modules/hal_nxp/hal_nxp/lib..__modules__hal__nxp.a(fsl_flexcomm.c.obj)
                0x00000000180042e4                FLEXCOMM_GetInstance
 .text.FLEXCOMM_Init
                0x0000000018004300       0xcc modules/hal_nxp/hal_nxp/lib..__modules__hal__nxp.a(fsl_flexcomm.c.obj)
                0x0000000018004300                FLEXCOMM_Init
 .text.I2S_Config
                0x00000000180043cc       0x78 modules/hal_nxp/hal_nxp/lib..__modules__hal__nxp.a(fsl_i2s.c.obj)
 .text.OSTIMER_GetInstance
                0x0000000018004444       0x10 modules/hal_nxp/hal_nxp/lib..__modules__hal__nxp.a(fsl_ostimer.c.obj)
 .text.OSTIMER_HandleIRQ
                0x0000000018004454       0x24 modules/hal_nxp/hal_nxp/lib..__modules__hal__nxp.a(fsl_ostimer.c.obj)
                0x0000000018004454                OSTIMER_HandleIRQ
 .text.OSTIMER_Init
                0x0000000018004478       0x10 modules/hal_nxp/hal_nxp/lib..__modules__hal__nxp.a(fsl_ostimer.c.obj)
                0x0000000018004478                OSTIMER_Init
 .text.OSTIMER_SetMatchRawValue
                0x0000000018004488       0x90 modules/hal_nxp/hal_nxp/lib..__modules__hal__nxp.a(fsl_ostimer.c.obj)
                0x0000000018004488                OSTIMER_SetMatchRawValue
 .text.z_fatal_error
                0x0000000018004518       0x30 zephyr/kernel/libkernel.a(fatal.c.obj)
                0x0000000018004518                z_fatal_error
 .text.z_sys_init_run_level
                0x0000000018004548       0x48 zephyr/kernel/libkernel.a(init.c.obj)
 .text.bg_thread_main
                0x0000000018004590       0x34 zephyr/kernel/libkernel.a(init.c.obj)
 .text.z_bss_zero
                0x00000000180045c4       0x20 zephyr/kernel/libkernel.a(init.c.obj)
                0x00000000180045c4                z_bss_zero
 .text.z_init_cpu
                0x00000000180045e4       0x7c zephyr/kernel/libkernel.a(init.c.obj)
                0x00000000180045e4                z_init_cpu
 .text.z_cstart
                0x0000000018004660       0xf4 zephyr/kernel/libkernel.a(init.c.obj)
                0x0000000018004660                z_cstart
 .text.init_mem_slab_obj_core_list
                0x0000000018004754       0x24 zephyr/kernel/libkernel.a(mem_slab.c.obj)
 .text.k_mem_slab_alloc
                0x0000000018004778       0x5c zephyr/kernel/libkernel.a(mem_slab.c.obj)
                0x0000000018004778                k_mem_slab_alloc
 .text.z_setup_new_thread
                0x00000000180047d4       0x7c zephyr/kernel/libkernel.a(thread.c.obj)
                0x00000000180047d4                z_setup_new_thread
 .text.z_init_static_threads
                0x0000000018004850       0x98 zephyr/kernel/libkernel.a(thread.c.obj)
                0x0000000018004850                z_init_static_threads
 .text.z_impl_k_msgq_put
                0x00000000180048e8       0xa0 zephyr/kernel/libkernel.a(msg_q.c.obj)
                0x00000000180048e8                z_impl_k_msgq_put
 .text.z_impl_k_msgq_get
                0x0000000018004988       0xb4 zephyr/kernel/libkernel.a(msg_q.c.obj)
                0x0000000018004988                z_impl_k_msgq_get
 .text.sliceable
                0x0000000018004a3c       0x3c zephyr/kernel/libkernel.a(sched.c.obj)
 .text.slice_timeout
                0x0000000018004a78       0x20 zephyr/kernel/libkernel.a(sched.c.obj)
 .text.z_reset_time_slice
                0x0000000018004a98       0x50 zephyr/kernel/libkernel.a(sched.c.obj)
                0x0000000018004a98                z_reset_time_slice
 .text.update_cache
                0x0000000018004ae8       0x3c zephyr/kernel/libkernel.a(sched.c.obj)
 .text.move_thread_to_end_of_prio_q
                0x0000000018004b24       0x74 zephyr/kernel/libkernel.a(sched.c.obj)
 .text.ready_thread
                0x0000000018004b98       0x68 zephyr/kernel/libkernel.a(sched.c.obj)
 .text.unready_thread
                0x0000000018004c00       0x30 zephyr/kernel/libkernel.a(sched.c.obj)
 .text.pend_locked
                0x0000000018004c30       0x30 zephyr/kernel/libkernel.a(sched.c.obj)
 .text.z_time_slice
                0x0000000018004c60       0x60 zephyr/kernel/libkernel.a(sched.c.obj)
                0x0000000018004c60                z_time_slice
 .text.z_pend_curr
                0x0000000018004cc0       0x3c zephyr/kernel/libkernel.a(sched.c.obj)
                0x0000000018004cc0                z_pend_curr
 .text.z_reschedule
                0x0000000018004cfc       0x24 zephyr/kernel/libkernel.a(sched.c.obj)
                0x0000000018004cfc                z_reschedule
 .text.z_sched_start
                0x0000000018004d20       0x3c zephyr/kernel/libkernel.a(sched.c.obj)
                0x0000000018004d20                z_sched_start
 .text.k_sched_lock
                0x0000000018004d5c       0x28 zephyr/kernel/libkernel.a(sched.c.obj)
                0x0000000018004d5c                k_sched_lock
 .text.k_sched_unlock
                0x0000000018004d84       0x38 zephyr/kernel/libkernel.a(sched.c.obj)
                0x0000000018004d84                k_sched_unlock
 .text.z_sched_init
                0x0000000018004dbc       0x10 zephyr/kernel/libkernel.a(sched.c.obj)
                0x0000000018004dbc                z_sched_init
 .text.z_impl_k_sched_current_thread_query
                0x0000000018004dcc        0xc zephyr/kernel/libkernel.a(sched.c.obj)
                0x0000000018004dcc                z_impl_k_sched_current_thread_query
 .text.z_thread_abort
                0x0000000018004dd8       0xc0 zephyr/kernel/libkernel.a(sched.c.obj)
                0x0000000018004dd8                z_thread_abort
 .text.z_data_copy
                0x0000000018004e98       0x38 zephyr/kernel/libkernel.a(xip.c.obj)
                0x0000000018004e98                z_data_copy
 .text.elapsed  0x0000000018004ed0       0x14 zephyr/kernel/libkernel.a(timeout.c.obj)
 .text.next_timeout
                0x0000000018004ee4       0x40 zephyr/kernel/libkernel.a(timeout.c.obj)
 .text.remove_timeout
                0x0000000018004f24       0x38 zephyr/kernel/libkernel.a(timeout.c.obj)
 .text.z_add_timeout
                0x0000000018004f5c       0xec zephyr/kernel/libkernel.a(timeout.c.obj)
                0x0000000018004f5c                z_add_timeout
 .text.sys_clock_announce
                0x0000000018005048       0xd4 zephyr/kernel/libkernel.a(timeout.c.obj)
                0x0000000018005048                sys_clock_announce
 .text.boot_banner
                0x000000001800511c        0xc zephyr/kernel/libkernel.a(banner.c.obj)
                0x000000001800511c                boot_banner
 .text.statics_init
                0x0000000018005128       0x24 zephyr/kernel/libkernel.a(kheap.c.obj)
 .text.data_copy_xip_relocation
                0x000000001800514c       0x18 zephyr/libcode_relocation_source_lib.a(code_relocation.c.obj)
                0x000000001800514c                data_copy_xip_relocation
 .text.printf   0x0000000018005164       0x24 c:\users\ext_basver\zephyr-sdk-0.16.5-1\arm-zephyr-eabi\bin\../lib/gcc/../../picolibc/arm-zephyr-eabi/lib/thumb/v8-m.main/nofp\libc.a(libc_tinystdio_printf.c.o)
                0x0000000018005164                printf
 .text.puts     0x0000000018005188       0x40 c:\users\ext_basver\zephyr-sdk-0.16.5-1\arm-zephyr-eabi\bin\../lib/gcc/../../picolibc/arm-zephyr-eabi/lib/thumb/v8-m.main/nofp\libc.a(libc_tinystdio_puts.c.o)
                0x0000000018005188                puts
 .text.__i_vfprintf
                0x00000000180051c8      0x498 c:\users\ext_basver\zephyr-sdk-0.16.5-1\arm-zephyr-eabi\bin\../lib/gcc/../../picolibc/arm-zephyr-eabi/lib/thumb/v8-m.main/nofp\libc.a(libc_tinystdio_vfiprintf.c.o)
                0x00000000180051c8                __i_vfprintf
 .text._OffsetAbsSyms
                0x0000000018005660        0x2 zephyr/CMakeFiles/offsets.dir/./arch/arm/core/offsets/offsets.c.obj
                0x0000000018005660                _OffsetAbsSyms
 .text.arch_printk_char_out
                0x0000000018005662        0x4 zephyr/libzephyr.a(printk.c.obj)
                0x0000000018005662                arch_printk_char_out
 .text.printk   0x0000000018005666       0x1a zephyr/libzephyr.a(printk.c.obj)
                0x0000000018005666                printk
 .text.chunk_field
                0x0000000018005680       0x16 zephyr/libzephyr.a(heap.c.obj)
 .text.chunk_set
                0x0000000018005696       0x16 zephyr/libzephyr.a(heap.c.obj)
 .text.chunk_size
                0x00000000180056ac        0xc zephyr/libzephyr.a(heap.c.obj)
 .text.set_chunk_used
                0x00000000180056b8       0x30 zephyr/libzephyr.a(heap.c.obj)
 .text.set_chunk_size
                0x00000000180056e8        0x8 zephyr/libzephyr.a(heap.c.obj)
 .text.bucket_idx.isra.0
                0x00000000180056f0       0x1c zephyr/libzephyr.a(heap.c.obj)
 .text.free_list_add
                0x000000001800570c       0x84 zephyr/libzephyr.a(heap.c.obj)
 .text.sys_heap_init
                0x0000000018005790       0xb0 zephyr/libzephyr.a(heap.c.obj)
                0x0000000018005790                sys_heap_init
 .text._ConfigAbsSyms
                0x0000000018005840        0x2 zephyr/libzephyr.a(configs.c.obj)
                0x0000000018005840                _ConfigAbsSyms
 .text.z_arm_platform_init
                0x0000000018005842        0x4 zephyr/libzephyr.a(soc.c.obj)
                0x0000000018005842                z_arm_platform_init
 .text.z_arm_fatal_error
                0x0000000018005846        0x4 zephyr/arch/arch/arm/core/libarch__arm__core.a(fatal.c.obj)
                0x0000000018005846                z_arm_fatal_error
 .text.z_do_kernel_oops
                0x000000001800584a        0x8 zephyr/arch/arch/arm/core/libarch__arm__core.a(fatal.c.obj)
                0x000000001800584a                z_do_kernel_oops
 .text.z_arm_nmi
                0x0000000018005852        0xe zephyr/arch/arch/arm/core/libarch__arm__core.a(nmi.c.obj)
                0x0000000018005852                z_arm_nmi
 .text.z_irq_spurious
                0x0000000018005860        0x8 zephyr/arch/arch/arm/core/cortex_m/libarch__arm__core__cortex_m.a(irq_manage.c.obj)
                0x0000000018005860                z_irq_spurious
 .text.configure_builtin_stack_guard
                0x0000000018005868        0x8 zephyr/arch/arch/arm/core/cortex_m/libarch__arm__core__cortex_m.a(thread.c.obj)
                0x0000000018005868                configure_builtin_stack_guard
 .text.arm_cmse_mpu_region_get
                0x0000000018005870       0x12 zephyr/arch/arch/arm/core/cortex_m/cmse/libarch__arm__core__cortex_m__cmse.a(arm_core_cmse.c.obj)
                0x0000000018005870                arm_cmse_mpu_region_get
 .text.mpu_configure_region
                0x0000000018005882       0x3a zephyr/arch/arch/arm/core/mpu/libarch__arm__core__mpu.a(arm_mpu.c.obj)
 .text.picolibc_put
                0x00000000180058bc        0xa zephyr/lib/libc/picolibc/liblib__libc__picolibc.a(libc-hooks.c.obj)
 .text.mcux_lpc_syscon_clock_control_on
                0x00000000180058c6        0x4 zephyr/drivers/clock_control/libdrivers__clock_control.a(clock_control_mcux_syscon.c.obj)
 .text.mcux_lpc_syscon_clock_control_get_subsys_rate
                0x00000000180058ca       0x8a zephyr/drivers/clock_control/libdrivers__clock_control.a(clock_control_mcux_syscon.c.obj)
 .text.mcux_lpc_syscon_clock_control_off
                0x0000000018005954        0x4 zephyr/drivers/clock_control/libdrivers__clock_control.a(clock_control_mcux_syscon.c.obj)
 .text.DMA_DisableChannel
                0x0000000018005958       0x1c zephyr/drivers/dma/libdrivers__dma.a(dma_mcux_lpc.c.obj)
 .text.dma_mcux_lpc_get_status
                0x0000000018005974       0x4a zephyr/drivers/dma/libdrivers__dma.a(dma_mcux_lpc.c.obj)
 .text.dma_mcux_lpc_stop
                0x00000000180059be       0x38 zephyr/drivers/dma/libdrivers__dma.a(dma_mcux_lpc.c.obj)
 .text.nxp_lpc_dma_callback
                0x00000000180059f6       0x48 zephyr/drivers/dma/libdrivers__dma.a(dma_mcux_lpc.c.obj)
 .text.dma_mcux_lpc_start
                0x0000000018005a3e       0x2a zephyr/drivers/dma/libdrivers__dma.a(dma_mcux_lpc.c.obj)
 .text.dma_mcux_lpc_config_func_0
                0x0000000018005a68       0x16 zephyr/drivers/dma/libdrivers__dma.a(dma_mcux_lpc.c.obj)
 .text.dma_mcux_lpc_irq_handler
                0x0000000018005a7e        0x8 zephyr/drivers/dma/libdrivers__dma.a(dma_mcux_lpc.c.obj)
 .text.dma_mcux_lpc_queue_descriptors
                0x0000000018005a86      0x138 zephyr/drivers/dma/libdrivers__dma.a(dma_mcux_lpc.c.obj)
 .text.gpio_mcux_lpc_configure
                0x0000000018005bbe       0xbe zephyr/drivers/gpio/libdrivers__gpio.a(gpio_mcux_lpc.c.obj)
 .text.gpio_mcux_lpc_port_get_raw
                0x0000000018005c7c       0x14 zephyr/drivers/gpio/libdrivers__gpio.a(gpio_mcux_lpc.c.obj)
 .text.gpio_mcux_lpc_port_set_masked_raw
                0x0000000018005c90       0x20 zephyr/drivers/gpio/libdrivers__gpio.a(gpio_mcux_lpc.c.obj)
 .text.gpio_mcux_lpc_port_set_bits_raw
                0x0000000018005cb0       0x12 zephyr/drivers/gpio/libdrivers__gpio.a(gpio_mcux_lpc.c.obj)
 .text.gpio_mcux_lpc_port_clear_bits_raw
                0x0000000018005cc2       0x12 zephyr/drivers/gpio/libdrivers__gpio.a(gpio_mcux_lpc.c.obj)
 .text.gpio_mcux_lpc_port_toggle_bits
                0x0000000018005cd4       0x12 zephyr/drivers/gpio/libdrivers__gpio.a(gpio_mcux_lpc.c.obj)
 .text.gpio_mcux_lpc_manage_cb
                0x0000000018005ce6       0x52 zephyr/drivers/gpio/libdrivers__gpio.a(gpio_mcux_lpc.c.obj)
 .text.gpio_mcux_lpc_init.isra.0
                0x0000000018005d38        0x8 zephyr/drivers/gpio/libdrivers__gpio.a(gpio_mcux_lpc.c.obj)
 .text.lpc_gpio_init_0
                0x0000000018005d40        0xc zephyr/drivers/gpio/libdrivers__gpio.a(gpio_mcux_lpc.c.obj)
 .text.gpio_fire_callbacks.isra.0
                0x0000000018005d4c       0x2a zephyr/drivers/gpio/libdrivers__gpio.a(gpio_mcux_lpc.c.obj)
 .text.gpio_mcux_lpc_pint_cb
                0x0000000018005d76       0x14 zephyr/drivers/gpio/libdrivers__gpio.a(gpio_mcux_lpc.c.obj)
 .text.lpc_gpio_init_5
                0x0000000018005d8a        0xc zephyr/drivers/gpio/libdrivers__gpio.a(gpio_mcux_lpc.c.obj)
 .text.lpc_gpio_init_1
                0x0000000018005d96        0xc zephyr/drivers/gpio/libdrivers__gpio.a(gpio_mcux_lpc.c.obj)
 .text.lpc_gpio_init_2
                0x0000000018005da2        0xc zephyr/drivers/gpio/libdrivers__gpio.a(gpio_mcux_lpc.c.obj)
 .text.lpc_gpio_init_3
                0x0000000018005dae        0xc zephyr/drivers/gpio/libdrivers__gpio.a(gpio_mcux_lpc.c.obj)
 .text.lpc_gpio_init_4
                0x0000000018005dba        0xc zephyr/drivers/gpio/libdrivers__gpio.a(gpio_mcux_lpc.c.obj)
 .text.dma_start
                0x0000000018005dc6        0x6 zephyr/drivers/i2s/libdrivers__i2s.a(i2s_mcux_flexcomm.c.obj)
 .text.i2s_mcux_config_get
                0x0000000018005dcc       0x10 zephyr/drivers/i2s/libdrivers__i2s.a(i2s_mcux_flexcomm.c.obj)
 .text.i2s_mcux_isr
                0x0000000018005ddc       0x2a zephyr/drivers/i2s/libdrivers__i2s.a(i2s_mcux_flexcomm.c.obj)
 .text.i2s_mcux_config_func_0
                0x0000000018005e06       0x16 zephyr/drivers/i2s/libdrivers__i2s.a(i2s_mcux_flexcomm.c.obj)
 .text.i2s_mcux_config_func_1
                0x0000000018005e1c       0x16 zephyr/drivers/i2s/libdrivers__i2s.a(i2s_mcux_flexcomm.c.obj)
 .text.i2s_mcux_configure
                0x0000000018005e32      0x1a8 zephyr/drivers/i2s/libdrivers__i2s.a(i2s_mcux_flexcomm.c.obj)
 .text.i2s_mcux_config_dma_blocks
                0x0000000018005fda       0x92 zephyr/drivers/i2s/libdrivers__i2s.a(i2s_mcux_flexcomm.c.obj)
 .text.i2s_mcux_init
                0x000000001800606c       0x9c zephyr/drivers/i2s/libdrivers__i2s.a(i2s_mcux_flexcomm.c.obj)
 .text.i2s_mcux_read
                0x0000000018006108       0x48 zephyr/drivers/i2s/libdrivers__i2s.a(i2s_mcux_flexcomm.c.obj)
 .text.i2s_purge_stream_buffers
                0x0000000018006150       0x5a zephyr/drivers/i2s/libdrivers__i2s.a(i2s_mcux_flexcomm.c.obj)
 .text.i2s_mcux_tx_stream_disable
                0x00000000180061aa       0x76 zephyr/drivers/i2s/libdrivers__i2s.a(i2s_mcux_flexcomm.c.obj)
 .text.i2s_mcux_dma_tx_callback
                0x0000000018006220       0x96 zephyr/drivers/i2s/libdrivers__i2s.a(i2s_mcux_flexcomm.c.obj)
 .text.i2s_mcux_rx_stream_disable
                0x00000000180062b6       0x54 zephyr/drivers/i2s/libdrivers__i2s.a(i2s_mcux_flexcomm.c.obj)
 .text.i2s_mcux_dma_rx_callback
                0x000000001800630a       0xc0 zephyr/drivers/i2s/libdrivers__i2s.a(i2s_mcux_flexcomm.c.obj)
 .text.i2s_mcux_write
                0x00000000180063ca       0x3c zephyr/drivers/i2s/libdrivers__i2s.a(i2s_mcux_flexcomm.c.obj)
 .text.i2s_mcux_trigger
                0x0000000018006406      0x1a0 zephyr/drivers/i2s/libdrivers__i2s.a(i2s_mcux_flexcomm.c.obj)
 .text.pinctrl_lookup_state
                0x00000000180065a6       0x26 zephyr/drivers/pinctrl/libdrivers__pinctrl.a(common.c.obj)
                0x00000000180065a6                pinctrl_lookup_state
 .text.pinctrl_configure_pins
                0x00000000180065cc       0x3a zephyr/drivers/pinctrl/libdrivers__pinctrl.a(pinctrl_lpc_iocon.c.obj)
                0x00000000180065cc                pinctrl_configure_pins
 .text.USART_GetStatusFlags
                0x0000000018006606       0x24 zephyr/drivers/serial/libdrivers__serial.a(uart_mcux_flexcomm.c.obj)
 .text.mcux_flexcomm_poll_in
                0x000000001800662a       0x20 zephyr/drivers/serial/libdrivers__serial.a(uart_mcux_flexcomm.c.obj)
 .text.mcux_flexcomm_poll_out
                0x000000001800664a       0x18 zephyr/drivers/serial/libdrivers__serial.a(uart_mcux_flexcomm.c.obj)
 .text.mcux_flexcomm_err_check
                0x0000000018006662       0x42 zephyr/drivers/serial/libdrivers__serial.a(uart_mcux_flexcomm.c.obj)
 .text.mcux_flexcomm_fifo_fill
                0x00000000180066a4       0x32 zephyr/drivers/serial/libdrivers__serial.a(uart_mcux_flexcomm.c.obj)
 .text.mcux_flexcomm_fifo_read
                0x00000000180066d6       0x32 zephyr/drivers/serial/libdrivers__serial.a(uart_mcux_flexcomm.c.obj)
 .text.mcux_flexcomm_irq_tx_complete
                0x0000000018006708        0xc zephyr/drivers/serial/libdrivers__serial.a(uart_mcux_flexcomm.c.obj)
 .text.mcux_flexcomm_irq_tx_ready
                0x0000000018006714       0x22 zephyr/drivers/serial/libdrivers__serial.a(uart_mcux_flexcomm.c.obj)
 .text.mcux_flexcomm_irq_rx_disable
                0x0000000018006736       0x10 zephyr/drivers/serial/libdrivers__serial.a(uart_mcux_flexcomm.c.obj)
 .text.mcux_flexcomm_irq_rx_full
                0x0000000018006746       0x10 zephyr/drivers/serial/libdrivers__serial.a(uart_mcux_flexcomm.c.obj)
 .text.mcux_flexcomm_irq_err_enable
                0x0000000018006756       0x12 zephyr/drivers/serial/libdrivers__serial.a(uart_mcux_flexcomm.c.obj)
 .text.mcux_flexcomm_irq_update
                0x0000000018006768        0x4 zephyr/drivers/serial/libdrivers__serial.a(uart_mcux_flexcomm.c.obj)
 .text.mcux_flexcomm_irq_callback_set
                0x000000001800676c        0x8 zephyr/drivers/serial/libdrivers__serial.a(uart_mcux_flexcomm.c.obj)
 .text.mcux_flexcomm_uart_config_get
                0x0000000018006774       0x10 zephyr/drivers/serial/libdrivers__serial.a(uart_mcux_flexcomm.c.obj)
 .text.mcux_flexcomm_isr
                0x0000000018006784        0xc zephyr/drivers/serial/libdrivers__serial.a(uart_mcux_flexcomm.c.obj)
 .text.mcux_flexcomm_irq_config_func_0
                0x0000000018006790       0x16 zephyr/drivers/serial/libdrivers__serial.a(uart_mcux_flexcomm.c.obj)
 .text.mcux_flexcomm_irq_config_func_1
                0x00000000180067a6       0x16 zephyr/drivers/serial/libdrivers__serial.a(uart_mcux_flexcomm.c.obj)
 .text.mcux_flexcomm_irq_err_disable
                0x00000000180067bc       0x12 zephyr/drivers/serial/libdrivers__serial.a(uart_mcux_flexcomm.c.obj)
 .text.mcux_flexcomm_irq_tx_enable
                0x00000000180067ce       0x10 zephyr/drivers/serial/libdrivers__serial.a(uart_mcux_flexcomm.c.obj)
 .text.mcux_flexcomm_irq_tx_disable
                0x00000000180067de       0x10 zephyr/drivers/serial/libdrivers__serial.a(uart_mcux_flexcomm.c.obj)
 .text.mcux_flexcomm_irq_rx_enable
                0x00000000180067ee       0x10 zephyr/drivers/serial/libdrivers__serial.a(uart_mcux_flexcomm.c.obj)
 .text.mcux_flexcomm_irq_is_pending
                0x00000000180067fe       0x2c zephyr/drivers/serial/libdrivers__serial.a(uart_mcux_flexcomm.c.obj)
 .text.mcux_flexcomm_init
                0x000000001800682a       0xac zephyr/drivers/serial/libdrivers__serial.a(uart_mcux_flexcomm.c.obj)
 .text.CLOCK_AttachClk
                0x00000000180068d6       0x3c modules/hal_nxp/hal_nxp/lib..__modules__hal__nxp.a(fsl_clock.c.obj)
                0x00000000180068d6                CLOCK_AttachClk
 .text.CLOCK_SetClkDiv
                0x0000000018006912       0x34 modules/hal_nxp/hal_nxp/lib..__modules__hal__nxp.a(fsl_clock.c.obj)
                0x0000000018006912                CLOCK_SetClkDiv
 .text.RESET_PeripheralReset
                0x0000000018006946       0x12 modules/hal_nxp/hal_nxp/lib..__modules__hal__nxp.a(fsl_reset.c.obj)
                0x0000000018006946                RESET_PeripheralReset
 .text.SystemInitHook
                0x0000000018006958        0x2 modules/hal_nxp/hal_nxp/lib..__modules__hal__nxp.a(system_MIMXRT685S_cm33.c.obj)
                0x0000000018006958                SystemInitHook
 .text.DMA_GetRemainingBytes
                0x000000001800695a       0x40 modules/hal_nxp/hal_nxp/lib..__modules__hal__nxp.a(fsl_dma.c.obj)
                0x000000001800695a                DMA_GetRemainingBytes
 .text.DMA_SetupDescriptor
                0x000000001800699a       0x68 modules/hal_nxp/hal_nxp/lib..__modules__hal__nxp.a(fsl_dma.c.obj)
                0x000000001800699a                DMA_SetupDescriptor
 .text.DMA_AbortTransfer
                0x0000000018006a02       0x64 modules/hal_nxp/hal_nxp/lib..__modules__hal__nxp.a(fsl_dma.c.obj)
                0x0000000018006a02                DMA_AbortTransfer
 .text.DMA_SetCallback
                0x0000000018006a66        0x6 modules/hal_nxp/hal_nxp/lib..__modules__hal__nxp.a(fsl_dma.c.obj)
                0x0000000018006a66                DMA_SetCallback
 .text.DMA_StartTransfer
                0x0000000018006a6c       0x3c modules/hal_nxp/hal_nxp/lib..__modules__hal__nxp.a(fsl_dma.c.obj)
                0x0000000018006a6c                DMA_StartTransfer
 .text.GPIO_SetPinInterruptConfig
                0x0000000018006aa8       0x36 modules/hal_nxp/hal_nxp/lib..__modules__hal__nxp.a(fsl_gpio.c.obj)
                0x0000000018006aa8                GPIO_SetPinInterruptConfig
 .text.GPIO_PinEnableInterrupt
                0x0000000018006ade       0x36 modules/hal_nxp/hal_nxp/lib..__modules__hal__nxp.a(fsl_gpio.c.obj)
                0x0000000018006ade                GPIO_PinEnableInterrupt
 .text.GPIO_PinDisableInterrupt
                0x0000000018006b14       0x3a modules/hal_nxp/hal_nxp/lib..__modules__hal__nxp.a(fsl_gpio.c.obj)
                0x0000000018006b14                GPIO_PinDisableInterrupt
 .text.PINT_PinInterruptClrStatus
                0x0000000018006b4e       0x16 modules/hal_nxp/hal_nxp/lib..__modules__hal__nxp.a(fsl_pint.c.obj)
                0x0000000018006b4e                PINT_PinInterruptClrStatus
 .text.INPUTMUX_AttachSignal
                0x0000000018006b64        0xe modules/hal_nxp/hal_nxp/lib..__modules__hal__nxp.a(fsl_inputmux.c.obj)
                0x0000000018006b64                INPUTMUX_AttachSignal
 .text.I2S_TxInit
                0x0000000018006b72       0x38 modules/hal_nxp/hal_nxp/lib..__modules__hal__nxp.a(fsl_i2s.c.obj)
                0x0000000018006b72                I2S_TxInit
 .text.I2S_RxInit
                0x0000000018006baa       0x32 modules/hal_nxp/hal_nxp/lib..__modules__hal__nxp.a(fsl_i2s.c.obj)
                0x0000000018006baa                I2S_RxInit
 .text.I2S_TxGetDefaultConfig
                0x0000000018006bdc       0x26 modules/hal_nxp/hal_nxp/lib..__modules__hal__nxp.a(fsl_i2s.c.obj)
                0x0000000018006bdc                I2S_TxGetDefaultConfig
 .text.I2S_RxGetDefaultConfig
                0x0000000018006c02       0x22 modules/hal_nxp/hal_nxp/lib..__modules__hal__nxp.a(fsl_i2s.c.obj)
                0x0000000018006c02                I2S_RxGetDefaultConfig
 .text.OSTIMER_GetCurrentTimerValue
                0x0000000018006c24       0x20 modules/hal_nxp/hal_nxp/lib..__modules__hal__nxp.a(fsl_ostimer.c.obj)
                0x0000000018006c24                OSTIMER_GetCurrentTimerValue
 .text.OSTIMER_SetMatchValue
                0x0000000018006c44       0x10 modules/hal_nxp/hal_nxp/lib..__modules__hal__nxp.a(fsl_ostimer.c.obj)
                0x0000000018006c44                OSTIMER_SetMatchValue
 .text.USART_Deinit
                0x0000000018006c54       0x22 modules/hal_nxp/hal_nxp/lib..__modules__hal__nxp.a(fsl_usart.c.obj)
                0x0000000018006c54                USART_Deinit
 .text.USART_GetDefaultConfig
                0x0000000018006c76       0x1c modules/hal_nxp/hal_nxp/lib..__modules__hal__nxp.a(fsl_usart.c.obj)
                0x0000000018006c76                USART_GetDefaultConfig
 .text.USART_SetBaudRate
                0x0000000018006c92       0xb6 modules/hal_nxp/hal_nxp/lib..__modules__hal__nxp.a(fsl_usart.c.obj)
                0x0000000018006c92                USART_SetBaudRate
 .text.USART_Init
                0x0000000018006d48      0x138 modules/hal_nxp/hal_nxp/lib..__modules__hal__nxp.a(fsl_usart.c.obj)
                0x0000000018006d48                USART_Init
 .text.USART_Enable9bitMode
                0x0000000018006e80       0x1e modules/hal_nxp/hal_nxp/lib..__modules__hal__nxp.a(fsl_usart.c.obj)
                0x0000000018006e80                USART_Enable9bitMode
 .text.z_device_state_init
                0x0000000018006e9e        0x2 zephyr/kernel/libkernel.a(device.c.obj)
                0x0000000018006e9e                z_device_state_init
 .text.z_device_is_ready
                0x0000000018006ea0       0x16 zephyr/kernel/libkernel.a(device.c.obj)
                0x0000000018006ea0                z_device_is_ready
 .text.arch_system_halt
                0x0000000018006eb6       0x12 zephyr/kernel/libkernel.a(fatal.c.obj)
                0x0000000018006eb6                arch_system_halt
 .text.k_sys_fatal_error_handler
                0x0000000018006ec8        0x6 zephyr/kernel/libkernel.a(fatal.c.obj)
                0x0000000018006ec8                k_sys_fatal_error_handler
 .text.z_early_memset
                0x0000000018006ece        0x4 zephyr/kernel/libkernel.a(init.c.obj)
                0x0000000018006ece                z_early_memset
 .text.z_early_memcpy
                0x0000000018006ed2        0x4 zephyr/kernel/libkernel.a(init.c.obj)
                0x0000000018006ed2                z_early_memcpy
 .text.create_free_list
                0x0000000018006ed6       0x2c zephyr/kernel/libkernel.a(mem_slab.c.obj)
 .text.k_mem_slab_free
                0x0000000018006f02       0x4c zephyr/kernel/libkernel.a(mem_slab.c.obj)
                0x0000000018006f02                k_mem_slab_free
 .text.idle     0x0000000018006f4e       0x18 zephyr/kernel/libkernel.a(idle.c.obj)
                0x0000000018006f4e                idle
 .text.k_msgq_init
                0x0000000018006f66       0x1e zephyr/kernel/libkernel.a(msg_q.c.obj)
                0x0000000018006f66                k_msgq_init
 .text.sys_dlist_remove
                0x0000000018006f84       0x10 zephyr/kernel/libkernel.a(sched.c.obj)
 .text.unpend_thread_no_timeout
                0x0000000018006f94       0x14 zephyr/kernel/libkernel.a(sched.c.obj)
 .text.add_to_waitq_locked
                0x0000000018006fa8       0x50 zephyr/kernel/libkernel.a(sched.c.obj)
 .text.z_ready_thread
                0x0000000018006ff8       0x20 zephyr/kernel/libkernel.a(sched.c.obj)
                0x0000000018006ff8                z_ready_thread
 .text.z_sched_wake_thread
                0x0000000018007018       0x44 zephyr/kernel/libkernel.a(sched.c.obj)
                0x0000000018007018                z_sched_wake_thread
 .text.z_thread_timeout
                0x000000001800705c        0x8 zephyr/kernel/libkernel.a(sched.c.obj)
                0x000000001800705c                z_thread_timeout
 .text.z_unpend_first_thread
                0x0000000018007064       0x38 zephyr/kernel/libkernel.a(sched.c.obj)
                0x0000000018007064                z_unpend_first_thread
 .text.z_reschedule_irqlock
                0x000000001800709c       0x18 zephyr/kernel/libkernel.a(sched.c.obj)
                0x000000001800709c                z_reschedule_irqlock
 .text.z_reschedule_unlocked
                0x00000000180070b4       0x14 zephyr/kernel/libkernel.a(sched.c.obj)
 .text.z_abort_timeout
                0x00000000180070c8       0x2c zephyr/kernel/libkernel.a(timeout.c.obj)
                0x00000000180070c8                z_abort_timeout
 .text.k_heap_init
                0x00000000180070f4       0x10 zephyr/kernel/libkernel.a(kheap.c.obj)
                0x00000000180070f4                k_heap_init
 .text.bss_zeroing_relocation
                0x0000000018007104        0x2 zephyr/libcode_relocation_source_lib.a(code_relocation.c.obj)
                0x0000000018007104                bss_zeroing_relocation
 .text.strnlen  0x0000000018007106       0x18 c:\users\ext_basver\zephyr-sdk-0.16.5-1\arm-zephyr-eabi\bin\../lib/gcc/../../picolibc/arm-zephyr-eabi/lib/thumb/v8-m.main/nofp\libc.a(libc_string_strnlen.c.o)
                0x0000000018007106                strnlen
 .text.__ultoa_invert
                0x000000001800711e       0x34 c:\users\ext_basver\zephyr-sdk-0.16.5-1\arm-zephyr-eabi\bin\../lib/gcc/../../picolibc/arm-zephyr-eabi/lib/thumb/v8-m.main/nofp\libc.a(libc_tinystdio_vfiprintf.c.o)
 .text.memcpy   0x0000000018007152       0x1a c:\users\ext_basver\zephyr-sdk-0.16.5-1\arm-zephyr-eabi\bin\../lib/gcc/../../picolibc/arm-zephyr-eabi/lib/thumb/v8-m.main/nofp\libc.a(memcpy.c.o)
                0x0000000018007152                __aeabi_memcpy
                0x0000000018007152                __aeabi_memcpy4
                0x0000000018007152                __aeabi_memcpy8
                0x0000000018007152                memcpy
 .text.memset   0x000000001800716c       0x10 c:\users\ext_basver\zephyr-sdk-0.16.5-1\arm-zephyr-eabi\bin\../lib/gcc/../../picolibc/arm-zephyr-eabi/lib/thumb/v8-m.main/nofp\libc.a(memset.c.o)
                0x000000001800716c                memset
 *(SORT_BY_ALIGNMENT(.TEXT.*))
 .TEXT.__aeabi_read_tp
                0x000000001800717c        0xc zephyr/arch/arch/arm/core/cortex_m/libarch__arm__core__cortex_m.a(__aeabi_read_tp.S.obj)
                0x000000001800717c                __aeabi_read_tp
 .TEXT.__aeabi_read_tp.__stub
                0x0000000018007188       0x10 linker stubs
 *(SORT_BY_ALIGNMENT(.gnu.linkonce.t.*))
 *(SORT_BY_ALIGNMENT(.glue_7t))
 .glue_7t       0x0000000018007198        0x0 linker stubs
 *(SORT_BY_ALIGNMENT(.glue_7))
 .glue_7        0x0000000018007198        0x0 linker stubs
 *(SORT_BY_ALIGNMENT(.vfp11_veneer))
 .vfp11_veneer  0x0000000018007198        0x0 linker stubs
 *(SORT_BY_ALIGNMENT(.v4_bx))
 .v4_bx         0x0000000018007198        0x0 linker stubs
                0x0000000018007198                . = ALIGN (0x4)
                0x0000000018007198                __text_region_end = .

.ARM.exidx      0x0000000018007198        0x8
                0x0000000018007198                __exidx_start = .
 *(SORT_BY_ALIGNMENT(.ARM.exidx*) SORT_BY_ALIGNMENT(gnu.linkonce.armexidx.*))
 .ARM.exidx     0x0000000018007198        0x8 c:/users/ext_basver/zephyr-sdk-0.16.5-1/arm-zephyr-eabi/bin/../lib/gcc/arm-zephyr-eabi/12.2.0/thumb/v8-m.main/nofp\libgcc.a(_udivmoddi4.o)
                0x00000000180071a0                __exidx_end = .
                0x00000000180071a0                __rodata_region_start = .

initlevel       0x00000000180071a0       0xa8
                0x00000000180071a0                __init_start = .
                0x00000000180071a0                __init_EARLY_start = .
 *(SORT_BY_NAME(SORT_BY_ALIGNMENT(.z_init_EARLY?_*)))
 *(SORT_BY_NAME(SORT_BY_ALIGNMENT(.z_init_EARLY??_*)))
                0x00000000180071a0                __init_PRE_KERNEL_1_start = .
 *(SORT_BY_NAME(SORT_BY_ALIGNMENT(.z_init_PRE_KERNEL_1?_*)))
 .z_init_PRE_KERNEL_10_0_
                0x00000000180071a0        0x8 zephyr/libzephyr.a(soc.c.obj)
 *(SORT_BY_NAME(SORT_BY_ALIGNMENT(.z_init_PRE_KERNEL_1??_*)))
 .z_init_PRE_KERNEL_130_00023_
                0x00000000180071a8        0x8 zephyr/drivers/clock_control/libdrivers__clock_control.a(clock_control_mcux_syscon.c.obj)
 .z_init_PRE_KERNEL_130_00032_
                0x00000000180071b0        0x8 zephyr/drivers/clock_control/libdrivers__clock_control.a(clock_control_mcux_syscon.c.obj)
 .z_init_PRE_KERNEL_130_0_
                0x00000000180071b8        0x8 zephyr/kernel/libkernel.a(mem_slab.c.obj)
 .z_init_PRE_KERNEL_130_0_
                0x00000000180071c0        0x8 zephyr/kernel/libkernel.a(kheap.c.obj)
 .z_init_PRE_KERNEL_140_00013_
                0x00000000180071c8        0x8 zephyr/drivers/gpio/libdrivers__gpio.a(gpio_mcux_lpc.c.obj)
 .z_init_PRE_KERNEL_140_00015_
                0x00000000180071d0        0x8 zephyr/drivers/gpio/libdrivers__gpio.a(gpio_mcux_lpc.c.obj)
 .z_init_PRE_KERNEL_140_00039_
                0x00000000180071d8        0x8 zephyr/drivers/dma/libdrivers__dma.a(dma_mcux_lpc.c.obj)
 .z_init_PRE_KERNEL_140_00052_
                0x00000000180071e0        0x8 zephyr/drivers/gpio/libdrivers__gpio.a(gpio_mcux_lpc.c.obj)
 .z_init_PRE_KERNEL_140_00053_
                0x00000000180071e8        0x8 zephyr/drivers/gpio/libdrivers__gpio.a(gpio_mcux_lpc.c.obj)
 .z_init_PRE_KERNEL_140_00054_
                0x00000000180071f0        0x8 zephyr/drivers/gpio/libdrivers__gpio.a(gpio_mcux_lpc.c.obj)
 .z_init_PRE_KERNEL_140_00059_
                0x00000000180071f8        0x8 zephyr/drivers/interrupt_controller/libdrivers__interrupt_controller.a(intc_nxp_pint.c.obj)
 .z_init_PRE_KERNEL_140_00101_
                0x0000000018007200        0x8 zephyr/drivers/gpio/libdrivers__gpio.a(gpio_mcux_lpc.c.obj)
 .z_init_PRE_KERNEL_145_0_
                0x0000000018007208        0x8 zephyr/boards/arm/mimxrt685_evk/libboards__arm__mimxrt685_evk.a(init.c.obj)
 .z_init_PRE_KERNEL_155_00041_
                0x0000000018007210        0x8 zephyr/drivers/serial/libdrivers__serial.a(uart_mcux_flexcomm.c.obj)
 .z_init_PRE_KERNEL_155_00047_
                0x0000000018007218        0x8 zephyr/drivers/serial/libdrivers__serial.a(uart_mcux_flexcomm.c.obj)
 .z_init_PRE_KERNEL_160_0_
                0x0000000018007220        0x8 zephyr/drivers/console/libdrivers__console.a(uart_console.c.obj)
                0x0000000018007228                __init_PRE_KERNEL_2_start = .
 *(SORT_BY_NAME(SORT_BY_ALIGNMENT(.z_init_PRE_KERNEL_2?_*)))
 .z_init_PRE_KERNEL_20_0_
                0x0000000018007228        0x8 zephyr/drivers/timer/libdrivers__timer.a(mcux_os_timer.c.obj)
 *(SORT_BY_NAME(SORT_BY_ALIGNMENT(.z_init_PRE_KERNEL_2??_*)))
                0x0000000018007230                __init_POST_KERNEL_start = .
 *(SORT_BY_NAME(SORT_BY_ALIGNMENT(.z_init_POST_KERNEL?_*)))
 *(SORT_BY_NAME(SORT_BY_ALIGNMENT(.z_init_POST_KERNEL??_*)))
 .z_init_POST_KERNEL40_0_
                0x0000000018007230        0x8 zephyr/lib/libc/common/liblib__libc__common.a(malloc.c.obj)
 .z_init_POST_KERNEL50_00043_
                0x0000000018007238        0x8 zephyr/drivers/i2s/libdrivers__i2s.a(i2s_mcux_flexcomm.c.obj)
 .z_init_POST_KERNEL50_00045_
                0x0000000018007240        0x8 zephyr/drivers/i2s/libdrivers__i2s.a(i2s_mcux_flexcomm.c.obj)
                0x0000000018007248                __init_APPLICATION_start = .
 *(SORT_BY_NAME(SORT_BY_ALIGNMENT(.z_init_APPLICATION?_*)))
 *(SORT_BY_NAME(SORT_BY_ALIGNMENT(.z_init_APPLICATION??_*)))
                0x0000000018007248                __init_SMP_start = .
 *(SORT_BY_NAME(SORT_BY_ALIGNMENT(.z_init_SMP?_*)))
 *(SORT_BY_NAME(SORT_BY_ALIGNMENT(.z_init_SMP??_*)))
                0x0000000018007248                __init_end = .

device_area     0x0000000018007248      0x118
                0x0000000018007248                _device_list_start = .
 *(SORT_BY_NAME(SORT_BY_ALIGNMENT(._device.static.*_?_*)))
 *(SORT_BY_NAME(SORT_BY_ALIGNMENT(._device.static.*_??_*)))
 ._device.static.1_30_
                0x0000000018007248       0x28 zephyr/drivers/clock_control/libdrivers__clock_control.a(clock_control_mcux_syscon.c.obj)
                0x0000000018007248                __device_dts_ord_23
                0x000000001800725c                __device_dts_ord_32
 ._device.static.1_40_
                0x0000000018007270       0x14 zephyr/drivers/interrupt_controller/libdrivers__interrupt_controller.a(intc_nxp_pint.c.obj)
                0x0000000018007270                __device_dts_ord_59
 ._device.static.1_40_
                0x0000000018007284       0x14 zephyr/drivers/dma/libdrivers__dma.a(dma_mcux_lpc.c.obj)
                0x0000000018007284                __device_dts_ord_39
 ._device.static.1_40_
                0x0000000018007298       0x78 zephyr/drivers/gpio/libdrivers__gpio.a(gpio_mcux_lpc.c.obj)
                0x0000000018007298                __device_dts_ord_54
                0x00000000180072ac                __device_dts_ord_53
                0x00000000180072c0                __device_dts_ord_52
                0x00000000180072d4                __device_dts_ord_101
                0x00000000180072e8                __device_dts_ord_13
                0x00000000180072fc                __device_dts_ord_15
 ._device.static.1_55_
                0x0000000018007310       0x28 zephyr/drivers/serial/libdrivers__serial.a(uart_mcux_flexcomm.c.obj)
                0x0000000018007310                __device_dts_ord_47
                0x0000000018007324                __device_dts_ord_41
 ._device.static.3_50_
                0x0000000018007338       0x28 zephyr/drivers/i2s/libdrivers__i2s.a(i2s_mcux_flexcomm.c.obj)
                0x0000000018007338                __device_dts_ord_45
                0x000000001800734c                __device_dts_ord_43
                0x0000000018007360                _device_list_end = .

sw_isr_table    0x0000000018007360      0x1e0
                0x0000000018007360                . = ALIGN (0x4)
 *(SORT_BY_ALIGNMENT(.gnu.linkonce.sw_isr_table*))
 .gnu.linkonce.sw_isr_table
                0x0000000018007360      0x1e0 zephyr/arch/common/libisr_tables.a(isr_tables.c.obj)
                0x0000000018007360                _sw_isr_table

initlevel_error
                0x00000000180071a0        0x0
 *(SORT_BY_NAME(SORT_BY_ALIGNMENT(.z_init_[_A-Z0-9]*)))
                0x0000000000000001                ASSERT ((SIZEOF (initlevel_error) == 0x0), Undefined initialization levels used.)

app_shmem_regions
                0x0000000018007540        0x0
                0x0000000018007540                __app_shmem_regions_start = .
 *(SORT_BY_NAME(SORT_BY_ALIGNMENT(.app_regions.*)))
                0x0000000018007540                __app_shmem_regions_end = .

k_p4wq_initparam_area
                0x0000000018007540        0x0
                0x0000000018007540                _k_p4wq_initparam_list_start = .
 *(SORT_BY_NAME(SORT_BY_ALIGNMENT(._k_p4wq_initparam.static.*)))
                0x0000000018007540                _k_p4wq_initparam_list_end = .

_static_thread_data_area
                0x0000000018007540        0x0
                0x0000000018007540                __static_thread_data_list_start = .
 *(SORT_BY_NAME(SORT_BY_ALIGNMENT(.__static_thread_data.static.*)))
                0x0000000018007540                __static_thread_data_list_end = .

device_deps     0x0000000018007540        0x0
                0x0000000018007540                __device_deps_start = .
 *(SORT_BY_NAME(SORT_BY_ALIGNMENT(.__device_deps_pass2*)))
                0x0000000018007540                __device_deps_end = .

ztest           0x0000000018007540        0x0
                0x0000000018007540                _ztest_expected_result_entry_list_start = .
 *(SORT_BY_NAME(SORT_BY_ALIGNMENT(._ztest_expected_result_entry.static.*)))
                0x0000000018007540                _ztest_expected_result_entry_list_end = .
                0x0000000018007540                _ztest_suite_node_list_start = .
 *(SORT_BY_NAME(SORT_BY_ALIGNMENT(._ztest_suite_node.static.*)))
                0x0000000018007540                _ztest_suite_node_list_end = .
                0x0000000018007540                _ztest_unit_test_list_start = .
 *(SORT_BY_NAME(SORT_BY_ALIGNMENT(._ztest_unit_test.static.*)))
                0x0000000018007540                _ztest_unit_test_list_end = .
                0x0000000018007540                _ztest_test_rule_list_start = .
 *(SORT_BY_NAME(SORT_BY_ALIGNMENT(._ztest_test_rule.static.*)))
                0x0000000018007540                _ztest_test_rule_list_end = .

bt_l2cap_fixed_chan_area
                0x0000000018007540        0x0
                0x0000000018007540                _bt_l2cap_fixed_chan_list_start = .
 *(SORT_BY_NAME(SORT_BY_ALIGNMENT(._bt_l2cap_fixed_chan.static.*)))
                0x0000000018007540                _bt_l2cap_fixed_chan_list_end = .

bt_gatt_service_static_area
                0x0000000018007540        0x0
                0x0000000018007540                _bt_gatt_service_static_list_start = .
 *(SORT_BY_NAME(SORT_BY_ALIGNMENT(._bt_gatt_service_static.static.*)))
                0x0000000018007540                _bt_gatt_service_static_list_end = .

log_strings_area
                0x0000000018007540        0x0
                0x0000000018007540                _log_strings_list_start = .
 *(SORT_BY_NAME(SORT_BY_ALIGNMENT(._log_strings.static.*)))
                0x0000000018007540                _log_strings_list_end = .

log_const_area  0x0000000018007540        0x0
                0x0000000018007540                _log_const_list_start = .
 *(SORT_BY_NAME(SORT_BY_ALIGNMENT(._log_const.static.*)))
                0x0000000018007540                _log_const_list_end = .

log_backend_area
                0x0000000018007540        0x0
                0x0000000018007540                _log_backend_list_start = .
 *(SORT_BY_NAME(SORT_BY_ALIGNMENT(._log_backend.static.*)))
                0x0000000018007540                _log_backend_list_end = .

log_link_area   0x0000000018007540        0x0
                0x0000000018007540                _log_link_list_start = .
 *(SORT_BY_NAME(SORT_BY_ALIGNMENT(._log_link.static.*)))
                0x0000000018007540                _log_link_list_end = .

tracing_backend_area
                0x0000000018007540        0x0
                0x0000000018007540                _tracing_backend_list_start = .
 *(SORT_BY_NAME(SORT_BY_ALIGNMENT(._tracing_backend.static.*)))
                0x0000000018007540                _tracing_backend_list_end = .

zephyr_dbg_info
 *(SORT_BY_ALIGNMENT(.dbg_thread_info))

symbol_to_keep  0x0000000018007540        0x0
                0x0000000018007540                __symbol_to_keep_start = .
 *(SORT_BY_NAME(SORT_BY_ALIGNMENT(.symbol_to_keep*)))
                0x0000000018007540                __symbol_to_keep_end = .

shell_area      0x0000000018007540        0x0
                0x0000000018007540                _shell_list_start = .
 *(SORT_BY_NAME(SORT_BY_ALIGNMENT(._shell.static.*)))
                0x0000000018007540                _shell_list_end = .

shell_root_cmds_area
                0x0000000018007540        0x0
                0x0000000018007540                _shell_root_cmds_list_start = .
 *(SORT_BY_NAME(SORT_BY_ALIGNMENT(._shell_root_cmds.static.*)))
                0x0000000018007540                _shell_root_cmds_list_end = .

shell_subcmds_area
                0x0000000018007540        0x0
                0x0000000018007540                _shell_subcmds_list_start = .
 *(SORT_BY_NAME(SORT_BY_ALIGNMENT(._shell_subcmds.static.*)))
                0x0000000018007540                _shell_subcmds_list_end = .

shell_dynamic_subcmds_area
                0x0000000018007540        0x0
                0x0000000018007540                _shell_dynamic_subcmds_list_start = .
 *(SORT_BY_NAME(SORT_BY_ALIGNMENT(._shell_dynamic_subcmds.static.*)))
                0x0000000018007540                _shell_dynamic_subcmds_list_end = .

cfb_font_area   0x0000000018007540        0x0
                0x0000000018007540                _cfb_font_list_start = .
 *(SORT_BY_NAME(SORT_BY_ALIGNMENT(._cfb_font.static.*)))
                0x0000000018007540                _cfb_font_list_end = .

tdata           0x0000000018007540        0x0
 *(SORT_BY_ALIGNMENT(.tdata) SORT_BY_ALIGNMENT(.tdata.*) SORT_BY_ALIGNMENT(.gnu.linkonce.td.*))

tbss            0x0000000018007540        0x4
 *(SORT_BY_ALIGNMENT(.tbss) SORT_BY_ALIGNMENT(.tbss.*) SORT_BY_ALIGNMENT(.gnu.linkonce.tb.*) SORT_BY_ALIGNMENT(.tcommon))
 .tbss.z_tls_current
                0x0000000018007540        0x4 zephyr/libzephyr.a(thread_entry.c.obj)
                0x0000000018007540                z_tls_current
                0x0000000018007540                PROVIDE (__tdata_start = LOADADDR (tdata))
                0x0000000000000000                PROVIDE (__tdata_size = SIZEOF (tdata))
                [!provide]                        PROVIDE (__tdata_end = (__tdata_start + __tdata_size))
                0x0000000000000001                PROVIDE (__tdata_align = ALIGNOF (tdata))
                [!provide]                        PROVIDE (__tbss_start = ADDR (tbss))
                0x0000000000000004                PROVIDE (__tbss_size = SIZEOF (tbss))
                [!provide]                        PROVIDE (__tbss_end = (__tbss_start + __tbss_size))
                0x0000000000000004                PROVIDE (__tbss_align = ALIGNOF (tbss))
                [!provide]                        PROVIDE (__tls_start = __tdata_start)
                [!provide]                        PROVIDE (__tls_end = __tbss_end)
                [!provide]                        PROVIDE (__tls_size = (__tbss_end - __tdata_start))

rodata          0x0000000018007540      0x54c
 *(SORT_BY_ALIGNMENT(.rodata))
 *(SORT_BY_ALIGNMENT(.rodata.*))
 .rodata.g_audioPllConfig
                0x0000000018007540       0x10 zephyr/libzephyr.a(soc.c.obj)
                0x0000000018007540                g_audioPllConfig
 .rodata.g_sysPllConfig
                0x0000000018007550       0x10 zephyr/libzephyr.a(soc.c.obj)
                0x0000000018007550                g_sysPllConfig
 .rodata.mem_attr_region
                0x0000000018007560       0x10 zephyr/libzephyr.a(mem_attr.c.obj)
 .rodata.static_regions
                0x0000000018007570       0x18 zephyr/arch/arch/arm/core/mpu/libarch__arm__core__mpu.a(arm_core_mpu.c.obj)
 .rodata.stdout
                0x0000000018007588        0x4 zephyr/lib/libc/picolibc/liblib__libc__picolibc.a(libc-hooks.c.obj)
                0x0000000018007588                stderr
                0x0000000018007588                stdout
 .rodata.mpu_config
                0x000000001800758c        0x8 zephyr/soc/soc/arm/common/cortex_m/libsoc__arm__common__cortex_m.a(arm_mpu_regions.c.obj)
                0x000000001800758c                mpu_config
 .rodata.mpu_regions
                0x0000000018007594       0x20 zephyr/soc/soc/arm/common/cortex_m/libsoc__arm__common__cortex_m.a(arm_mpu_regions.c.obj)
 .rodata.mcux_lpc_syscon_api
                0x00000000180075b4       0x1c zephyr/drivers/clock_control/libdrivers__clock_control.a(clock_control_mcux_syscon.c.obj)
 .rodata.dma_0_config
                0x00000000180075d0       0x14 zephyr/drivers/dma/libdrivers__dma.a(dma_mcux_lpc.c.obj)
 .rodata.dma_mcux_lpc_api
                0x00000000180075e4       0x24 zephyr/drivers/dma/libdrivers__dma.a(dma_mcux_lpc.c.obj)
 .rodata.gpio_mcux_lpc_config_5
                0x0000000018007608       0x18 zephyr/drivers/gpio/libdrivers__gpio.a(gpio_mcux_lpc.c.obj)
 .rodata.gpio_mcux_lpc_config_4
                0x0000000018007620       0x18 zephyr/drivers/gpio/libdrivers__gpio.a(gpio_mcux_lpc.c.obj)
 .rodata.gpio_mcux_lpc_config_3
                0x0000000018007638       0x18 zephyr/drivers/gpio/libdrivers__gpio.a(gpio_mcux_lpc.c.obj)
 .rodata.gpio_mcux_lpc_config_2
                0x0000000018007650       0x18 zephyr/drivers/gpio/libdrivers__gpio.a(gpio_mcux_lpc.c.obj)
 .rodata.gpio_mcux_lpc_config_1
                0x0000000018007668       0x18 zephyr/drivers/gpio/libdrivers__gpio.a(gpio_mcux_lpc.c.obj)
 .rodata.gpio_mcux_lpc_config_0
                0x0000000018007680       0x18 zephyr/drivers/gpio/libdrivers__gpio.a(gpio_mcux_lpc.c.obj)
 .rodata.gpio_mcux_lpc_driver_api
                0x0000000018007698       0x24 zephyr/drivers/gpio/libdrivers__gpio.a(gpio_mcux_lpc.c.obj)
 .rodata.i2s_mcux_config_1
                0x00000000180076bc       0x14 zephyr/drivers/i2s/libdrivers__i2s.a(i2s_mcux_flexcomm.c.obj)
 .rodata.__pinctrl_dev_config__device_dts_ord_45
                0x00000000180076d0        0x8 zephyr/drivers/i2s/libdrivers__i2s.a(i2s_mcux_flexcomm.c.obj)
 .rodata.__pinctrl_states__device_dts_ord_45
                0x00000000180076d8        0x8 zephyr/drivers/i2s/libdrivers__i2s.a(i2s_mcux_flexcomm.c.obj)
 .rodata.__pinctrl_state_pins_0__device_dts_ord_45
                0x00000000180076e0        0xc zephyr/drivers/i2s/libdrivers__i2s.a(i2s_mcux_flexcomm.c.obj)
 .rodata.i2s_mcux_config_0
                0x00000000180076ec       0x14 zephyr/drivers/i2s/libdrivers__i2s.a(i2s_mcux_flexcomm.c.obj)
 .rodata.__pinctrl_dev_config__device_dts_ord_43
                0x0000000018007700        0x8 zephyr/drivers/i2s/libdrivers__i2s.a(i2s_mcux_flexcomm.c.obj)
 .rodata.__pinctrl_states__device_dts_ord_43
                0x0000000018007708        0x8 zephyr/drivers/i2s/libdrivers__i2s.a(i2s_mcux_flexcomm.c.obj)
 .rodata.__pinctrl_state_pins_0__device_dts_ord_43
                0x0000000018007710        0x4 zephyr/drivers/i2s/libdrivers__i2s.a(i2s_mcux_flexcomm.c.obj)
 .rodata.i2s_mcux_driver_api
                0x0000000018007714       0x14 zephyr/drivers/i2s/libdrivers__i2s.a(i2s_mcux_flexcomm.c.obj)
 .rodata.mcux_flexcomm_1_config
                0x0000000018007728       0x1c zephyr/drivers/serial/libdrivers__serial.a(uart_mcux_flexcomm.c.obj)
 .rodata.__pinctrl_dev_config__device_dts_ord_47
                0x0000000018007744        0x8 zephyr/drivers/serial/libdrivers__serial.a(uart_mcux_flexcomm.c.obj)
 .rodata.__pinctrl_states__device_dts_ord_47
                0x000000001800774c        0x8 zephyr/drivers/serial/libdrivers__serial.a(uart_mcux_flexcomm.c.obj)
 .rodata.__pinctrl_state_pins_0__device_dts_ord_47
                0x0000000018007754        0x8 zephyr/drivers/serial/libdrivers__serial.a(uart_mcux_flexcomm.c.obj)
 .rodata.mcux_flexcomm_0_config
                0x000000001800775c       0x1c zephyr/drivers/serial/libdrivers__serial.a(uart_mcux_flexcomm.c.obj)
 .rodata.__pinctrl_dev_config__device_dts_ord_41
                0x0000000018007778        0x8 zephyr/drivers/serial/libdrivers__serial.a(uart_mcux_flexcomm.c.obj)
 .rodata.__pinctrl_states__device_dts_ord_41
                0x0000000018007780        0x8 zephyr/drivers/serial/libdrivers__serial.a(uart_mcux_flexcomm.c.obj)
 .rodata.__pinctrl_state_pins_0__device_dts_ord_41
                0x0000000018007788        0x8 zephyr/drivers/serial/libdrivers__serial.a(uart_mcux_flexcomm.c.obj)
 .rodata.mcux_flexcomm_driver_api
                0x0000000018007790       0x4c zephyr/drivers/serial/libdrivers__serial.a(uart_mcux_flexcomm.c.obj)
 .rodata.s_dma_descriptor_table
                0x00000000180077dc        0x8 modules/hal_nxp/hal_nxp/lib..__modules__hal__nxp.a(fsl_dma.c.obj)
 .rodata.s_flexcommBaseAddrs
                0x00000000180077e4       0x28 modules/hal_nxp/hal_nxp/lib..__modules__hal__nxp.a(fsl_flexcomm.c.obj)
 .rodata._k_neg_eagain
                0x000000001800780c        0x4 zephyr/kernel/libkernel.a(errno.c.obj)
                0x000000001800780c                _k_neg_eagain
 .rodata.levels.0
                0x0000000018007810       0x18 zephyr/kernel/libkernel.a(init.c.obj)
 .rodata.data   0x0000000018007828       0x80 app/libapp.a(main.c.obj)
 .rodata.s_dmaClockName
                0x00000000180078a8        0x4 modules/hal_nxp/hal_nxp/lib..__modules__hal__nxp.a(fsl_dma.c.obj)
 .rodata.s_gpioClockName
                0x00000000180078ac       0x10 modules/hal_nxp/hal_nxp/lib..__modules__hal__nxp.a(fsl_gpio.c.obj)
 .rodata.s_flexcommClocks
                0x00000000180078bc       0x14 modules/hal_nxp/hal_nxp/lib..__modules__hal__nxp.a(fsl_flexcomm.c.obj)
 .rodata.main.str1.1
                0x00000000180078d0       0x9e app/libapp.a(main.c.obj)
 .rodata.str1.1
                0x000000001800796e       0x10 zephyr/libzephyr.a(mem_attr.c.obj)
 .rodata.str1.1
                0x000000001800797e        0xf zephyr/soc/soc/arm/common/cortex_m/libsoc__arm__common__cortex_m.a(arm_mpu_regions.c.obj)
 .rodata.str1.1
                0x000000001800798d        0xb zephyr/drivers/interrupt_controller/libdrivers__interrupt_controller.a(intc_nxp_pint.c.obj)
 .rodata.str1.1
                0x0000000018007998       0x19 zephyr/drivers/clock_control/libdrivers__clock_control.a(clock_control_mcux_syscon.c.obj)
 .rodata.CSWTCH.1743
                0x00000000180079b1        0x3 zephyr/drivers/dma/libdrivers__dma.a(dma_mcux_lpc.c.obj)
 .rodata.CSWTCH.1742
                0x00000000180079b4        0x3 zephyr/drivers/dma/libdrivers__dma.a(dma_mcux_lpc.c.obj)
 .rodata.CSWTCH.1741
                0x00000000180079b7        0x3 zephyr/drivers/dma/libdrivers__dma.a(dma_mcux_lpc.c.obj)
 .rodata.CSWTCH.1734
                0x00000000180079ba        0x3 zephyr/drivers/dma/libdrivers__dma.a(dma_mcux_lpc.c.obj)
 .rodata.CSWTCH.1733
                0x00000000180079bd        0x3 zephyr/drivers/dma/libdrivers__dma.a(dma_mcux_lpc.c.obj)
 .rodata.str1.1
                0x00000000180079c0       0x16 zephyr/drivers/dma/libdrivers__dma.a(dma_mcux_lpc.c.obj)
 .rodata.str1.1
                0x00000000180079d6       0x2a zephyr/drivers/gpio/libdrivers__gpio.a(gpio_mcux_lpc.c.obj)
 .rodata.str1.1
                0x0000000018007a00       0x20 zephyr/drivers/i2s/libdrivers__i2s.a(i2s_mcux_flexcomm.c.obj)
 .rodata.CSWTCH.38
                0x0000000018007a20        0x3 zephyr/drivers/serial/libdrivers__serial.a(uart_mcux_flexcomm.c.obj)
 .rodata.CSWTCH.37
                0x0000000018007a23        0x3 zephyr/drivers/serial/libdrivers__serial.a(uart_mcux_flexcomm.c.obj)
 .rodata.str1.1
                0x0000000018007a26       0x20 zephyr/drivers/serial/libdrivers__serial.a(uart_mcux_flexcomm.c.obj)
 .rodata.s_dmaIRQNumber
                0x0000000018007a46        0x2 modules/hal_nxp/hal_nxp/lib..__modules__hal__nxp.a(fsl_dma.c.obj)
 .rodata.z_cstart.str1.1
                0x0000000018007a48        0x5 zephyr/kernel/libkernel.a(init.c.obj)
 .rodata.boot_banner.str1.1
                0x0000000018007a4d       0x2f zephyr/kernel/libkernel.a(banner.c.obj)
 .rodata.__i_vfprintf.str1.1
                0x0000000018007a7c        0xf c:\users\ext_basver\zephyr-sdk-0.16.5-1\arm-zephyr-eabi\bin\../lib/gcc/../../picolibc/arm-zephyr-eabi/lib/thumb/v8-m.main/nofp\libc.a(libc_tinystdio_vfiprintf.c.o)
 *(SORT_BY_ALIGNMENT(.gnu.linkonce.r.*))
                0x0000000018007a8c                . = ALIGN (0x4)
 *fill*         0x0000000018007a8b        0x1 
                0x0000000018007a8c                __rodata_region_end = .
                0x0000000018007aa0                . = ALIGN (_region_min_align)
                0x0000000018007aa0                __rom_region_end = ((__rom_region_start + .) - ADDR (rom_start))

/DISCARD/
 *(SORT_BY_ALIGNMENT(.got.plt))
 *(SORT_BY_ALIGNMENT(.igot.plt))
 *(SORT_BY_ALIGNMENT(.got))
 *(SORT_BY_ALIGNMENT(.igot))
                0x0000000030180000                . = 0x30180000
                0x0000000030180000                . = ALIGN (_region_min_align)
                0x0000000030180000                _image_ram_start = .

.ramfunc        0x0000000030180100      0x940 load address 0x0000000018007a8c
                0x0000000030180100                . = ALIGN (_region_min_align)
                0x0000000030180100                __ramfunc_start = .
 *(SORT_BY_ALIGNMENT(.ramfunc))
 *(SORT_BY_ALIGNMENT(.ramfunc.*))
                0x0000000030180100                . = ALIGN (0x4)
 *(SORT_BY_ALIGNMENT(CodeQuickAccess))
 CodeQuickAccess
                0x0000000030180100      0x930 modules/hal_nxp/hal_nxp/lib..__modules__hal__nxp.a(fsl_power.c.obj)
                0x000000003018041c                POWER_EnterRbb
                0x00000000301804f4                POWER_EnterFbb
                0x00000000301805cc                POWER_EnterNbb
                0x000000003018069c                POWER_EnterDeepSleep
                0x0000000030180a40                . = ALIGN (_region_min_align)
 *fill*         0x0000000030180a30       0x10 
                0x0000000030180a40                __ramfunc_end = .
                0x0000000000000940                __ramfunc_size = (__ramfunc_end - __ramfunc_start)
                0x0000000018007a8c                __ramfunc_load_start = LOADADDR (.ramfunc)

datas           0x0000000030180a40      0x3e8 load address 0x00000000180083cc
                0x0000000030180a40                __data_region_start = .
                0x0000000030180a40                __data_start = .
 *(SORT_BY_ALIGNMENT(.data))
 *(SORT_BY_ALIGNMENT(.data.*))
 .data._char_out
                0x0000000030180a40        0x4 zephyr/libzephyr.a(printk.c.obj)
                0x0000000030180a40                _char_out
 .data.__stdout
                0x0000000030180a44       0x10 zephyr/lib/libc/picolibc/liblib__libc__picolibc.a(libc-hooks.c.obj)
 .data.dma_data_0
                0x0000000030180a54       0x10 zephyr/drivers/dma/libdrivers__dma.a(dma_mcux_lpc.c.obj)
 .data.i2s_mcux_data_1
                0x0000000030180a64      0x1d0 zephyr/drivers/i2s/libdrivers__i2s.a(i2s_mcux_flexcomm.c.obj)
 .data.i2s_mcux_data_0
                0x0000000030180c34      0x1d0 zephyr/drivers/i2s/libdrivers__i2s.a(i2s_mcux_flexcomm.c.obj)
 .data.SystemCoreClock
                0x0000000030180e04        0x4 modules/hal_nxp/hal_nxp/lib..__modules__hal__nxp.a(system_MIMXRT685S_cm33.c.obj)
                0x0000000030180e04                SystemCoreClock
 .data.timeout_list
                0x0000000030180e08        0x8 zephyr/kernel/libkernel.a(timeout.c.obj)
 .data.nxp_pint_idx_1.1
                0x0000000030180e10        0x1 zephyr/drivers/interrupt_controller/libdrivers__interrupt_controller.a(intc_nxp_pint.c.obj)
 .data.nxp_pint_idx_2.2
                0x0000000030180e11        0x1 zephyr/drivers/interrupt_controller/libdrivers__interrupt_controller.a(intc_nxp_pint.c.obj)
 .data.nxp_pint_idx_3.3
                0x0000000030180e12        0x1 zephyr/drivers/interrupt_controller/libdrivers__interrupt_controller.a(intc_nxp_pint.c.obj)
 .data.nxp_pint_idx_4.4
                0x0000000030180e13        0x1 zephyr/drivers/interrupt_controller/libdrivers__interrupt_controller.a(intc_nxp_pint.c.obj)
 .data.nxp_pint_idx_5.5
                0x0000000030180e14        0x1 zephyr/drivers/interrupt_controller/libdrivers__interrupt_controller.a(intc_nxp_pint.c.obj)
 .data.nxp_pint_idx_6.6
                0x0000000030180e15        0x1 zephyr/drivers/interrupt_controller/libdrivers__interrupt_controller.a(intc_nxp_pint.c.obj)
 .data.nxp_pint_idx_7.7
                0x0000000030180e16        0x1 zephyr/drivers/interrupt_controller/libdrivers__interrupt_controller.a(intc_nxp_pint.c.obj)
 *(SORT_BY_ALIGNMENT(.kernel.*))
                0x0000000030180e18                . = ALIGN (0x4)
 *fill*         0x0000000030180e17        0x1 
 *(SORT_BY_ALIGNMENT(DataQuickAccess))
 DataQuickAccess
                0x0000000030180e18       0x10 modules/hal_nxp/hal_nxp/lib..__modules__hal__nxp.a(fsl_power.c.obj)
                0x0000000030180e28                __data_end = .
                0x00000000000003e8                __data_size = (__data_end - __data_start)
                0x00000000180083cc                __data_load_start = LOADADDR (datas)
                0x00000000180083cc                __data_region_load_start = LOADADDR (datas)

device_states   0x0000000030180e28       0x1c load address 0x00000000180087b4
                0x0000000030180e28                __device_states_start = .
 *(SORT_BY_ALIGNMENT(.z_devstate))
 .z_devstate    0x0000000030180e28        0x2 zephyr/drivers/interrupt_controller/libdrivers__interrupt_controller.a(intc_nxp_pint.c.obj)
 .z_devstate    0x0000000030180e2a        0x4 zephyr/drivers/clock_control/libdrivers__clock_control.a(clock_control_mcux_syscon.c.obj)
 .z_devstate    0x0000000030180e2e        0x2 zephyr/drivers/dma/libdrivers__dma.a(dma_mcux_lpc.c.obj)
 .z_devstate    0x0000000030180e30        0xc zephyr/drivers/gpio/libdrivers__gpio.a(gpio_mcux_lpc.c.obj)
 .z_devstate    0x0000000030180e3c        0x4 zephyr/drivers/i2s/libdrivers__i2s.a(i2s_mcux_flexcomm.c.obj)
 .z_devstate    0x0000000030180e40        0x4 zephyr/drivers/serial/libdrivers__serial.a(uart_mcux_flexcomm.c.obj)
 *(SORT_BY_ALIGNMENT(.z_devstate.*))
                0x0000000030180e44                __device_states_end = .

log_mpsc_pbuf_area
                0x0000000030180e44        0x0 load address 0x00000000180087d0
                0x0000000030180e44                _log_mpsc_pbuf_list_start = .
 *(SORT_BY_NAME(SORT_BY_ALIGNMENT(._log_mpsc_pbuf.static.*)))
                0x0000000030180e44                _log_mpsc_pbuf_list_end = .

log_msg_ptr_area
                0x0000000030180e44        0x0 load address 0x00000000180087d0
                0x0000000030180e44                _log_msg_ptr_list_start = .
 *(SORT_BY_NAME(SORT_BY_ALIGNMENT(._log_msg_ptr.static.*)))
                0x0000000030180e44                _log_msg_ptr_list_end = .

log_dynamic_area
                0x0000000030180e44        0x0 load address 0x00000000180087d0
                0x0000000030180e44                _log_dynamic_list_start = .
 *(SORT_BY_NAME(SORT_BY_ALIGNMENT(._log_dynamic.static.*)))
                0x0000000030180e44                _log_dynamic_list_end = .

k_timer_area    0x0000000030180e44        0x0 load address 0x00000000180087d0
                0x0000000030180e44                _k_timer_list_start = .
 *(SORT_BY_NAME(SORT_BY_ALIGNMENT(._k_timer.static.*)))
                0x0000000030180e44                _k_timer_list_end = .

k_mem_slab_area
                0x0000000030180e44       0x1c load address 0x00000000180087d0
                0x0000000030180e44                _k_mem_slab_list_start = .
 *(SORT_BY_NAME(SORT_BY_ALIGNMENT(._k_mem_slab.static.*)))
 ._k_mem_slab.static.tx_0_mem_slab_
                0x0000000030180e44       0x1c app/libapp.a(main.c.obj)
                0x0000000030180e60                _k_mem_slab_list_end = .

k_heap_area     0x0000000030180e60        0x0 load address 0x00000000180087ec
                0x0000000030180e60                _k_heap_list_start = .
 *(SORT_BY_NAME(SORT_BY_ALIGNMENT(._k_heap.static.*)))
                0x0000000030180e60                _k_heap_list_end = .

k_mutex_area    0x0000000030180e60        0x0 load address 0x00000000180087ec
                0x0000000030180e60                _k_mutex_list_start = .
 *(SORT_BY_NAME(SORT_BY_ALIGNMENT(._k_mutex.static.*)))
                0x0000000030180e60                _k_mutex_list_end = .

k_stack_area    0x0000000030180e60        0x0 load address 0x00000000180087ec
                0x0000000030180e60                _k_stack_list_start = .
 *(SORT_BY_NAME(SORT_BY_ALIGNMENT(._k_stack.static.*)))
                0x0000000030180e60                _k_stack_list_end = .

k_msgq_area     0x0000000030180e60        0x0 load address 0x00000000180087ec
                0x0000000030180e60                _k_msgq_list_start = .
 *(SORT_BY_NAME(SORT_BY_ALIGNMENT(._k_msgq.static.*)))
                0x0000000030180e60                _k_msgq_list_end = .
