Archive member included to satisfy reference by file (symbol)

app/libapp.a(main.c.obj)      (--whole-archive)
zephyr/libzephyr.a(cbprintf_packaged.c.obj)
                              (--whole-archive)
zephyr/libzephyr.a(dec.c.obj)
                              (--whole-archive)
zephyr/libzephyr.a(hex.c.obj)
                              (--whole-archive)
zephyr/libzephyr.a(printk.c.obj)
                              (--whole-archive)
zephyr/libzephyr.a(rb.c.obj)  (--whole-archive)
zephyr/libzephyr.a(sem.c.obj)
                              (--whole-archive)
zephyr/libzephyr.a(thread_entry.c.obj)
                              (--whole-archive)
zephyr/libzephyr.a(timeutil.c.obj)
                              (--whole-archive)
zephyr/libzephyr.a(heap.c.obj)
                              (--whole-archive)
zephyr/libzephyr.a(heap-validate.c.obj)
                              (--whole-archive)
zephyr/libzephyr.a(bitarray.c.obj)
                              (--whole-archive)
zephyr/libzephyr.a(multi_heap.c.obj)
                              (--whole-archive)
zephyr/libzephyr.a(cbprintf_complete.c.obj)
                              (--whole-archive)
zephyr/libzephyr.a(assert.c.obj)
                              (--whole-archive)
zephyr/libzephyr.a(configs.c.obj)
                              (--whole-archive)
zephyr/libzephyr.a(soc.c.obj)
                              (--whole-archive)
zephyr/libzephyr.a(flash_clock_setup.c.obj)
                              (--whole-archive)
zephyr/libzephyr.a(mem_attr.c.obj)
                              (--whole-archive)
zephyr/libzephyr.a(tracing_none.c.obj)
                              (--whole-archive)
zephyr/arch/common/libarch__common.a(sw_isr_common.c.obj)
                              (--whole-archive)
zephyr/arch/arch/arm/core/libarch__arm__core.a(fatal.c.obj)
                              (--whole-archive)
zephyr/arch/arch/arm/core/libarch__arm__core.a(nmi.c.obj)
                              (--whole-archive)
zephyr/arch/arch/arm/core/libarch__arm__core.a(nmi_on_reset.S.obj)
                              (--whole-archive)
zephyr/arch/arch/arm/core/libarch__arm__core.a(tls.c.obj)
                              (--whole-archive)
zephyr/arch/arch/arm/core/cortex_m/libarch__arm__core__cortex_m.a(exc_exit.S.obj)
                              (--whole-archive)
zephyr/arch/arch/arm/core/cortex_m/libarch__arm__core__cortex_m.a(fault.c.obj)
                              (--whole-archive)
zephyr/arch/arch/arm/core/cortex_m/libarch__arm__core__cortex_m.a(fault_s.S.obj)
                              (--whole-archive)
zephyr/arch/arch/arm/core/cortex_m/libarch__arm__core__cortex_m.a(fpu.c.obj)
                              (--whole-archive)
zephyr/arch/arch/arm/core/cortex_m/libarch__arm__core__cortex_m.a(irq_init.c.obj)
                              (--whole-archive)
zephyr/arch/arch/arm/core/cortex_m/libarch__arm__core__cortex_m.a(reset.S.obj)
                              (--whole-archive)
zephyr/arch/arch/arm/core/cortex_m/libarch__arm__core__cortex_m.a(scb.c.obj)
                              (--whole-archive)
zephyr/arch/arch/arm/core/cortex_m/libarch__arm__core__cortex_m.a(thread_abort.c.obj)
                              (--whole-archive)
zephyr/arch/arch/arm/core/cortex_m/libarch__arm__core__cortex_m.a(vector_table.S.obj)
                              (--whole-archive)
zephyr/arch/arch/arm/core/cortex_m/libarch__arm__core__cortex_m.a(swap.c.obj)
                              (--whole-archive)
zephyr/arch/arch/arm/core/cortex_m/libarch__arm__core__cortex_m.a(swap_helper.S.obj)
                              (--whole-archive)
zephyr/arch/arch/arm/core/cortex_m/libarch__arm__core__cortex_m.a(irq_manage.c.obj)
                              (--whole-archive)
zephyr/arch/arch/arm/core/cortex_m/libarch__arm__core__cortex_m.a(prep_c.c.obj)
                              (--whole-archive)
zephyr/arch/arch/arm/core/cortex_m/libarch__arm__core__cortex_m.a(thread.c.obj)
                              (--whole-archive)
zephyr/arch/arch/arm/core/cortex_m/libarch__arm__core__cortex_m.a(cpu_idle.S.obj)
                              (--whole-archive)
zephyr/arch/arch/arm/core/cortex_m/libarch__arm__core__cortex_m.a(isr_wrapper.S.obj)
                              (--whole-archive)
zephyr/arch/arch/arm/core/cortex_m/libarch__arm__core__cortex_m.a(__aeabi_read_tp.S.obj)
                              (--whole-archive)
zephyr/arch/arch/arm/core/cortex_m/cmse/libarch__arm__core__cortex_m__cmse.a(arm_core_cmse.c.obj)
                              (--whole-archive)
zephyr/arch/arch/arm/core/cortex_m/tz/libarch__arm__core__cortex_m__tz.a(arm_core_tz.c.obj)
                              (--whole-archive)
zephyr/arch/arch/arm/core/mpu/libarch__arm__core__mpu.a(arm_core_mpu.c.obj)
                              (--whole-archive)
zephyr/arch/arch/arm/core/mpu/libarch__arm__core__mpu.a(arm_mpu.c.obj)
                              (--whole-archive)
[...]
Memory Configuration

Name             Origin             Length             Attributes
FLASH            0x0000000018000000 0x0000000004000000 xr
RAM              0x0000000030180000 0x0000000000300000 xw
SRAM1            0x0000000040140000 0x0000000000004000
IDT_LIST         0x00000000fffff7ff 0x0000000000000800 xw
*default*        0x0000000000000000 0xffffffffffffffff

Linker script and memory map

                0x0000000018004724                vfprintf = __i_vfprintf
                0x0000000000000000                vfscanf = __i_vfscanf
LOAD zephyr/CMakeFiles/zephyr_final.dir/misc/empty_file.c.obj
LOAD zephyr/CMakeFiles/zephyr_final.dir/isr_tables.c.obj
LOAD zephyr/CMakeFiles/offsets.dir/./arch/arm/core/offsets/offsets.c.obj
LOAD app/libapp.a
LOAD zephyr/libzephyr.a
LOAD zephyr/arch/common/libarch__common.a
LOAD zephyr/arch/arch/arm/core/libarch__arm__core.a
LOAD zephyr/arch/arch/arm/core/cortex_m/libarch__arm__core__cortex_m.a
LOAD zephyr/arch/arch/arm/core/cortex_m/cmse/libarch__arm__core__cortex_m__cmse.a
LOAD zephyr/arch/arch/arm/core/cortex_m/tz/libarch__arm__core__cortex_m__tz.a
LOAD zephyr/arch/arch/arm/core/mpu/libarch__arm__core__mpu.a
LOAD zephyr/lib/libc/picolibc/liblib__libc__picolibc.a
LOAD zephyr/lib/libc/common/liblib__libc__common.a
LOAD zephyr/soc/soc/arm/common/cortex_m/libsoc__arm__common__cortex_m.a
LOAD zephyr/boards/arm/mimxrt685_evk/libboards__arm__mimxrt685_evk.a
LOAD zephyr/drivers/interrupt_controller/libdrivers__interrupt_controller.a
LOAD zephyr/drivers/clock_control/libdrivers__clock_control.a
LOAD zephyr/drivers/console/libdrivers__console.a
LOAD zephyr/drivers/gpio/libdrivers__gpio.a
LOAD zephyr/drivers/pinctrl/libdrivers__pinctrl.a
LOAD zephyr/drivers/serial/libdrivers__serial.a
LOAD zephyr/drivers/timer/libdrivers__timer.a
LOAD modules/hal_nxp/hal_nxp/lib..__modules__hal__nxp.a
LOAD zephyr/kernel/libkernel.a
LOAD c:/users/ext_basver/zephyr-sdk-0.16.5-1/arm-zephyr-eabi/bin/../lib/gcc/arm-zephyr-eabi/12.2.0/thumb/v8-m.main/nofp\libgcc.a
LOAD zephyr/libcode_relocation_source_lib.a
LOAD zephyr/arch/common/libisr_tables.a
LOAD c:\users\ext_basver\zephyr-sdk-0.16.5-1\arm-zephyr-eabi\bin\../lib/gcc/../../picolibc/arm-zephyr-eabi/lib/thumb/v8-m.main/nofp\libc.a
LOAD c:/users/ext_basver/zephyr-sdk-0.16.5-1/arm-zephyr-eabi/bin/../lib/gcc/arm-zephyr-eabi/12.2.0/thumb/v8-m.main/nofp\libgcc.a
                0x0000000000000020                _region_min_align = 0x20

.rel.plt        0x0000000018000000        0x0
 *(SORT_BY_ALIGNMENT(.rel.plt))
                [!provide]                        PROVIDE (__rel_iplt_start = .)
 *(SORT_BY_ALIGNMENT(.rel.iplt))
 .rel.iplt      0x0000000018000000        0x0 zephyr/CMakeFiles/zephyr_final.dir/isr_tables.c.obj
                [!provide]                        PROVIDE (__rel_iplt_end = .)

.rela.plt       0x0000000000000000        0x0
 *(SORT_BY_ALIGNMENT(.rela.plt))
                [!provide]                        PROVIDE (__rela_iplt_start = .)
 *(SORT_BY_ALIGNMENT(.rela.iplt))
                [!provide]                        PROVIDE (__rela_iplt_end = .)

.rel.dyn
 *(SORT_BY_ALIGNMENT(.rel.*))

.rela.dyn
 *(SORT_BY_ALIGNMENT(.rela.*))

/DISCARD/
 *(SORT_BY_ALIGNMENT(.plt))

/DISCARD/
 *(SORT_BY_ALIGNMENT(.iplt))
                0x0000000018000000                __rom_region_start = 0x18000000

rom_start       0x0000000018000000     0x1330
                0x0000000018000000                __rom_start_address = .
 FILL mask 0x00
                0x0000000000000400                . = 0x400
 *fill*         0x0000000018000000      0x400 00
 *(SORT_BY_ALIGNMENT(.flash_conf))
 .flash_conf    0x0000000018000400      0x200 zephyr/boards/arm/mimxrt685_evk/libboards__arm__mimxrt685_evk.a(flash_config.c.obj)
                0x0000000018000400                flexspi_config
                0x0000000000001000                . = 0x1000
 *fill*         0x0000000018000600      0xa00 00
 *(SORT_BY_ALIGNMENT(.boot_hdr.ivt))
 .boot_hdr.ivt  0x0000000018001000       0x40 zephyr/libzephyr.a(soc.c.obj)
                0x0000000018001000                image_vector_table
                0x0000000018001200                . = (. + (0x1200 - (. - __rom_start_address)))
 *fill*         0x0000000018001040      0x1c0 00
                0x0000000018001200                . = ALIGN (0x4)
                0x0000000018001200                . = ALIGN (0x80)
                0x0000000018001200                . = ALIGN (0x200)
                0x0000000018001200                _vector_start = .
 *(SORT_BY_ALIGNMENT(.exc_vector_table))
 *(SORT_BY_ALIGNMENT(.exc_vector_table.*))
 .exc_vector_table._vector_table_section
                0x0000000018001200       0x40 zephyr/arch/arch/arm/core/cortex_m/libarch__arm__core__cortex_m.a(vector_table.S.obj)
                0x0000000018001200                _vector_table
 *(SORT_BY_ALIGNMENT(.vectors))
                0x0000000018001330                _vector_end = .
                0x0000000018001240                . = ALIGN (0x4)
 *(SORT_BY_ALIGNMENT(.gnu.linkonce.irq_vector_table*))
 .gnu.linkonce.irq_vector_table
                0x0000000018001240       0xf0 zephyr/CMakeFiles/zephyr_final.dir/isr_tables.c.obj
                0x0000000018001240                _irq_vector_table
                0x0000000018001330                _vector_end = .
                0x0000000030180000                _ram_mpu_ro_region_start = ORIGIN (RAM)

.ram_text_reloc
                0x0000000030180000      0x100 load address 0x0000000018001330
                0x0000000030180000                __ram_text_reloc_start = .
 *flash_clock_setup.c.obj(SORT_BY_ALIGNMENT(.rel.text.flexspi_clock_safe_config))
 *flash_clock_setup.c.obj(SORT_BY_ALIGNMENT(.text.flexspi_clock_safe_config))
 .text.flexspi_clock_safe_config
                0x0000000030180000       0x10 zephyr/libzephyr.a(flash_clock_setup.c.obj)
                0x0000000030180000                flexspi_clock_safe_config
 *flash_clock_setup.c.obj(SORT_BY_ALIGNMENT(.text.flexspi_setup_clock))
 .text.flexspi_setup_clock
                0x0000000030180010       0xf0 zephyr/libzephyr.a(flash_clock_setup.c.obj)
                0x0000000030180010                flexspi_setup_clock
                0x0000000030180100                . = ALIGN (_region_min_align)
                0x0000000030180100                __ram_text_reloc_end = .
                0x0000000000000100                __ram_text_reloc_size = (__ram_text_reloc_end - __ram_text_reloc_start)
                0x0000000018001330                __ram_text_rom_start = LOADADDR (.ram_text_reloc)
                0x0000000030180100                _ram_mpu_ro_region_end = .

text            0x0000000018001430     0x45d8
                0x0000000018001430                __text_region_start = .
 *(SORT_BY_ALIGNMENT(.text))
 .text          0x0000000018001430       0x30 c:/users/ext_basver/zephyr-sdk-0.16.5-1/arm-zephyr-eabi/bin/../lib/gcc/arm-zephyr-eabi/12.2.0/thumb/v8-m.main/nofp\libgcc.a(_aeabi_uldivmod.o)
                0x0000000018001430                __aeabi_uldivmod
 .text          0x0000000018001460        0x4 c:/users/ext_basver/zephyr-sdk-0.16.5-1/arm-zephyr-eabi/bin/../lib/gcc/arm-zephyr-eabi/12.2.0/thumb/v8-m.main/nofp\libgcc.a(_dvmd_tls.o)
                0x0000000018001460                __aeabi_idiv0
                0x0000000018001460                __aeabi_ldiv0
 .text          0x0000000018001464      0x29c c:/users/ext_basver/zephyr-sdk-0.16.5-1/arm-zephyr-eabi/bin/../lib/gcc/arm-zephyr-eabi/12.2.0/thumb/v8-m.main/nofp\libgcc.a(_udivmoddi4.o)
                0x0000000018001464                __udivmoddi4
 *(SORT_BY_ALIGNMENT(.text.*))
 .text.main     0x0000000018001700       0xa0 app/libapp.a(main.c.obj)
                0x0000000018001700                main
 .text.char_out
                0x00000000180017a0        0xc zephyr/libzephyr.a(printk.c.obj)
 .text.__printk_hook_install
                0x00000000180017ac        0xc zephyr/libzephyr.a(printk.c.obj)
                0x00000000180017ac                __printk_hook_install
 .text.vprintk  0x00000000180017b8       0x30 zephyr/libzephyr.a(printk.c.obj)
                0x00000000180017b8                vprintk
 .text.z_thread_entry
                0x00000000180017e8       0x34 zephyr/libzephyr.a(thread_entry.c.obj)
                0x00000000180017e8                z_thread_entry
 .text.nxp_rt600_init
                0x000000001800181c      0x184 zephyr/libzephyr.a(soc.c.obj)
 .text.mem_attr_get_regions
                0x00000000180019a0        0xc zephyr/libzephyr.a(mem_attr.c.obj)
                0x00000000180019a0                mem_attr_get_regions
 .text.z_SysNmiOnReset
                0x00000000180019ac        0x8 zephyr/arch/arch/arm/core/libarch__arm__core.a(nmi_on_reset.S.obj)
                0x00000000180019ac                z_SysNmiOnReset
 .text.arch_tls_stack_setup
                0x00000000180019b4       0x5c zephyr/arch/arch/arm/core/libarch__arm__core.a(tls.c.obj)
                0x00000000180019b4                arch_tls_stack_setup
 .text._HandlerModeExit
                0x0000000018001a10       0x1c zephyr/arch/arch/arm/core/cortex_m/libarch__arm__core__cortex_m.a(exc_exit.S.obj)
                0x0000000018001a10                z_arm_int_exit
                0x0000000018001a10                z_arm_exc_exit
 .text.secure_fault.constprop.0
                0x0000000018001a2c       0x74 zephyr/arch/arch/arm/core/cortex_m/libarch__arm__core__cortex_m.a(fault.c.obj)
 .text.usage_fault.constprop.0
                0x0000000018001aa0       0x5c zephyr/arch/arch/arm/core/cortex_m/libarch__arm__core__cortex_m.a(fault.c.obj)
 .text.bus_fault.constprop.0
                0x0000000018001afc       0x6c zephyr/arch/arch/arm/core/cortex_m/libarch__arm__core__cortex_m.a(fault.c.obj)
 .text.mem_manage_fault.constprop.0
                0x0000000018001b68       0x78 zephyr/arch/arch/arm/core/cortex_m/libarch__arm__core__cortex_m.a(fault.c.obj)
 .text.z_arm_fault
                0x0000000018001be0      0x158 zephyr/arch/arch/arm/core/cortex_m/libarch__arm__core__cortex_m.a(fault.c.obj)
                0x0000000018001be0                z_arm_fault
 .text.z_arm_fault_init
                0x0000000018001d38       0x18 zephyr/arch/arch/arm/core/cortex_m/libarch__arm__core__cortex_m.a(fault.c.obj)
                0x0000000018001d38                z_arm_fault_init
 .text.__fault  0x0000000018001d50       0x14 zephyr/arch/arch/arm/core/cortex_m/libarch__arm__core__cortex_m.a(fault_s.S.obj)
                0x0000000018001d50                z_arm_bus_fault
                0x0000000018001d50                z_arm_usage_fault
                0x0000000018001d50                z_arm_mpu_fault
                0x0000000018001d50                z_arm_exc_spurious
                0x0000000018001d50                z_arm_debug_monitor
                0x0000000018001d50                z_arm_hard_fault
                0x0000000018001d50                z_arm_secure_fault
 .text.z_arm_interrupt_init
                0x0000000018001d64       0x18 zephyr/arch/arch/arm/core/cortex_m/libarch__arm__core__cortex_m.a(irq_init.c.obj)
                0x0000000018001d64                z_arm_interrupt_init
 .text._reset_section
                0x0000000018001d7c       0x30 zephyr/arch/arch/arm/core/cortex_m/libarch__arm__core__cortex_m.a(reset.S.obj)
                0x0000000018001d7c                __start
                0x0000000018001d7c                z_arm_reset
 .text.z_impl_k_thread_abort
                0x0000000018001dac       0x2c zephyr/arch/arch/arm/core/cortex_m/libarch__arm__core__cortex_m.a(thread_abort.c.obj)
                0x0000000018001dac                z_impl_k_thread_abort
 .text.arch_swap
                0x0000000018001dd8       0x34 zephyr/arch/arch/arm/core/cortex_m/libarch__arm__core__cortex_m.a(swap.c.obj)
                0x0000000018001dd8                arch_swap
 .text.z_arm_pendsv
                0x0000000018001e0c       0x68 zephyr/arch/arch/arm/core/cortex_m/libarch__arm__core__cortex_m.a(swap_helper.S.obj)
                0x0000000018001e0c                z_arm_pendsv
 .text.z_arm_svc
                0x0000000018001e74       0x20 zephyr/arch/arch/arm/core/cortex_m/libarch__arm__core__cortex_m.a(swap_helper.S.obj)
                0x0000000018001e74                z_arm_svc
 .text.arch_irq_enable
                0x0000000018001e94       0x1c zephyr/arch/arch/arm/core/cortex_m/libarch__arm__core__cortex_m.a(irq_manage.c.obj)
                0x0000000018001e94                arch_irq_enable
 .text.z_arm_irq_priority_set
                0x0000000018001eb0       0x2c zephyr/arch/arch/arm/core/cortex_m/libarch__arm__core__cortex_m.a(irq_manage.c.obj)
                0x0000000018001eb0                z_arm_irq_priority_set
 .text.z_arm_prep_c
                0x0000000018001edc       0x48 zephyr/arch/arch/arm/core/cortex_m/libarch__arm__core__cortex_m.a(prep_c.c.obj)
                0x0000000018001edc                z_arm_prep_c
 .text.arch_new_thread
                0x0000000018001f24       0x38 zephyr/arch/arch/arm/core/cortex_m/libarch__arm__core__cortex_m.a(thread.c.obj)
                0x0000000018001f24                arch_new_thread
 .text.arch_switch_to_main_thread
                0x0000000018001f5c       0x34 zephyr/arch/arch/arm/core/cortex_m/libarch__arm__core__cortex_m.a(thread.c.obj)
                0x0000000018001f5c                arch_switch_to_main_thread
 .text.z_arm_cpu_idle_init
                0x0000000018001f90        0xc zephyr/arch/arch/arm/core/cortex_m/libarch__arm__core__cortex_m.a(cpu_idle.S.obj)
                0x0000000018001f90                z_arm_cpu_idle_init
 .text.arch_cpu_idle
                0x0000000018001f9c       0x1c zephyr/arch/arch/arm/core/cortex_m/libarch__arm__core__cortex_m.a(cpu_idle.S.obj)
                0x0000000018001f9c                arch_cpu_idle
 .text._isr_wrapper
                0x0000000018001fb8       0x28 zephyr/arch/arch/arm/core/cortex_m/libarch__arm__core__cortex_m.a(isr_wrapper.S.obj)
                0x0000000018001fb8                _isr_wrapper
 .text.z_arm_configure_static_mpu_regions
                0x0000000018001fe0       0x38 zephyr/arch/arch/arm/core/mpu/libarch__arm__core__mpu.a(arm_core_mpu.c.obj)
                0x0000000018001fe0                z_arm_configure_static_mpu_regions
 .text.region_init
                0x0000000018002018       0x34 zephyr/arch/arch/arm/core/mpu/libarch__arm__core__mpu.a(arm_mpu.c.obj)
 .text.mpu_configure_regions_and_partition.constprop.0
                0x000000001800204c      0x14c zephyr/arch/arch/arm/core/mpu/libarch__arm__core__mpu.a(arm_mpu.c.obj)
 .text.arm_core_mpu_enable
                0x0000000018002198       0x18 zephyr/arch/arch/arm/core/mpu/libarch__arm__core__mpu.a(arm_mpu.c.obj)
                0x0000000018002198                arm_core_mpu_enable
 .text.arm_core_mpu_disable
                0x00000000180021b0       0x14 zephyr/arch/arch/arm/core/mpu/libarch__arm__core__mpu.a(arm_mpu.c.obj)
                0x00000000180021b0                arm_core_mpu_disable
 .text.arm_core_mpu_configure_static_mpu_regions
                0x00000000180021c4       0x14 zephyr/arch/arch/arm/core/mpu/libarch__arm__core__mpu.a(arm_mpu.c.obj)
                0x00000000180021c4                arm_core_mpu_configure_static_mpu_regions
 .text.arm_core_mpu_mark_areas_for_dynamic_regions
                0x00000000180021d8       0xb8 zephyr/arch/arch/arm/core/mpu/libarch__arm__core__mpu.a(arm_mpu.c.obj)
                0x00000000180021d8                arm_core_mpu_mark_areas_for_dynamic_regions
 .text.z_arm_mpu_init
                0x0000000018002290       0xf8 zephyr/arch/arch/arm/core/mpu/libarch__arm__core__mpu.a(arm_mpu.c.obj)
                0x0000000018002290                z_arm_mpu_init
 .text.z_impl_zephyr_fputc
                0x0000000018002388       0x10 zephyr/lib/libc/picolibc/liblib__libc__picolibc.a(libc-hooks.c.obj)
                0x0000000018002388                z_impl_zephyr_fputc
 .text.__stdout_hook_install
                0x0000000018002398       0x18 zephyr/lib/libc/picolibc/liblib__libc__picolibc.a(libc-hooks.c.obj)
                0x0000000018002398                __stdout_hook_install
 .text.malloc_prepare
                0x00000000180023b0       0x24 zephyr/lib/libc/common/liblib__libc__common.a(malloc.c.obj)
 .text.intc_nxp_pint_init
                0x00000000180023d4       0xa0 zephyr/drivers/interrupt_controller/libdrivers__interrupt_controller.a(intc_nxp_pint.c.obj)
 .text.nxp_pint_isr
                0x0000000018002474       0x38 zephyr/drivers/interrupt_controller/libdrivers__interrupt_controller.a(intc_nxp_pint.c.obj)
 .text.nxp_pint_pin_enable
                0x00000000180024ac       0x88 zephyr/drivers/interrupt_controller/libdrivers__interrupt_controller.a(intc_nxp_pint.c.obj)
                0x00000000180024ac                nxp_pint_pin_enable
 .text.nxp_pint_pin_disable
                0x0000000018002534       0x34 zephyr/drivers/interrupt_controller/libdrivers__interrupt_controller.a(intc_nxp_pint.c.obj)
                0x0000000018002534                nxp_pint_pin_disable
 .text.nxp_pint_pin_set_callback
                0x0000000018002568       0x2c zephyr/drivers/interrupt_controller/libdrivers__interrupt_controller.a(intc_nxp_pint.c.obj)
                0x0000000018002568                nxp_pint_pin_set_callback
 .text.uart_console_init
                0x0000000018002594       0x28 zephyr/drivers/console/libdrivers__console.a(uart_console.c.obj)
 .text.console_out
                0x00000000180025bc       0x28 zephyr/drivers/console/libdrivers__console.a(uart_console.c.obj)
 .text.gpio_mcux_lpc_pin_interrupt_configure
                0x00000000180025e4      0x120 zephyr/drivers/gpio/libdrivers__gpio.a(gpio_mcux_lpc.c.obj)
 .text.mcux_flexcomm_uart_configure
                0x0000000018002704       0xb4 zephyr/drivers/serial/libdrivers__serial.a(uart_mcux_flexcomm.c.obj)
 .text.mcux_lpc_ostick_isr
                0x00000000180027b8       0x68 zephyr/drivers/timer/libdrivers__timer.a(mcux_os_timer.c.obj)
                0x00000000180027b8                mcux_lpc_ostick_isr
 .text.sys_clock_driver_init
                0x0000000018002820       0x54 zephyr/drivers/timer/libdrivers__timer.a(mcux_os_timer.c.obj)
 .text.sys_clock_set_timeout
                0x0000000018002874       0x98 zephyr/drivers/timer/libdrivers__timer.a(mcux_os_timer.c.obj)
                0x0000000018002874                sys_clock_set_timeout
 .text.sys_clock_elapsed
                0x000000001800290c       0x38 zephyr/drivers/timer/libdrivers__timer.a(mcux_os_timer.c.obj)
                0x000000001800290c                sys_clock_elapsed
 .text.CLOCK_GetOsc32KFreq
                0x0000000018002944       0x14 modules/hal_nxp/hal_nxp/lib..__modules__hal__nxp.a(fsl_clock.c.obj)
 .text.CLOCK_GetXtalInClkFreq
                0x0000000018002958       0x2c modules/hal_nxp/hal_nxp/lib..__modules__hal__nxp.a(fsl_clock.c.obj)
 .text.CLOCK_GetFFroFreq
                0x0000000018002984       0x28 modules/hal_nxp/hal_nxp/lib..__modules__hal__nxp.a(fsl_clock.c.obj)
                0x0000000018002984                CLOCK_GetFFroFreq
 .text.CLOCK_GetSysPllFreq
                0x00000000180029ac       0x5c modules/hal_nxp/hal_nxp/lib..__modules__hal__nxp.a(fsl_clock.c.obj)
                0x00000000180029ac                CLOCK_GetSysPllFreq
 .text.CLOCK_GetSysPfdFreq
                0x0000000018002a08       0x60 modules/hal_nxp/hal_nxp/lib..__modules__hal__nxp.a(fsl_clock.c.obj)
                0x0000000018002a08                CLOCK_GetSysPfdFreq
 .text.CLOCK_GetMainPllClkFreq
                0x0000000018002a68       0x1c modules/hal_nxp/hal_nxp/lib..__modules__hal__nxp.a(fsl_clock.c.obj)
 .text.CLOCK_GetAux0PllClkFreq
                0x0000000018002a84       0x1c modules/hal_nxp/hal_nxp/lib..__modules__hal__nxp.a(fsl_clock.c.obj)
 .text.CLOCK_GetAux1PllClkFreq
                0x0000000018002aa0       0x1c modules/hal_nxp/hal_nxp/lib..__modules__hal__nxp.a(fsl_clock.c.obj)
 .text.CLOCK_GetAudioPllFreq
                0x0000000018002abc       0x5c modules/hal_nxp/hal_nxp/lib..__modules__hal__nxp.a(fsl_clock.c.obj)
                0x0000000018002abc                CLOCK_GetAudioPllFreq
 .text.CLOCK_GetAudioPfdFreq
                0x0000000018002b18       0x60 modules/hal_nxp/hal_nxp/lib..__modules__hal__nxp.a(fsl_clock.c.obj)
                0x0000000018002b18                CLOCK_GetAudioPfdFreq
 .text.CLOCK_GetAudioPllClkFreq
                0x0000000018002b78       0x1c modules/hal_nxp/hal_nxp/lib..__modules__hal__nxp.a(fsl_clock.c.obj)
 .text.CLOCK_GetMainClkFreq
                0x0000000018002b94       0x68 modules/hal_nxp/hal_nxp/lib..__modules__hal__nxp.a(fsl_clock.c.obj)
                0x0000000018002b94                CLOCK_GetMainClkFreq
 .text.CLOCK_GetDspMainClkFreq
                0x0000000018002bfc       0x7c modules/hal_nxp/hal_nxp/lib..__modules__hal__nxp.a(fsl_clock.c.obj)
                0x0000000018002bfc                CLOCK_GetDspMainClkFreq
 .text.CLOCK_GetAdcClkFreq
                0x0000000018002c78       0x70 modules/hal_nxp/hal_nxp/lib..__modules__hal__nxp.a(fsl_clock.c.obj)
                0x0000000018002c78                CLOCK_GetAdcClkFreq
 .text.CLOCK_GetClockOutClkFreq
                0x0000000018002ce8       0xac modules/hal_nxp/hal_nxp/lib..__modules__hal__nxp.a(fsl_clock.c.obj)
                0x0000000018002ce8                CLOCK_GetClockOutClkFreq
 .text.CLOCK_GetFRGClock
                0x0000000018002d94       0xb0 modules/hal_nxp/hal_nxp/lib..__modules__hal__nxp.a(fsl_clock.c.obj)
                0x0000000018002d94                CLOCK_GetFRGClock
 .text.CLOCK_GetFlexCommClkFreq
                0x0000000018002e44       0x60 modules/hal_nxp/hal_nxp/lib..__modules__hal__nxp.a(fsl_clock.c.obj)
                0x0000000018002e44                CLOCK_GetFlexCommClkFreq
 .text.CLOCK_GetFlexspiClkFreq
                0x0000000018002ea4       0x4c modules/hal_nxp/hal_nxp/lib..__modules__hal__nxp.a(fsl_clock.c.obj)
                0x0000000018002ea4                CLOCK_GetFlexspiClkFreq
 .text.CLOCK_GetSctClkFreq
                0x0000000018002ef0       0x54 modules/hal_nxp/hal_nxp/lib..__modules__hal__nxp.a(fsl_clock.c.obj)
                0x0000000018002ef0                CLOCK_GetSctClkFreq
 .text.CLOCK_GetMclkClkFreq
                0x0000000018002f44       0x34 modules/hal_nxp/hal_nxp/lib..__modules__hal__nxp.a(fsl_clock.c.obj)
                0x0000000018002f44                CLOCK_GetMclkClkFreq
 .text.CLOCK_GetWdtClkFreq
                0x0000000018002f78       0x28 modules/hal_nxp/hal_nxp/lib..__modules__hal__nxp.a(fsl_clock.c.obj)
                0x0000000018002f78                CLOCK_GetWdtClkFreq
 .text.CLOCK_GetSystickClkFreq
                0x0000000018002fa0       0x48 modules/hal_nxp/hal_nxp/lib..__modules__hal__nxp.a(fsl_clock.c.obj)
                0x0000000018002fa0                CLOCK_GetSystickClkFreq
 .text.CLOCK_GetSdioClkFreq
                0x0000000018002fe8       0x64 modules/hal_nxp/hal_nxp/lib..__modules__hal__nxp.a(fsl_clock.c.obj)
                0x0000000018002fe8                CLOCK_GetSdioClkFreq
 .text.CLOCK_GetI3cClkFreq
                0x000000001800304c       0x34 modules/hal_nxp/hal_nxp/lib..__modules__hal__nxp.a(fsl_clock.c.obj)
                0x000000001800304c                CLOCK_GetI3cClkFreq
 .text.CLOCK_GetUsbClkFreq
                0x0000000018003080       0x34 modules/hal_nxp/hal_nxp/lib..__modules__hal__nxp.a(fsl_clock.c.obj)
                0x0000000018003080                CLOCK_GetUsbClkFreq
 .text.CLOCK_GetDmicClkFreq
                0x00000000180030b4       0x78 modules/hal_nxp/hal_nxp/lib..__modules__hal__nxp.a(fsl_clock.c.obj)
                0x00000000180030b4                CLOCK_GetDmicClkFreq
 .text.CLOCK_GetAcmpClkFreq
                0x000000001800312c       0x50 modules/hal_nxp/hal_nxp/lib..__modules__hal__nxp.a(fsl_clock.c.obj)
                0x000000001800312c                CLOCK_GetAcmpClkFreq
 .text.CLOCK_GetFreq
                0x000000001800317c      0x100 modules/hal_nxp/hal_nxp/lib..__modules__hal__nxp.a(fsl_clock.c.obj)
                0x000000001800317c                CLOCK_GetFreq
 .text.CLOCK_EnableFfroClk
                0x000000001800327c       0xc0 modules/hal_nxp/hal_nxp/lib..__modules__hal__nxp.a(fsl_clock.c.obj)
                0x000000001800327c                CLOCK_EnableFfroClk
 .text.CLOCK_EnableSfroClk
                0x000000001800333c       0x48 modules/hal_nxp/hal_nxp/lib..__modules__hal__nxp.a(fsl_clock.c.obj)
                0x000000001800333c                CLOCK_EnableSfroClk
 .text.CLOCK_InitSysPll
                0x0000000018003384      0x108 modules/hal_nxp/hal_nxp/lib..__modules__hal__nxp.a(fsl_clock.c.obj)
                0x0000000018003384                CLOCK_InitSysPll
 .text.CLOCK_InitSysPfd
                0x000000001800348c       0x44 modules/hal_nxp/hal_nxp/lib..__modules__hal__nxp.a(fsl_clock.c.obj)
                0x000000001800348c                CLOCK_InitSysPfd
 .text.CLOCK_EnableSysOscClk
                0x00000000180034d0       0x28 modules/hal_nxp/hal_nxp/lib..__modules__hal__nxp.a(fsl_clock.c.obj)
                0x00000000180034d0                CLOCK_EnableSysOscClk
 .text.POWER_ApplyPD
                0x00000000180034f8       0x1c modules/hal_nxp/hal_nxp/lib..__modules__hal__nxp.a(fsl_power.c.obj)
                0x00000000180034f8                POWER_ApplyPD
 .text.POWER_UpdateOscSettlingTime
                0x0000000018003514        0xc modules/hal_nxp/hal_nxp/lib..__modules__hal__nxp.a(fsl_power.c.obj)
                0x0000000018003514                POWER_UpdateOscSettlingTime
 .text.EnableDeepSleepIRQ
                0x0000000018003520       0x3c modules/hal_nxp/hal_nxp/lib..__modules__hal__nxp.a(fsl_power.c.obj)
                0x0000000018003520                EnableDeepSleepIRQ
 .text.RESET_SetPeripheralReset
                0x000000001800355c       0x68 modules/hal_nxp/hal_nxp/lib..__modules__hal__nxp.a(fsl_reset.c.obj)
                0x000000001800355c                RESET_SetPeripheralReset
 .text.RESET_ClearPeripheralReset
                0x00000000180035c4       0x74 modules/hal_nxp/hal_nxp/lib..__modules__hal__nxp.a(fsl_reset.c.obj)
                0x00000000180035c4                RESET_ClearPeripheralReset
 .text.SDK_DelayAtLeastUs
                0x0000000018003638       0x20 modules/hal_nxp/hal_nxp/lib..__modules__hal__nxp.a(fsl_common_arm.c.obj)
                0x0000000018003638                SDK_DelayAtLeastUs
 .text.getFFroFreq
                0x0000000018003658       0x28 modules/hal_nxp/hal_nxp/lib..__modules__hal__nxp.a(system_MIMXRT685S_cm33.c.obj)
 .text.SystemCoreClockUpdate
                0x0000000018003680      0x104 modules/hal_nxp/hal_nxp/lib..__modules__hal__nxp.a(system_MIMXRT685S_cm33.c.obj)
                0x0000000018003680                SystemCoreClockUpdate
 .text.SystemInit
                0x0000000018003784       0x9c modules/hal_nxp/hal_nxp/lib..__modules__hal__nxp.a(system_MIMXRT685S_cm33.c.obj)
                0x0000000018003784                SystemInit
 .text.CLOCK_EnableClock
                0x0000000018003820       0x58 modules/hal_nxp/hal_nxp/lib..__modules__hal__nxp.a(fsl_gpio.c.obj)
 .text.GPIO_PortInit
                0x0000000018003878       0x24 modules/hal_nxp/hal_nxp/lib..__modules__hal__nxp.a(fsl_gpio.c.obj)
                0x0000000018003878                GPIO_PortInit
 .text.PINT_Init
                0x000000001800389c       0x54 modules/hal_nxp/hal_nxp/lib..__modules__hal__nxp.a(fsl_pint.c.obj)
                0x000000001800389c                PINT_Init
 .text.PINT_PinInterruptConfig
                0x00000000180038f0       0x4c modules/hal_nxp/hal_nxp/lib..__modules__hal__nxp.a(fsl_pint.c.obj)
                0x00000000180038f0                PINT_PinInterruptConfig
 .text.INPUTMUX_Init
                0x000000001800393c       0x10 modules/hal_nxp/hal_nxp/lib..__modules__hal__nxp.a(fsl_inputmux.c.obj)
                0x000000001800393c                INPUTMUX_Init
 .text.INPUTMUX_Deinit
                0x000000001800394c       0x10 modules/hal_nxp/hal_nxp/lib..__modules__hal__nxp.a(fsl_inputmux.c.obj)
                0x000000001800394c                INPUTMUX_Deinit
 .text.OSTIMER_GetInstance
                0x000000001800395c       0x10 modules/hal_nxp/hal_nxp/lib..__modules__hal__nxp.a(fsl_ostimer.c.obj)
 .text.OSTIMER_HandleIRQ
                0x000000001800396c       0x24 modules/hal_nxp/hal_nxp/lib..__modules__hal__nxp.a(fsl_ostimer.c.obj)
                0x000000001800396c                OSTIMER_HandleIRQ
 .text.OSTIMER_Init
                0x0000000018003990       0x10 modules/hal_nxp/hal_nxp/lib..__modules__hal__nxp.a(fsl_ostimer.c.obj)
                0x0000000018003990                OSTIMER_Init
 .text.OSTIMER_SetMatchRawValue
                0x00000000180039a0       0x90 modules/hal_nxp/hal_nxp/lib..__modules__hal__nxp.a(fsl_ostimer.c.obj)
                0x00000000180039a0                OSTIMER_SetMatchRawValue
 .text.FLEXCOMM_GetInstance
                0x0000000018003a30       0x1c modules/hal_nxp/hal_nxp/lib..__modules__hal__nxp.a(fsl_flexcomm.c.obj)
                0x0000000018003a30                FLEXCOMM_GetInstance
 .text.FLEXCOMM_Init
                0x0000000018003a4c       0xcc modules/hal_nxp/hal_nxp/lib..__modules__hal__nxp.a(fsl_flexcomm.c.obj)
                0x0000000018003a4c                FLEXCOMM_Init
 .text.z_fatal_error
                0x0000000018003b18       0x30 zephyr/kernel/libkernel.a(fatal.c.obj)
                0x0000000018003b18                z_fatal_error
 .text.z_sys_init_run_level
                0x0000000018003b48       0x48 zephyr/kernel/libkernel.a(init.c.obj)
 .text.bg_thread_main
                0x0000000018003b90       0x34 zephyr/kernel/libkernel.a(init.c.obj)
 .text.z_bss_zero
                0x0000000018003bc4       0x20 zephyr/kernel/libkernel.a(init.c.obj)
                0x0000000018003bc4                z_bss_zero
 .text.z_init_cpu
                0x0000000018003be4       0x7c zephyr/kernel/libkernel.a(init.c.obj)
                0x0000000018003be4                z_init_cpu
 .text.z_cstart
                0x0000000018003c60       0xf4 zephyr/kernel/libkernel.a(init.c.obj)
                0x0000000018003c60                z_cstart
 .text.z_setup_new_thread
                0x0000000018003d54       0x7c zephyr/kernel/libkernel.a(thread.c.obj)
                0x0000000018003d54                z_setup_new_thread
 .text.z_impl_k_thread_create
                0x0000000018003dd0       0x58 zephyr/kernel/libkernel.a(thread.c.obj)
                0x0000000018003dd0                z_impl_k_thread_create
 .text.z_init_static_threads
                0x0000000018003e28       0x98 zephyr/kernel/libkernel.a(thread.c.obj)
                0x0000000018003e28                z_init_static_threads
 .text.sliceable
                0x0000000018003ec0       0x3c zephyr/kernel/libkernel.a(sched.c.obj)
 .text.slice_timeout
                0x0000000018003efc       0x20 zephyr/kernel/libkernel.a(sched.c.obj)
 .text.z_reset_time_slice
                0x0000000018003f1c       0x50 zephyr/kernel/libkernel.a(sched.c.obj)
                0x0000000018003f1c                z_reset_time_slice
 .text.update_cache
                0x0000000018003f6c       0x3c zephyr/kernel/libkernel.a(sched.c.obj)
 .text.move_thread_to_end_of_prio_q
                0x0000000018003fa8       0x74 zephyr/kernel/libkernel.a(sched.c.obj)
 .text.ready_thread
                0x000000001800401c       0x68 zephyr/kernel/libkernel.a(sched.c.obj)
 .text.unready_thread
                0x0000000018004084       0x30 zephyr/kernel/libkernel.a(sched.c.obj)
 .text.z_time_slice
                0x00000000180040b4       0x60 zephyr/kernel/libkernel.a(sched.c.obj)
                0x00000000180040b4                z_time_slice
 .text.z_reschedule
                0x0000000018004114       0x24 zephyr/kernel/libkernel.a(sched.c.obj)
                0x0000000018004114                z_reschedule
 .text.z_sched_start
                0x0000000018004138       0x3c zephyr/kernel/libkernel.a(sched.c.obj)
                0x0000000018004138                z_sched_start
 .text.z_impl_k_thread_suspend
                0x0000000018004174       0x64 zephyr/kernel/libkernel.a(sched.c.obj)
                0x0000000018004174                z_impl_k_thread_suspend
 .text.k_sched_lock
                0x00000000180041d8       0x28 zephyr/kernel/libkernel.a(sched.c.obj)
                0x00000000180041d8                k_sched_lock
 .text.k_sched_unlock
                0x0000000018004200       0x38 zephyr/kernel/libkernel.a(sched.c.obj)
                0x0000000018004200                k_sched_unlock
 .text.z_sched_init
                0x0000000018004238       0x10 zephyr/kernel/libkernel.a(sched.c.obj)
                0x0000000018004238                z_sched_init
 .text.z_impl_k_yield
                0x0000000018004248       0x7c zephyr/kernel/libkernel.a(sched.c.obj)
                0x0000000018004248                z_impl_k_yield
 .text.z_tick_sleep
                0x00000000180042c4       0x88 zephyr/kernel/libkernel.a(sched.c.obj)
 .text.z_impl_k_sleep
                0x000000001800434c       0x30 zephyr/kernel/libkernel.a(sched.c.obj)
                0x000000001800434c                z_impl_k_sleep
 .text.z_impl_k_sched_current_thread_query
                0x000000001800437c        0xc zephyr/kernel/libkernel.a(sched.c.obj)
                0x000000001800437c                z_impl_k_sched_current_thread_query
 .text.z_thread_abort
                0x0000000018004388       0xc0 zephyr/kernel/libkernel.a(sched.c.obj)
                0x0000000018004388                z_thread_abort
 .text.z_data_copy
                0x0000000018004448       0x38 zephyr/kernel/libkernel.a(xip.c.obj)
                0x0000000018004448                z_data_copy
 .text.elapsed  0x0000000018004480       0x14 zephyr/kernel/libkernel.a(timeout.c.obj)
 .text.next_timeout
                0x0000000018004494       0x40 zephyr/kernel/libkernel.a(timeout.c.obj)
 .text.remove_timeout
                0x00000000180044d4       0x38 zephyr/kernel/libkernel.a(timeout.c.obj)
 .text.z_add_timeout
                0x000000001800450c       0xec zephyr/kernel/libkernel.a(timeout.c.obj)
                0x000000001800450c                z_add_timeout
 .text.sys_clock_announce
                0x00000000180045f8       0xd4 zephyr/kernel/libkernel.a(timeout.c.obj)
                0x00000000180045f8                sys_clock_announce
 .text.sys_clock_tick_get
                0x00000000180046cc       0x34 zephyr/kernel/libkernel.a(timeout.c.obj)
                0x00000000180046cc                sys_clock_tick_get
 .text.boot_banner
                0x0000000018004700        0xc zephyr/kernel/libkernel.a(banner.c.obj)
                0x0000000018004700                boot_banner
 .text.data_copy_xip_relocation
                0x000000001800470c       0x18 zephyr/libcode_relocation_source_lib.a(code_relocation.c.obj)
                0x000000001800470c                data_copy_xip_relocation
 .text.__i_vfprintf
                0x0000000018004724      0x498 c:\users\ext_basver\zephyr-sdk-0.16.5-1\arm-zephyr-eabi\bin\../lib/gcc/../../picolibc/arm-zephyr-eabi/lib/thumb/v8-m.main/nofp\libc.a(libc_tinystdio_vfiprintf.c.o)
                0x0000000018004724                __i_vfprintf
 .text._OffsetAbsSyms
                0x0000000018004bbc        0x2 zephyr/CMakeFiles/offsets.dir/./arch/arm/core/offsets/offsets.c.obj
                0x0000000018004bbc                _OffsetAbsSyms
 .text.gpio_pin_set.isra.0
                0x0000000018004bbe       0x20 app/libapp.a(main.c.obj)
 .text.gpio_pin_configure_dt.constprop.0.isra.0
                0x0000000018004bde       0x2c app/libapp.a(main.c.obj)
 .text.led_blink
                0x0000000018004c0a       0x2a app/libapp.a(main.c.obj)
                0x0000000018004c0a                led_blink
 .text.arch_printk_char_out
                0x0000000018004c34        0x4 zephyr/libzephyr.a(printk.c.obj)
                0x0000000018004c34                arch_printk_char_out
 .text.printk   0x0000000018004c38       0x1a zephyr/libzephyr.a(printk.c.obj)
                0x0000000018004c38                printk
 .text.chunk_field
                0x0000000018004c52       0x16 zephyr/libzephyr.a(heap.c.obj)
 .text.chunk_set
                0x0000000018004c68       0x16 zephyr/libzephyr.a(heap.c.obj)
 .text.chunk_size
                0x0000000018004c7e        0xc zephyr/libzephyr.a(heap.c.obj)
 .text.set_chunk_used
                0x0000000018004c8a       0x30 zephyr/libzephyr.a(heap.c.obj)
 .text.set_chunk_size
                0x0000000018004cba        0x8 zephyr/libzephyr.a(heap.c.obj)
 .text.bucket_idx.isra.0
                0x0000000018004cc2       0x1c zephyr/libzephyr.a(heap.c.obj)
 .text.free_list_add
                0x0000000018004cde       0x84 zephyr/libzephyr.a(heap.c.obj)
 .text.sys_heap_init
                0x0000000018004d62       0xb0 zephyr/libzephyr.a(heap.c.obj)
                0x0000000018004d62                sys_heap_init
 .text._ConfigAbsSyms
                0x0000000018004e12        0x2 zephyr/libzephyr.a(configs.c.obj)
                0x0000000018004e12                _ConfigAbsSyms
 .text.z_arm_platform_init
                0x0000000018004e14        0x4 zephyr/libzephyr.a(soc.c.obj)
                0x0000000018004e14                z_arm_platform_init
 .text.z_arm_fatal_error
                0x0000000018004e18        0x4 zephyr/arch/arch/arm/core/libarch__arm__core.a(fatal.c.obj)
                0x0000000018004e18                z_arm_fatal_error
 .text.z_do_kernel_oops
                0x0000000018004e1c        0x8 zephyr/arch/arch/arm/core/libarch__arm__core.a(fatal.c.obj)
                0x0000000018004e1c                z_do_kernel_oops
 .text.z_arm_nmi
                0x0000000018004e24        0xe zephyr/arch/arch/arm/core/libarch__arm__core.a(nmi.c.obj)
                0x0000000018004e24                z_arm_nmi
 .text.z_irq_spurious
                0x0000000018004e32        0x8 zephyr/arch/arch/arm/core/cortex_m/libarch__arm__core__cortex_m.a(irq_manage.c.obj)
                0x0000000018004e32                z_irq_spurious
 .text.configure_builtin_stack_guard
                0x0000000018004e3a        0x8 zephyr/arch/arch/arm/core/cortex_m/libarch__arm__core__cortex_m.a(thread.c.obj)
                0x0000000018004e3a                configure_builtin_stack_guard
 .text.arm_cmse_mpu_region_get
                0x0000000018004e42       0x12 zephyr/arch/arch/arm/core/cortex_m/cmse/libarch__arm__core__cortex_m__cmse.a(arm_core_cmse.c.obj)
                0x0000000018004e42                arm_cmse_mpu_region_get
 .text.mpu_configure_region
                0x0000000018004e54       0x3a zephyr/arch/arch/arm/core/mpu/libarch__arm__core__mpu.a(arm_mpu.c.obj)
 .text.picolibc_put
                0x0000000018004e8e        0xa zephyr/lib/libc/picolibc/liblib__libc__picolibc.a(libc-hooks.c.obj)
 .text.mimxrt685_evk_init
                0x0000000018004e98        0x4 zephyr/boards/arm/mimxrt685_evk/libboards__arm__mimxrt685_evk.a(init.c.obj)
 .text.mcux_lpc_syscon_clock_control_on
                0x0000000018004e9c        0x4 zephyr/drivers/clock_control/libdrivers__clock_control.a(clock_control_mcux_syscon.c.obj)
 .text.mcux_lpc_syscon_clock_control_get_subsys_rate
                0x0000000018004ea0       0x8a zephyr/drivers/clock_control/libdrivers__clock_control.a(clock_control_mcux_syscon.c.obj)
 .text.mcux_lpc_syscon_clock_control_off
                0x0000000018004f2a        0x4 zephyr/drivers/clock_control/libdrivers__clock_control.a(clock_control_mcux_syscon.c.obj)
 .text.gpio_mcux_lpc_configure
                0x0000000018004f2e       0xbe zephyr/drivers/gpio/libdrivers__gpio.a(gpio_mcux_lpc.c.obj)
 .text.gpio_mcux_lpc_port_get_raw
                0x0000000018004fec       0x14 zephyr/drivers/gpio/libdrivers__gpio.a(gpio_mcux_lpc.c.obj)
 .text.gpio_mcux_lpc_port_set_masked_raw
                0x0000000018005000       0x20 zephyr/drivers/gpio/libdrivers__gpio.a(gpio_mcux_lpc.c.obj)
 .text.gpio_mcux_lpc_port_set_bits_raw
                0x0000000018005020       0x12 zephyr/drivers/gpio/libdrivers__gpio.a(gpio_mcux_lpc.c.obj)
 .text.gpio_mcux_lpc_port_clear_bits_raw
                0x0000000018005032       0x12 zephyr/drivers/gpio/libdrivers__gpio.a(gpio_mcux_lpc.c.obj)
 .text.gpio_mcux_lpc_port_toggle_bits
                0x0000000018005044       0x12 zephyr/drivers/gpio/libdrivers__gpio.a(gpio_mcux_lpc.c.obj)
 .text.gpio_mcux_lpc_manage_cb
                0x0000000018005056       0x52 zephyr/drivers/gpio/libdrivers__gpio.a(gpio_mcux_lpc.c.obj)
 .text.gpio_mcux_lpc_init.isra.0
                0x00000000180050a8        0x8 zephyr/drivers/gpio/libdrivers__gpio.a(gpio_mcux_lpc.c.obj)
 .text.lpc_gpio_init_0
                0x00000000180050b0        0xc zephyr/drivers/gpio/libdrivers__gpio.a(gpio_mcux_lpc.c.obj)
 .text.gpio_fire_callbacks.isra.0
                0x00000000180050bc       0x2a zephyr/drivers/gpio/libdrivers__gpio.a(gpio_mcux_lpc.c.obj)
 .text.gpio_mcux_lpc_pint_cb
                0x00000000180050e6       0x14 zephyr/drivers/gpio/libdrivers__gpio.a(gpio_mcux_lpc.c.obj)
 .text.lpc_gpio_init_5
                0x00000000180050fa        0xc zephyr/drivers/gpio/libdrivers__gpio.a(gpio_mcux_lpc.c.obj)
 .text.lpc_gpio_init_1
                0x0000000018005106        0xc zephyr/drivers/gpio/libdrivers__gpio.a(gpio_mcux_lpc.c.obj)
 .text.lpc_gpio_init_2
                0x0000000018005112        0xc zephyr/drivers/gpio/libdrivers__gpio.a(gpio_mcux_lpc.c.obj)
 .text.lpc_gpio_init_3
                0x000000001800511e        0xc zephyr/drivers/gpio/libdrivers__gpio.a(gpio_mcux_lpc.c.obj)
 .text.lpc_gpio_init_4
                0x000000001800512a        0xc zephyr/drivers/gpio/libdrivers__gpio.a(gpio_mcux_lpc.c.obj)
 .text.pinctrl_lookup_state
                0x0000000018005136       0x26 zephyr/drivers/pinctrl/libdrivers__pinctrl.a(common.c.obj)
                0x0000000018005136                pinctrl_lookup_state
 .text.pinctrl_configure_pins
                0x000000001800515c       0x3a zephyr/drivers/pinctrl/libdrivers__pinctrl.a(pinctrl_lpc_iocon.c.obj)
                0x000000001800515c                pinctrl_configure_pins
 .text.USART_GetStatusFlags
                0x0000000018005196       0x24 zephyr/drivers/serial/libdrivers__serial.a(uart_mcux_flexcomm.c.obj)
 .text.mcux_flexcomm_poll_in
                0x00000000180051ba       0x20 zephyr/drivers/serial/libdrivers__serial.a(uart_mcux_flexcomm.c.obj)
 .text.mcux_flexcomm_poll_out
                0x00000000180051da       0x18 zephyr/drivers/serial/libdrivers__serial.a(uart_mcux_flexcomm.c.obj)
 .text.mcux_flexcomm_err_check
                0x00000000180051f2       0x42 zephyr/drivers/serial/libdrivers__serial.a(uart_mcux_flexcomm.c.obj)
 .text.mcux_flexcomm_fifo_fill
                0x0000000018005234       0x32 zephyr/drivers/serial/libdrivers__serial.a(uart_mcux_flexcomm.c.obj)
 .text.mcux_flexcomm_fifo_read
                0x0000000018005266       0x32 zephyr/drivers/serial/libdrivers__serial.a(uart_mcux_flexcomm.c.obj)
 .text.mcux_flexcomm_irq_tx_complete
                0x0000000018005298        0xc zephyr/drivers/serial/libdrivers__serial.a(uart_mcux_flexcomm.c.obj)
 .text.mcux_flexcomm_irq_tx_ready
                0x00000000180052a4       0x22 zephyr/drivers/serial/libdrivers__serial.a(uart_mcux_flexcomm.c.obj)
 .text.mcux_flexcomm_irq_rx_disable
                0x00000000180052c6       0x10 zephyr/drivers/serial/libdrivers__serial.a(uart_mcux_flexcomm.c.obj)
 .text.mcux_flexcomm_irq_rx_full
                0x00000000180052d6       0x10 zephyr/drivers/serial/libdrivers__serial.a(uart_mcux_flexcomm.c.obj)
 .text.mcux_flexcomm_irq_err_enable
                0x00000000180052e6       0x12 zephyr/drivers/serial/libdrivers__serial.a(uart_mcux_flexcomm.c.obj)
 .text.mcux_flexcomm_irq_update
                0x00000000180052f8        0x4 zephyr/drivers/serial/libdrivers__serial.a(uart_mcux_flexcomm.c.obj)
 .text.mcux_flexcomm_irq_callback_set
                0x00000000180052fc        0x8 zephyr/drivers/serial/libdrivers__serial.a(uart_mcux_flexcomm.c.obj)
 .text.mcux_flexcomm_uart_config_get
                0x0000000018005304       0x10 zephyr/drivers/serial/libdrivers__serial.a(uart_mcux_flexcomm.c.obj)
 .text.mcux_flexcomm_isr
                0x0000000018005314        0xc zephyr/drivers/serial/libdrivers__serial.a(uart_mcux_flexcomm.c.obj)
 .text.mcux_flexcomm_irq_config_func_0
                0x0000000018005320       0x16 zephyr/drivers/serial/libdrivers__serial.a(uart_mcux_flexcomm.c.obj)
 .text.mcux_flexcomm_irq_config_func_1
                0x0000000018005336       0x16 zephyr/drivers/serial/libdrivers__serial.a(uart_mcux_flexcomm.c.obj)
 .text.mcux_flexcomm_irq_err_disable
                0x000000001800534c       0x12 zephyr/drivers/serial/libdrivers__serial.a(uart_mcux_flexcomm.c.obj)
 .text.mcux_flexcomm_irq_tx_enable
                0x000000001800535e       0x10 zephyr/drivers/serial/libdrivers__serial.a(uart_mcux_flexcomm.c.obj)
 .text.mcux_flexcomm_irq_tx_disable
                0x000000001800536e       0x10 zephyr/drivers/serial/libdrivers__serial.a(uart_mcux_flexcomm.c.obj)
 .text.mcux_flexcomm_irq_rx_enable
                0x000000001800537e       0x10 zephyr/drivers/serial/libdrivers__serial.a(uart_mcux_flexcomm.c.obj)
 .text.mcux_flexcomm_irq_is_pending
                0x000000001800538e       0x2c zephyr/drivers/serial/libdrivers__serial.a(uart_mcux_flexcomm.c.obj)
 .text.mcux_flexcomm_init
                0x00000000180053ba       0xac zephyr/drivers/serial/libdrivers__serial.a(uart_mcux_flexcomm.c.obj)
 .text.CLOCK_AttachClk
                0x0000000018005466       0x3c modules/hal_nxp/hal_nxp/lib..__modules__hal__nxp.a(fsl_clock.c.obj)
                0x0000000018005466                CLOCK_AttachClk
 .text.CLOCK_SetClkDiv
                0x00000000180054a2       0x34 modules/hal_nxp/hal_nxp/lib..__modules__hal__nxp.a(fsl_clock.c.obj)
                0x00000000180054a2                CLOCK_SetClkDiv
 .text.RESET_PeripheralReset
                0x00000000180054d6       0x12 modules/hal_nxp/hal_nxp/lib..__modules__hal__nxp.a(fsl_reset.c.obj)
                0x00000000180054d6                RESET_PeripheralReset
 .text.SystemInitHook
                0x00000000180054e8        0x2 modules/hal_nxp/hal_nxp/lib..__modules__hal__nxp.a(system_MIMXRT685S_cm33.c.obj)
                0x00000000180054e8                SystemInitHook
 .text.GPIO_SetPinInterruptConfig
                0x00000000180054ea       0x36 modules/hal_nxp/hal_nxp/lib..__modules__hal__nxp.a(fsl_gpio.c.obj)
                0x00000000180054ea                GPIO_SetPinInterruptConfig
 .text.GPIO_PinEnableInterrupt
                0x0000000018005520       0x36 modules/hal_nxp/hal_nxp/lib..__modules__hal__nxp.a(fsl_gpio.c.obj)
                0x0000000018005520                GPIO_PinEnableInterrupt
 .text.GPIO_PinDisableInterrupt
                0x0000000018005556       0x3a modules/hal_nxp/hal_nxp/lib..__modules__hal__nxp.a(fsl_gpio.c.obj)
                0x0000000018005556                GPIO_PinDisableInterrupt
 .text.PINT_PinInterruptClrStatus
                0x0000000018005590       0x16 modules/hal_nxp/hal_nxp/lib..__modules__hal__nxp.a(fsl_pint.c.obj)
                0x0000000018005590                PINT_PinInterruptClrStatus
 .text.INPUTMUX_AttachSignal
                0x00000000180055a6        0xe modules/hal_nxp/hal_nxp/lib..__modules__hal__nxp.a(fsl_inputmux.c.obj)
                0x00000000180055a6                INPUTMUX_AttachSignal
 .text.OSTIMER_GetCurrentTimerValue
                0x00000000180055b4       0x20 modules/hal_nxp/hal_nxp/lib..__modules__hal__nxp.a(fsl_ostimer.c.obj)
                0x00000000180055b4                OSTIMER_GetCurrentTimerValue
 .text.OSTIMER_SetMatchValue
                0x00000000180055d4       0x10 modules/hal_nxp/hal_nxp/lib..__modules__hal__nxp.a(fsl_ostimer.c.obj)
                0x00000000180055d4                OSTIMER_SetMatchValue
 .text.USART_Deinit
                0x00000000180055e4       0x22 modules/hal_nxp/hal_nxp/lib..__modules__hal__nxp.a(fsl_usart.c.obj)
                0x00000000180055e4                USART_Deinit
 .text.USART_GetDefaultConfig
                0x0000000018005606       0x1c modules/hal_nxp/hal_nxp/lib..__modules__hal__nxp.a(fsl_usart.c.obj)
                0x0000000018005606                USART_GetDefaultConfig
 .text.USART_SetBaudRate
                0x0000000018005622       0xb6 modules/hal_nxp/hal_nxp/lib..__modules__hal__nxp.a(fsl_usart.c.obj)
                0x0000000018005622                USART_SetBaudRate
 .text.USART_Init
                0x00000000180056d8      0x138 modules/hal_nxp/hal_nxp/lib..__modules__hal__nxp.a(fsl_usart.c.obj)
                0x00000000180056d8                USART_Init
 .text.USART_Enable9bitMode
                0x0000000018005810       0x1e modules/hal_nxp/hal_nxp/lib..__modules__hal__nxp.a(fsl_usart.c.obj)
                0x0000000018005810                USART_Enable9bitMode
 .text.z_device_state_init
                0x000000001800582e        0x2 zephyr/kernel/libkernel.a(device.c.obj)
                0x000000001800582e                z_device_state_init
 .text.z_device_is_ready
                0x0000000018005830       0x16 zephyr/kernel/libkernel.a(device.c.obj)
                0x0000000018005830                z_device_is_ready
 .text.arch_system_halt
                0x0000000018005846       0x12 zephyr/kernel/libkernel.a(fatal.c.obj)
                0x0000000018005846                arch_system_halt
 .text.k_sys_fatal_error_handler
                0x0000000018005858        0x6 zephyr/kernel/libkernel.a(fatal.c.obj)
                0x0000000018005858                k_sys_fatal_error_handler
 .text.z_early_memset
                0x000000001800585e        0x4 zephyr/kernel/libkernel.a(init.c.obj)
                0x000000001800585e                z_early_memset
 .text.z_early_memcpy
                0x0000000018005862        0x4 zephyr/kernel/libkernel.a(init.c.obj)
                0x0000000018005862                z_early_memcpy
 .text.idle     0x0000000018005866       0x18 zephyr/kernel/libkernel.a(idle.c.obj)
                0x0000000018005866                idle
 .text.sys_dlist_remove
                0x000000001800587e       0x10 zephyr/kernel/libkernel.a(sched.c.obj)
 .text.unpend_thread_no_timeout
                0x000000001800588e       0x14 zephyr/kernel/libkernel.a(sched.c.obj)
 .text.z_ready_thread
                0x00000000180058a2       0x20 zephyr/kernel/libkernel.a(sched.c.obj)
                0x00000000180058a2                z_ready_thread
 .text.z_sched_wake_thread
                0x00000000180058c2       0x44 zephyr/kernel/libkernel.a(sched.c.obj)
                0x00000000180058c2                z_sched_wake_thread
 .text.z_thread_timeout
                0x0000000018005906        0x8 zephyr/kernel/libkernel.a(sched.c.obj)
                0x0000000018005906                z_thread_timeout
 .text.z_reschedule_irqlock
                0x000000001800590e       0x18 zephyr/kernel/libkernel.a(sched.c.obj)
                0x000000001800590e                z_reschedule_irqlock
 .text.z_reschedule_unlocked
                0x0000000018005926       0x14 zephyr/kernel/libkernel.a(sched.c.obj)
 .text.z_abort_timeout
                0x000000001800593a       0x2c zephyr/kernel/libkernel.a(timeout.c.obj)
                0x000000001800593a                z_abort_timeout
 .text.sys_clock_tick_get_32
                0x0000000018005966        0x8 zephyr/kernel/libkernel.a(timeout.c.obj)
                0x0000000018005966                sys_clock_tick_get_32
 .text.bss_zeroing_relocation
                0x000000001800596e        0x2 zephyr/libcode_relocation_source_lib.a(code_relocation.c.obj)
                0x000000001800596e                bss_zeroing_relocation
 .text.strnlen  0x0000000018005970       0x18 c:\users\ext_basver\zephyr-sdk-0.16.5-1\arm-zephyr-eabi\bin\../lib/gcc/../../picolibc/arm-zephyr-eabi/lib/thumb/v8-m.main/nofp\libc.a(libc_string_strnlen.c.o)
                0x0000000018005970                strnlen
 .text.__ultoa_invert
                0x0000000018005988       0x34 c:\users\ext_basver\zephyr-sdk-0.16.5-1\arm-zephyr-eabi\bin\../lib/gcc/../../picolibc/arm-zephyr-eabi/lib/thumb/v8-m.main/nofp\libc.a(libc_tinystdio_vfiprintf.c.o)
 .text.memcpy   0x00000000180059bc       0x1a c:\users\ext_basver\zephyr-sdk-0.16.5-1\arm-zephyr-eabi\bin\../lib/gcc/../../picolibc/arm-zephyr-eabi/lib/thumb/v8-m.main/nofp\libc.a(memcpy.c.o)
                0x00000000180059bc                __aeabi_memcpy
                0x00000000180059bc                __aeabi_memcpy4
                0x00000000180059bc                __aeabi_memcpy8
                0x00000000180059bc                memcpy
 .text.memset   0x00000000180059d6       0x10 c:\users\ext_basver\zephyr-sdk-0.16.5-1\arm-zephyr-eabi\bin\../lib/gcc/../../picolibc/arm-zephyr-eabi/lib/thumb/v8-m.main/nofp\libc.a(memset.c.o)
                0x00000000180059d6                memset
 *(SORT_BY_ALIGNMENT(.TEXT.*))
 *fill*         0x00000000180059e6        0x2 
 .TEXT.__aeabi_read_tp
                0x00000000180059e8        0xc zephyr/arch/arch/arm/core/cortex_m/libarch__arm__core__cortex_m.a(__aeabi_read_tp.S.obj)
                0x00000000180059e8                __aeabi_read_tp
 *fill*         0x00000000180059f4        0x4 
 .TEXT.__aeabi_read_tp.__stub
                0x00000000180059f8       0x10 linker stubs
 *(SORT_BY_ALIGNMENT(.gnu.linkonce.t.*))
 *(SORT_BY_ALIGNMENT(.glue_7t))
 .glue_7t       0x0000000018005a08        0x0 linker stubs
 *(SORT_BY_ALIGNMENT(.glue_7))
 .glue_7        0x0000000018005a08        0x0 linker stubs
 *(SORT_BY_ALIGNMENT(.vfp11_veneer))
 .vfp11_veneer  0x0000000018005a08        0x0 linker stubs
 *(SORT_BY_ALIGNMENT(.v4_bx))
 .v4_bx         0x0000000018005a08        0x0 linker stubs
                0x0000000018005a08                . = ALIGN (0x4)
                0x0000000018005a08                __text_region_end = .

.ARM.exidx      0x0000000018005a08        0x8
                0x0000000018005a08                __exidx_start = .
 *(SORT_BY_ALIGNMENT(.ARM.exidx*) SORT_BY_ALIGNMENT(gnu.linkonce.armexidx.*))
 .ARM.exidx     0x0000000018005a08        0x8 c:/users/ext_basver/zephyr-sdk-0.16.5-1/arm-zephyr-eabi/bin/../lib/gcc/arm-zephyr-eabi/12.2.0/thumb/v8-m.main/nofp\libgcc.a(_udivmoddi4.o)
                0x0000000018005a10                __exidx_end = .
                0x0000000018005a10                __rodata_region_start = .

initlevel       0x0000000018005a10       0x80
                0x0000000018005a10                __init_start = .
                0x0000000018005a10                __init_EARLY_start = .
 *(SORT_BY_NAME(SORT_BY_ALIGNMENT(.z_init_EARLY?_*)))
 *(SORT_BY_NAME(SORT_BY_ALIGNMENT(.z_init_EARLY??_*)))
                0x0000000018005a10                __init_PRE_KERNEL_1_start = .
 *(SORT_BY_NAME(SORT_BY_ALIGNMENT(.z_init_PRE_KERNEL_1?_*)))
 .z_init_PRE_KERNEL_10_0_
                0x0000000018005a10        0x8 zephyr/libzephyr.a(soc.c.obj)
 *(SORT_BY_NAME(SORT_BY_ALIGNMENT(.z_init_PRE_KERNEL_1??_*)))
 .z_init_PRE_KERNEL_130_00023_
                0x0000000018005a18        0x8 zephyr/drivers/clock_control/libdrivers__clock_control.a(clock_control_mcux_syscon.c.obj)
 .z_init_PRE_KERNEL_130_00032_
                0x0000000018005a20        0x8 zephyr/drivers/clock_control/libdrivers__clock_control.a(clock_control_mcux_syscon.c.obj)
 .z_init_PRE_KERNEL_140_00013_
                0x0000000018005a28        0x8 zephyr/drivers/gpio/libdrivers__gpio.a(gpio_mcux_lpc.c.obj)
 .z_init_PRE_KERNEL_140_00015_
                0x0000000018005a30        0x8 zephyr/drivers/gpio/libdrivers__gpio.a(gpio_mcux_lpc.c.obj)
 .z_init_PRE_KERNEL_140_00052_
                0x0000000018005a38        0x8 zephyr/drivers/gpio/libdrivers__gpio.a(gpio_mcux_lpc.c.obj)
 .z_init_PRE_KERNEL_140_00053_
                0x0000000018005a40        0x8 zephyr/drivers/gpio/libdrivers__gpio.a(gpio_mcux_lpc.c.obj)
 .z_init_PRE_KERNEL_140_00054_
                0x0000000018005a48        0x8 zephyr/drivers/gpio/libdrivers__gpio.a(gpio_mcux_lpc.c.obj)
 .z_init_PRE_KERNEL_140_00059_
                0x0000000018005a50        0x8 zephyr/drivers/interrupt_controller/libdrivers__interrupt_controller.a(intc_nxp_pint.c.obj)
 .z_init_PRE_KERNEL_140_00101_
                0x0000000018005a58        0x8 zephyr/drivers/gpio/libdrivers__gpio.a(gpio_mcux_lpc.c.obj)
 .z_init_PRE_KERNEL_145_0_
                0x0000000018005a60        0x8 zephyr/boards/arm/mimxrt685_evk/libboards__arm__mimxrt685_evk.a(init.c.obj)
 .z_init_PRE_KERNEL_155_00041_
                0x0000000018005a68        0x8 zephyr/drivers/serial/libdrivers__serial.a(uart_mcux_flexcomm.c.obj)
 .z_init_PRE_KERNEL_155_00047_
                0x0000000018005a70        0x8 zephyr/drivers/serial/libdrivers__serial.a(uart_mcux_flexcomm.c.obj)
 .z_init_PRE_KERNEL_160_0_
                0x0000000018005a78        0x8 zephyr/drivers/console/libdrivers__console.a(uart_console.c.obj)
                0x0000000018005a80                __init_PRE_KERNEL_2_start = .
 *(SORT_BY_NAME(SORT_BY_ALIGNMENT(.z_init_PRE_KERNEL_2?_*)))
 .z_init_PRE_KERNEL_20_0_
                0x0000000018005a80        0x8 zephyr/drivers/timer/libdrivers__timer.a(mcux_os_timer.c.obj)
 *(SORT_BY_NAME(SORT_BY_ALIGNMENT(.z_init_PRE_KERNEL_2??_*)))
                0x0000000018005a88                __init_POST_KERNEL_start = .
 *(SORT_BY_NAME(SORT_BY_ALIGNMENT(.z_init_POST_KERNEL?_*)))
 *(SORT_BY_NAME(SORT_BY_ALIGNMENT(.z_init_POST_KERNEL??_*)))
 .z_init_POST_KERNEL40_0_
                0x0000000018005a88        0x8 zephyr/lib/libc/common/liblib__libc__common.a(malloc.c.obj)
                0x0000000018005a90                __init_APPLICATION_start = .
 *(SORT_BY_NAME(SORT_BY_ALIGNMENT(.z_init_APPLICATION?_*)))
 *(SORT_BY_NAME(SORT_BY_ALIGNMENT(.z_init_APPLICATION??_*)))
                0x0000000018005a90                __init_SMP_start = .
 *(SORT_BY_NAME(SORT_BY_ALIGNMENT(.z_init_SMP?_*)))
 *(SORT_BY_NAME(SORT_BY_ALIGNMENT(.z_init_SMP??_*)))
                0x0000000018005a90                __init_end = .

device_area     0x0000000018005a90       0xdc
                0x0000000018005a90                _device_list_start = .
 *(SORT_BY_NAME(SORT_BY_ALIGNMENT(._device.static.*_?_*)))
 *(SORT_BY_NAME(SORT_BY_ALIGNMENT(._device.static.*_??_*)))
 ._device.static.1_30_
                0x0000000018005a90       0x28 zephyr/drivers/clock_control/libdrivers__clock_control.a(clock_control_mcux_syscon.c.obj)
                0x0000000018005a90                __device_dts_ord_23
                0x0000000018005aa4                __device_dts_ord_32
 ._device.static.1_40_
                0x0000000018005ab8       0x14 zephyr/drivers/interrupt_controller/libdrivers__interrupt_controller.a(intc_nxp_pint.c.obj)
                0x0000000018005ab8                __device_dts_ord_59
 ._device.static.1_40_
                0x0000000018005acc       0x78 zephyr/drivers/gpio/libdrivers__gpio.a(gpio_mcux_lpc.c.obj)
                0x0000000018005acc                __device_dts_ord_54
                0x0000000018005ae0                __device_dts_ord_53
                0x0000000018005af4                __device_dts_ord_52
                0x0000000018005b08                __device_dts_ord_101
                0x0000000018005b1c                __device_dts_ord_13
                0x0000000018005b30                __device_dts_ord_15
 ._device.static.1_55_
                0x0000000018005b44       0x28 zephyr/drivers/serial/libdrivers__serial.a(uart_mcux_flexcomm.c.obj)
                0x0000000018005b44                __device_dts_ord_47
                0x0000000018005b58                __device_dts_ord_41
                0x0000000018005b6c                _device_list_end = .

sw_isr_table    0x0000000018005b6c      0x1e0
                0x0000000018005b6c                . = ALIGN (0x4)
 *(SORT_BY_ALIGNMENT(.gnu.linkonce.sw_isr_table*))
 .gnu.linkonce.sw_isr_table
                0x0000000018005b6c      0x1e0 zephyr/CMakeFiles/zephyr_final.dir/isr_tables.c.obj
                0x0000000018005b6c                _sw_isr_table

initlevel_error
                0x0000000018005a10        0x0
 *(SORT_BY_NAME(SORT_BY_ALIGNMENT(.z_init_[_A-Z0-9]*)))
                0x0000000000000001                ASSERT ((SIZEOF (initlevel_error) == 0x0), Undefined initialization levels used.)

app_shmem_regions
                0x0000000018005d4c        0x0
                0x0000000018005d4c                __app_shmem_regions_start = .
 *(SORT_BY_NAME(SORT_BY_ALIGNMENT(.app_regions.*)))
                0x0000000018005d4c                __app_shmem_regions_end = .

k_p4wq_initparam_area
                0x0000000018005d4c        0x0
                0x0000000018005d4c                _k_p4wq_initparam_list_start = .
 *(SORT_BY_NAME(SORT_BY_ALIGNMENT(._k_p4wq_initparam.static.*)))
                0x0000000018005d4c                _k_p4wq_initparam_list_end = .

_static_thread_data_area
                0x0000000018005d4c        0x0
                0x0000000018005d4c                __static_thread_data_list_start = .
 *(SORT_BY_NAME(SORT_BY_ALIGNMENT(.__static_thread_data.static.*)))
                0x0000000018005d4c                __static_thread_data_list_end = .

device_deps     0x0000000018005d4c        0x0
                0x0000000018005d4c                __device_deps_start = .
 *(SORT_BY_NAME(SORT_BY_ALIGNMENT(.__device_deps_pass2*)))
                0x0000000018005d4c                __device_deps_end = .

ztest           0x0000000018005d4c        0x0
                0x0000000018005d4c                _ztest_expected_result_entry_list_start = .
 *(SORT_BY_NAME(SORT_BY_ALIGNMENT(._ztest_expected_result_entry.static.*)))
                0x0000000018005d4c                _ztest_expected_result_entry_list_end = .
                0x0000000018005d4c                _ztest_suite_node_list_start = .
 *(SORT_BY_NAME(SORT_BY_ALIGNMENT(._ztest_suite_node.static.*)))
                0x0000000018005d4c                _ztest_suite_node_list_end = .
                0x0000000018005d4c                _ztest_unit_test_list_start = .
 *(SORT_BY_NAME(SORT_BY_ALIGNMENT(._ztest_unit_test.static.*)))
                0x0000000018005d4c                _ztest_unit_test_list_end = .
                0x0000000018005d4c                _ztest_test_rule_list_start = .
 *(SORT_BY_NAME(SORT_BY_ALIGNMENT(._ztest_test_rule.static.*)))
                0x0000000018005d4c                _ztest_test_rule_list_end = .

bt_l2cap_fixed_chan_area
                0x0000000018005d4c        0x0
                0x0000000018005d4c                _bt_l2cap_fixed_chan_list_start = .
 *(SORT_BY_NAME(SORT_BY_ALIGNMENT(._bt_l2cap_fixed_chan.static.*)))
                0x0000000018005d4c                _bt_l2cap_fixed_chan_list_end = .

bt_gatt_service_static_area
                0x0000000018005d4c        0x0
                0x0000000018005d4c                _bt_gatt_service_static_list_start = .
 *(SORT_BY_NAME(SORT_BY_ALIGNMENT(._bt_gatt_service_static.static.*)))
                0x0000000018005d4c                _bt_gatt_service_static_list_end = .

log_strings_area
                0x0000000018005d4c        0x0
                0x0000000018005d4c                _log_strings_list_start = .
 *(SORT_BY_NAME(SORT_BY_ALIGNMENT(._log_strings.static.*)))
                0x0000000018005d4c                _log_strings_list_end = .

log_const_area  0x0000000018005d4c        0x0
                0x0000000018005d4c                _log_const_list_start = .
 *(SORT_BY_NAME(SORT_BY_ALIGNMENT(._log_const.static.*)))
                0x0000000018005d4c                _log_const_list_end = .

log_backend_area
                0x0000000018005d4c        0x0
                0x0000000018005d4c                _log_backend_list_start = .
 *(SORT_BY_NAME(SORT_BY_ALIGNMENT(._log_backend.static.*)))
                0x0000000018005d4c                _log_backend_list_end = .

log_link_area   0x0000000018005d4c        0x0
                0x0000000018005d4c                _log_link_list_start = .
 *(SORT_BY_NAME(SORT_BY_ALIGNMENT(._log_link.static.*)))
                0x0000000018005d4c                _log_link_list_end = .

tracing_backend_area
                0x0000000018005d4c        0x0
                0x0000000018005d4c                _tracing_backend_list_start = .
 *(SORT_BY_NAME(SORT_BY_ALIGNMENT(._tracing_backend.static.*)))
                0x0000000018005d4c                _tracing_backend_list_end = .

zephyr_dbg_info
 *(SORT_BY_ALIGNMENT(.dbg_thread_info))

symbol_to_keep  0x0000000018005d4c        0x0
                0x0000000018005d4c                __symbol_to_keep_start = .
 *(SORT_BY_NAME(SORT_BY_ALIGNMENT(.symbol_to_keep*)))
                0x0000000018005d4c                __symbol_to_keep_end = .

shell_area      0x0000000018005d4c        0x0
                0x0000000018005d4c                _shell_list_start = .
 *(SORT_BY_NAME(SORT_BY_ALIGNMENT(._shell.static.*)))
                0x0000000018005d4c                _shell_list_end = .

shell_root_cmds_area
                0x0000000018005d4c        0x0
                0x0000000018005d4c                _shell_root_cmds_list_start = .
 *(SORT_BY_NAME(SORT_BY_ALIGNMENT(._shell_root_cmds.static.*)))
                0x0000000018005d4c                _shell_root_cmds_list_end = .

shell_subcmds_area
                0x0000000018005d4c        0x0
                0x0000000018005d4c                _shell_subcmds_list_start = .
 *(SORT_BY_NAME(SORT_BY_ALIGNMENT(._shell_subcmds.static.*)))
                0x0000000018005d4c                _shell_subcmds_list_end = .

shell_dynamic_subcmds_area
                0x0000000018005d4c        0x0
                0x0000000018005d4c                _shell_dynamic_subcmds_list_start = .
 *(SORT_BY_NAME(SORT_BY_ALIGNMENT(._shell_dynamic_subcmds.static.*)))
                0x0000000018005d4c                _shell_dynamic_subcmds_list_end = .

cfb_font_area   0x0000000018005d4c        0x0
                0x0000000018005d4c                _cfb_font_list_start = .
 *(SORT_BY_NAME(SORT_BY_ALIGNMENT(._cfb_font.static.*)))
                0x0000000018005d4c                _cfb_font_list_end = .

tdata           0x0000000018005d4c        0x0
 *(SORT_BY_ALIGNMENT(.tdata) SORT_BY_ALIGNMENT(.tdata.*) SORT_BY_ALIGNMENT(.gnu.linkonce.td.*))

tbss            0x0000000018005d4c        0x4
 *(SORT_BY_ALIGNMENT(.tbss) SORT_BY_ALIGNMENT(.tbss.*) SORT_BY_ALIGNMENT(.gnu.linkonce.tb.*) SORT_BY_ALIGNMENT(.tcommon))
 .tbss.z_tls_current
                0x0000000018005d4c        0x4 zephyr/libzephyr.a(thread_entry.c.obj)
                0x0000000018005d4c                z_tls_current
                0x0000000018005d4c                PROVIDE (__tdata_start = LOADADDR (tdata))
                0x0000000000000000                PROVIDE (__tdata_size = SIZEOF (tdata))
                [!provide]                        PROVIDE (__tdata_end = (__tdata_start + __tdata_size))
                0x0000000000000001                PROVIDE (__tdata_align = ALIGNOF (tdata))
                [!provide]                        PROVIDE (__tbss_start = ADDR (tbss))
                0x0000000000000004                PROVIDE (__tbss_size = SIZEOF (tbss))
                [!provide]                        PROVIDE (__tbss_end = (__tbss_start + __tbss_size))
                0x0000000000000004                PROVIDE (__tbss_align = ALIGNOF (tbss))
                [!provide]                        PROVIDE (__tls_start = __tdata_start)
                [!provide]                        PROVIDE (__tls_end = __tbss_end)
                [!provide]                        PROVIDE (__tls_size = (__tbss_end - __tdata_start))

rodata          0x0000000018005d4c      0x334
 *(SORT_BY_ALIGNMENT(.rodata))
 *(SORT_BY_ALIGNMENT(.rodata.*))
 .rodata.ledb   0x0000000018005d4c        0x8 app/libapp.a(main.c.obj)
 .rodata.ledg   0x0000000018005d54        0x8 app/libapp.a(main.c.obj)
 .rodata.g_sysPllConfig
                0x0000000018005d5c       0x10 zephyr/libzephyr.a(soc.c.obj)
                0x0000000018005d5c                g_sysPllConfig
 .rodata.mem_attr_region
                0x0000000018005d6c       0x10 zephyr/libzephyr.a(mem_attr.c.obj)
 .rodata.static_regions
                0x0000000018005d7c       0x18 zephyr/arch/arch/arm/core/mpu/libarch__arm__core__mpu.a(arm_core_mpu.c.obj)
 .rodata.mpu_config
                0x0000000018005d94        0x8 zephyr/soc/soc/arm/common/cortex_m/libsoc__arm__common__cortex_m.a(arm_mpu_regions.c.obj)
                0x0000000018005d94                mpu_config
 .rodata.mpu_regions
                0x0000000018005d9c       0x20 zephyr/soc/soc/arm/common/cortex_m/libsoc__arm__common__cortex_m.a(arm_mpu_regions.c.obj)
 .rodata.mcux_lpc_syscon_api
                0x0000000018005dbc       0x1c zephyr/drivers/clock_control/libdrivers__clock_control.a(clock_control_mcux_syscon.c.obj)
 .rodata.gpio_mcux_lpc_config_5
                0x0000000018005dd8       0x18 zephyr/drivers/gpio/libdrivers__gpio.a(gpio_mcux_lpc.c.obj)
 .rodata.gpio_mcux_lpc_config_4
                0x0000000018005df0       0x18 zephyr/drivers/gpio/libdrivers__gpio.a(gpio_mcux_lpc.c.obj)
 .rodata.gpio_mcux_lpc_config_3
                0x0000000018005e08       0x18 zephyr/drivers/gpio/libdrivers__gpio.a(gpio_mcux_lpc.c.obj)
 .rodata.gpio_mcux_lpc_config_2
                0x0000000018005e20       0x18 zephyr/drivers/gpio/libdrivers__gpio.a(gpio_mcux_lpc.c.obj)
 .rodata.gpio_mcux_lpc_config_1
                0x0000000018005e38       0x18 zephyr/drivers/gpio/libdrivers__gpio.a(gpio_mcux_lpc.c.obj)
 .rodata.gpio_mcux_lpc_config_0
                0x0000000018005e50       0x18 zephyr/drivers/gpio/libdrivers__gpio.a(gpio_mcux_lpc.c.obj)
 .rodata.gpio_mcux_lpc_driver_api
                0x0000000018005e68       0x24 zephyr/drivers/gpio/libdrivers__gpio.a(gpio_mcux_lpc.c.obj)
 .rodata.mcux_flexcomm_1_config
                0x0000000018005e8c       0x1c zephyr/drivers/serial/libdrivers__serial.a(uart_mcux_flexcomm.c.obj)
 .rodata.__pinctrl_dev_config__device_dts_ord_47
                0x0000000018005ea8        0x8 zephyr/drivers/serial/libdrivers__serial.a(uart_mcux_flexcomm.c.obj)
 .rodata.__pinctrl_states__device_dts_ord_47
                0x0000000018005eb0        0x8 zephyr/drivers/serial/libdrivers__serial.a(uart_mcux_flexcomm.c.obj)
 .rodata.__pinctrl_state_pins_0__device_dts_ord_47
                0x0000000018005eb8        0x8 zephyr/drivers/serial/libdrivers__serial.a(uart_mcux_flexcomm.c.obj)
 .rodata.mcux_flexcomm_0_config
                0x0000000018005ec0       0x1c zephyr/drivers/serial/libdrivers__serial.a(uart_mcux_flexcomm.c.obj)
 .rodata.__pinctrl_dev_config__device_dts_ord_41
                0x0000000018005edc        0x8 zephyr/drivers/serial/libdrivers__serial.a(uart_mcux_flexcomm.c.obj)
 .rodata.__pinctrl_states__device_dts_ord_41
                0x0000000018005ee4        0x8 zephyr/drivers/serial/libdrivers__serial.a(uart_mcux_flexcomm.c.obj)
 .rodata.__pinctrl_state_pins_0__device_dts_ord_41
                0x0000000018005eec        0x8 zephyr/drivers/serial/libdrivers__serial.a(uart_mcux_flexcomm.c.obj)
 .rodata.mcux_flexcomm_driver_api
                0x0000000018005ef4       0x4c zephyr/drivers/serial/libdrivers__serial.a(uart_mcux_flexcomm.c.obj)
 .rodata.s_flexcommBaseAddrs
                0x0000000018005f40       0x28 modules/hal_nxp/hal_nxp/lib..__modules__hal__nxp.a(fsl_flexcomm.c.obj)
 .rodata._k_neg_eagain
                0x0000000018005f68        0x4 zephyr/kernel/libkernel.a(errno.c.obj)
                0x0000000018005f68                _k_neg_eagain
 .rodata.levels.0
                0x0000000018005f6c       0x18 zephyr/kernel/libkernel.a(init.c.obj)
 .rodata.s_gpioClockName
                0x0000000018005f84       0x10 modules/hal_nxp/hal_nxp/lib..__modules__hal__nxp.a(fsl_gpio.c.obj)
 .rodata.s_flexcommClocks
                0x0000000018005f94       0x14 modules/hal_nxp/hal_nxp/lib..__modules__hal__nxp.a(fsl_flexcomm.c.obj)
 .rodata.str1.1
                0x0000000018005fa8       0x10 zephyr/libzephyr.a(mem_attr.c.obj)
 .rodata.str1.1
                0x0000000018005fb8        0xf zephyr/soc/soc/arm/common/cortex_m/libsoc__arm__common__cortex_m.a(arm_mpu_regions.c.obj)
 .rodata.str1.1
                0x0000000018005fc7        0xb zephyr/drivers/interrupt_controller/libdrivers__interrupt_controller.a(intc_nxp_pint.c.obj)
 .rodata.str1.1
                0x0000000018005fd2       0x19 zephyr/drivers/clock_control/libdrivers__clock_control.a(clock_control_mcux_syscon.c.obj)
 .rodata.str1.1
                0x0000000018005feb       0x2a zephyr/drivers/gpio/libdrivers__gpio.a(gpio_mcux_lpc.c.obj)
 .rodata.CSWTCH.38
                0x0000000018006015        0x3 zephyr/drivers/serial/libdrivers__serial.a(uart_mcux_flexcomm.c.obj)
 .rodata.CSWTCH.37
                0x0000000018006018        0x3 zephyr/drivers/serial/libdrivers__serial.a(uart_mcux_flexcomm.c.obj)
 .rodata.str1.1
                0x000000001800601b       0x20 zephyr/drivers/serial/libdrivers__serial.a(uart_mcux_flexcomm.c.obj)
 .rodata.z_cstart.str1.1
                0x000000001800603b        0x5 zephyr/kernel/libkernel.a(init.c.obj)
 .rodata.boot_banner.str1.1
                0x0000000018006040       0x2f zephyr/kernel/libkernel.a(banner.c.obj)
 .rodata.__i_vfprintf.str1.1
                0x000000001800606f        0xf c:\users\ext_basver\zephyr-sdk-0.16.5-1\arm-zephyr-eabi\bin\../lib/gcc/../../picolibc/arm-zephyr-eabi/lib/thumb/v8-m.main/nofp\libc.a(libc_tinystdio_vfiprintf.c.o)
 *(SORT_BY_ALIGNMENT(.gnu.linkonce.r.*))
                0x0000000018006080                . = ALIGN (0x4)
 *fill*         0x000000001800607e        0x2 
                0x0000000018006080                __rodata_region_end = .
                0x0000000018006080                . = ALIGN (_region_min_align)
                0x0000000018006080                __rom_region_end = ((__rom_region_start + .) - ADDR (rom_start))

/DISCARD/
 *(SORT_BY_ALIGNMENT(.got.plt))
 *(SORT_BY_ALIGNMENT(.igot.plt))
 *(SORT_BY_ALIGNMENT(.got))
 *(SORT_BY_ALIGNMENT(.igot))
                0x0000000030180000                . = 0x30180000
                0x0000000030180000                . = ALIGN (_region_min_align)
                0x0000000030180000                _image_ram_start = .

.ramfunc        0x0000000030180100      0x940 load address 0x0000000018006080
                0x0000000030180100                . = ALIGN (_region_min_align)
                0x0000000030180100                __ramfunc_start = .
 *(SORT_BY_ALIGNMENT(.ramfunc))
 *(SORT_BY_ALIGNMENT(.ramfunc.*))
                0x0000000030180100                . = ALIGN (0x4)
 *(SORT_BY_ALIGNMENT(CodeQuickAccess))
 CodeQuickAccess
                0x0000000030180100      0x930 modules/hal_nxp/hal_nxp/lib..__modules__hal__nxp.a(fsl_power.c.obj)
                0x000000003018041c                POWER_EnterRbb
                0x00000000301804f4                POWER_EnterFbb
                0x00000000301805cc                POWER_EnterNbb
                0x000000003018069c                POWER_EnterDeepSleep
                0x0000000030180a40                . = ALIGN (_region_min_align)
 *fill*         0x0000000030180a30       0x10 
                0x0000000030180a40                __ramfunc_end = .
                0x0000000000000940                __ramfunc_size = (__ramfunc_end - __ramfunc_start)
                0x0000000018006080                __ramfunc_load_start = LOADADDR (.ramfunc)

datas           0x0000000030180a40       0x38 load address 0x00000000180069c0
                0x0000000030180a40                __data_region_start = .
                0x0000000030180a40                __data_start = .
 *(SORT_BY_ALIGNMENT(.data))
 *(SORT_BY_ALIGNMENT(.data.*))
 .data._char_out
                0x0000000030180a40        0x4 zephyr/libzephyr.a(printk.c.obj)
                0x0000000030180a40                _char_out
 .data.__stdout
                0x0000000030180a44       0x10 zephyr/lib/libc/picolibc/liblib__libc__picolibc.a(libc-hooks.c.obj)
 .data.SystemCoreClock
                0x0000000030180a54        0x4 modules/hal_nxp/hal_nxp/lib..__modules__hal__nxp.a(system_MIMXRT685S_cm33.c.obj)
                0x0000000030180a54                SystemCoreClock
 .data.timeout_list
                0x0000000030180a58        0x8 zephyr/kernel/libkernel.a(timeout.c.obj)
 .data.nxp_pint_idx_1.1
                0x0000000030180a60        0x1 zephyr/drivers/interrupt_controller/libdrivers__interrupt_controller.a(intc_nxp_pint.c.obj)
 .data.nxp_pint_idx_2.2
                0x0000000030180a61        0x1 zephyr/drivers/interrupt_controller/libdrivers__interrupt_controller.a(intc_nxp_pint.c.obj)
 .data.nxp_pint_idx_3.3
                0x0000000030180a62        0x1 zephyr/drivers/interrupt_controller/libdrivers__interrupt_controller.a(intc_nxp_pint.c.obj)
 .data.nxp_pint_idx_4.4
                0x0000000030180a63        0x1 zephyr/drivers/interrupt_controller/libdrivers__interrupt_controller.a(intc_nxp_pint.c.obj)
 .data.nxp_pint_idx_5.5
                0x0000000030180a64        0x1 zephyr/drivers/interrupt_controller/libdrivers__interrupt_controller.a(intc_nxp_pint.c.obj)
 .data.nxp_pint_idx_6.6
                0x0000000030180a65        0x1 zephyr/drivers/interrupt_controller/libdrivers__interrupt_controller.a(intc_nxp_pint.c.obj)
 .data.nxp_pint_idx_7.7
                0x0000000030180a66        0x1 zephyr/drivers/interrupt_controller/libdrivers__interrupt_controller.a(intc_nxp_pint.c.obj)
 *(SORT_BY_ALIGNMENT(.kernel.*))
                0x0000000030180a68                . = ALIGN (0x4)
 *fill*         0x0000000030180a67        0x1 
 *(SORT_BY_ALIGNMENT(DataQuickAccess))
 DataQuickAccess
                0x0000000030180a68       0x10 modules/hal_nxp/hal_nxp/lib..__modules__hal__nxp.a(fsl_power.c.obj)
                0x0000000030180a78                __data_end = .
                0x0000000000000038                __data_size = (__data_end - __data_start)
                0x00000000180069c0                __data_load_start = LOADADDR (datas)
                0x00000000180069c0                __data_region_load_start = LOADADDR (datas)

device_states   0x0000000030180a78       0x16 load address 0x00000000180069f8
                0x0000000030180a78                __device_states_start = .
 *(SORT_BY_ALIGNMENT(.z_devstate))
 .z_devstate    0x0000000030180a78        0x2 zephyr/drivers/interrupt_controller/libdrivers__interrupt_controller.a(intc_nxp_pint.c.obj)
 .z_devstate    0x0000000030180a7a        0x4 zephyr/drivers/clock_control/libdrivers__clock_control.a(clock_control_mcux_syscon.c.obj)
 .z_devstate    0x0000000030180a7e        0xc zephyr/drivers/gpio/libdrivers__gpio.a(gpio_mcux_lpc.c.obj)
 .z_devstate    0x0000000030180a8a        0x4 zephyr/drivers/serial/libdrivers__serial.a(uart_mcux_flexcomm.c.obj)
 *(SORT_BY_ALIGNMENT(.z_devstate.*))
                0x0000000030180a8e                __device_states_end = .

log_mpsc_pbuf_area
                0x0000000030180a8e        0x0 load address 0x0000000018006a0e
                0x0000000030180a8e                _log_mpsc_pbuf_list_start = .
 *(SORT_BY_NAME(SORT_BY_ALIGNMENT(._log_mpsc_pbuf.static.*)))
                0x0000000030180a8e                _log_mpsc_pbuf_list_end = .

log_msg_ptr_area
                0x0000000030180a8e        0x0 load address 0x0000000018006a0e
                0x0000000030180a8e                _log_msg_ptr_list_start = .
 *(SORT_BY_NAME(SORT_BY_ALIGNMENT(._log_msg_ptr.static.*)))
                0x0000000030180a8e                _log_msg_ptr_list_end = .

log_dynamic_area
                0x0000000030180a8e        0x0 load address 0x0000000018006a0e
                0x0000000030180a8e                _log_dynamic_list_start = .
 *(SORT_BY_NAME(SORT_BY_ALIGNMENT(._log_dynamic.static.*)))
                0x0000000030180a8e                _log_dynamic_list_end = .

k_timer_area    0x0000000030180a8e        0x0 load address 0x0000000018006a0e
                0x0000000030180a8e                _k_timer_list_start = .
 *(SORT_BY_NAME(SORT_BY_ALIGNMENT(._k_timer.static.*)))
                0x0000000030180a8e                _k_timer_list_end = .

k_mem_slab_area
                0x0000000030180a8e        0x0 load address 0x0000000018006a0e
                0x0000000030180a8e                _k_mem_slab_list_start = .
 *(SORT_BY_NAME(SORT_BY_ALIGNMENT(._k_mem_slab.static.*)))
                0x0000000030180a8e                _k_mem_slab_list_end = .

k_heap_area     0x0000000030180a8e        0x0 load address 0x0000000018006a0e
                0x0000000030180a8e                _k_heap_list_start = .
 *(SORT_BY_NAME(SORT_BY_ALIGNMENT(._k_heap.static.*)))
                0x0000000030180a8e                _k_heap_list_end = .

k_mutex_area    0x0000000030180a8e        0x0 load address 0x0000000018006a0e
                0x0000000030180a8e                _k_mutex_list_start = .
 *(SORT_BY_NAME(SORT_BY_ALIGNMENT(._k_mutex.static.*)))
                0x0000000030180a8e                _k_mutex_list_end = .

k_stack_area    0x0000000030180a8e        0x0 load address 0x0000000018006a0e
                0x0000000030180a8e                _k_stack_list_start = .
 *(SORT_BY_NAME(SORT_BY_ALIGNMENT(._k_stack.static.*)))
                0x0000000030180a8e                _k_stack_list_end = .

k_msgq_area     0x0000000030180a8e        0x0 load address 0x0000000018006a0e
                0x0000000030180a8e                _k_msgq_list_start = .
 *(SORT_BY_NAME(SORT_BY_ALIGNMENT(._k_msgq.static.*)))
                0x0000000030180a8e                _k_msgq_list_end = .

k_mbox_area     0x0000000030180a8e        0x0 load address 0x0000000018006a0e
                0x0000000030180a8e                _k_mbox_list_start = .
 *(SORT_BY_NAME(SORT_BY_ALIGNMENT(._k_mbox.static.*)))
                0x0000000030180a8e                _k_mbox_list_end = .

k_pipe_area     0x0000000030180a8e        0x0 load address 0x0000000018006a0e
                0x0000000030180a8e                _k_pipe_list_start = .
 *(SORT_BY_NAME(SORT_BY_ALIGNMENT(._k_pipe.static.*)))
                0x0000000030180a8e                _k_pipe_list_end = .

k_sem_area      0x0000000030180a8e        0x0 load address 0x0000000018006a0e
                0x0000000030180a8e                _k_sem_list_start = .
 *(SORT_BY_NAME(SORT_BY_ALIGNMENT(._k_sem.static.*)))
                0x0000000030180a8e                _k_sem_list_end = .

k_event_area    0x0000000030180a8e        0x0 load address 0x0000000018006a0e
                0x0000000030180a8e                _k_event_list_start = .
 *(SORT_BY_NAME(SORT_BY_ALIGNMENT(._k_event.static.*)))
                0x0000000030180a8e                _k_event_list_end = .

k_queue_area    0x0000000030180a8e        0x0 load address 0x0000000018006a0e
                0x0000000030180a8e                _k_queue_list_start = .
 *(SORT_BY_NAME(SORT_BY_ALIGNMENT(._k_queue.static.*)))
                0x0000000030180a8e                _k_queue_list_end = .

k_fifo_area     0x0000000030180a8e        0x0 load address 0x0000000018006a0e
                0x0000000030180a8e                _k_fifo_list_start = .
 *(SORT_BY_NAME(SORT_BY_ALIGNMENT(._k_fifo.static.*)))
                0x0000000030180a8e                _k_fifo_list_end = .

k_lifo_area     0x0000000030180a8e        0x0 load address 0x0000000018006a0e
                0x0000000030180a8e                _k_lifo_list_start = .
 *(SORT_BY_NAME(SORT_BY_ALIGNMENT(._k_lifo.static.*)))
                0x0000000030180a8e                _k_lifo_list_end = .

k_condvar_area  0x0000000030180a8e        0x0 load address 0x0000000018006a0e
                0x0000000030180a8e                _k_condvar_list_start = .
 *(SORT_BY_NAME(SORT_BY_ALIGNMENT(._k_condvar.static.*)))
                0x0000000030180a8e                _k_condvar_list_end = .

sys_mem_blocks_ptr_area
                0x0000000030180a8e        0x0 load address 0x0000000018006a0e
                0x0000000030180a8e                _sys_mem_blocks_ptr_list_start = .
 *(SORT_BY_NAME(SORT_BY_ALIGNMENT(._sys_mem_blocks_ptr.static.*)))
                0x0000000030180a8e                _sys_mem_blocks_ptr_list_end = .

net_buf_pool_area
                0x0000000030180a8e        0x0 load address 0x0000000018006a0e
                0x0000000030180a8e                _net_buf_pool_list_start = .
 *(SORT_BY_NAME(SORT_BY_ALIGNMENT(._net_buf_pool.static.*)))
                0x0000000030180a8e                _net_buf_pool_list_end = .
                0x0000000030180a8e                __data_region_end = .

bss             0x0000000030180a90      0x3c8
                0x0000000030180a90                . = ALIGN (0x4)
                0x0000000030180a90                __bss_start = .
                0x0000000030180a90                __kernel_ram_start = .
 *(SORT_BY_ALIGNMENT(.bss))
 *(SORT_BY_ALIGNMENT(.bss.*))
 .bss.thread2_data
                0x0000000030180a90       0x80 app/libapp.a(main.c.obj)
 .bss.thread1_data
                0x0000000030180b10       0x80 app/libapp.a(main.c.obj)
 .bss.last_count
                0x0000000030180b90        0x8 zephyr/drivers/timer/libdrivers__timer.a(mcux_os_timer.c.obj)
 .bss.z_idle_threads
                0x0000000030180b98       0x80 zephyr/kernel/libkernel.a(init.c.obj)
                0x0000000030180b98                z_idle_threads
 .bss.z_main_thread
                0x0000000030180c18       0x80 zephyr/kernel/libkernel.a(init.c.obj)
                0x0000000030180c18                z_main_thread
 .bss.slice_timeouts
                0x0000000030180c98       0x18 zephyr/kernel/libkernel.a(sched.c.obj)
 .bss.curr_tick
                0x0000000030180cb0        0x8 zephyr/kernel/libkernel.a(timeout.c.obj)
 .bss.z_arm_tls_ptr
                0x0000000030180cb8        0x4 zephyr/arch/arch/arm/core/libarch__arm__core.a(tls.c.obj)
                0x0000000030180cb8                z_arm_tls_ptr
 .bss.dyn_reg_info
                0x0000000030180cbc       0x14 zephyr/arch/arch/arm/core/mpu/libarch__arm__core__mpu.a(arm_mpu.c.obj)
 .bss._stdout_hook
                0x0000000030180cd0        0x4 zephyr/lib/libc/picolibc/liblib__libc__picolibc.a(libc-hooks.c.obj)
 .bss.z_malloc_heap
                0x0000000030180cd4        0xc zephyr/lib/libc/common/liblib__libc__common.a(malloc.c.obj)
 .bss.pint_irq_cfg
                0x0000000030180ce0       0x60 zephyr/drivers/interrupt_controller/libdrivers__interrupt_controller.a(intc_nxp_pint.c.obj)
 .bss.gpio_mcux_lpc_data_5
                0x0000000030180d40        0xc zephyr/drivers/gpio/libdrivers__gpio.a(gpio_mcux_lpc.c.obj)
 .bss.gpio_mcux_lpc_data_4
                0x0000000030180d4c        0xc zephyr/drivers/gpio/libdrivers__gpio.a(gpio_mcux_lpc.c.obj)
 .bss.gpio_mcux_lpc_data_3
                0x0000000030180d58        0xc zephyr/drivers/gpio/libdrivers__gpio.a(gpio_mcux_lpc.c.obj)
 .bss.gpio_mcux_lpc_data_2
                0x0000000030180d64        0xc zephyr/drivers/gpio/libdrivers__gpio.a(gpio_mcux_lpc.c.obj)
 .bss.gpio_mcux_lpc_data_1
                0x0000000030180d70        0xc zephyr/drivers/gpio/libdrivers__gpio.a(gpio_mcux_lpc.c.obj)
 .bss.gpio_mcux_lpc_data_0
                0x0000000030180d7c        0xc zephyr/drivers/gpio/libdrivers__gpio.a(gpio_mcux_lpc.c.obj)
 .bss.mcux_flexcomm_1_data
                0x0000000030180d88       0x10 zephyr/drivers/serial/libdrivers__serial.a(uart_mcux_flexcomm.c.obj)
 .bss.mcux_flexcomm_0_data
                0x0000000030180d98       0x10 zephyr/drivers/serial/libdrivers__serial.a(uart_mcux_flexcomm.c.obj)
 .bss.base      0x0000000030180da8        0x4 zephyr/drivers/timer/libdrivers__timer.a(mcux_os_timer.c.obj)
 .bss.g_mclkFreq
                0x0000000030180dac        0x4 modules/hal_nxp/hal_nxp/lib..__modules__hal__nxp.a(fsl_clock.c.obj)
                0x0000000030180dac                g_mclkFreq
 .bss.g_clkinFreq
                0x0000000030180db0        0x4 modules/hal_nxp/hal_nxp/lib..__modules__hal__nxp.a(fsl_clock.c.obj)
                0x0000000030180db0                g_clkinFreq
 .bss.g_xtalFreq
                0x0000000030180db4        0x4 modules/hal_nxp/hal_nxp/lib..__modules__hal__nxp.a(fsl_clock.c.obj)
                0x0000000030180db4                g_xtalFreq
 .bss.s_pintCallback
                0x0000000030180db8       0x20 modules/hal_nxp/hal_nxp/lib..__modules__hal__nxp.a(fsl_pint.c.obj)
 .bss.s_ostimerIsr
                0x0000000030180dd8        0x4 modules/hal_nxp/hal_nxp/lib..__modules__hal__nxp.a(fsl_ostimer.c.obj)
 .bss.s_ostimerHandle
                0x0000000030180ddc        0x4 modules/hal_nxp/hal_nxp/lib..__modules__hal__nxp.a(fsl_ostimer.c.obj)
 .bss._cpus_active
                0x0000000030180de0        0x4 zephyr/kernel/libkernel.a(init.c.obj)
                0x0000000030180de0                _cpus_active
 .bss._kernel   0x0000000030180de4       0x20 zephyr/kernel/libkernel.a(init.c.obj)
                0x0000000030180de4                _kernel
 .bss.pending_current
                0x0000000030180e04        0x4 zephyr/kernel/libkernel.a(sched.c.obj)
 .bss.slice_max_prio
                0x0000000030180e08        0x4 zephyr/kernel/libkernel.a(sched.c.obj)
 .bss.slice_ticks
                0x0000000030180e0c        0x4 zephyr/kernel/libkernel.a(sched.c.obj)
 .bss.announce_remaining
                0x0000000030180e10        0x4 zephyr/kernel/libkernel.a(timeout.c.obj)
 .bss.static_regions_num
                0x0000000030180e14        0x1 zephyr/arch/arch/arm/core/mpu/libarch__arm__core__mpu.a(arm_mpu.c.obj)
 .bss.nxp_pint_idx_0.0
                0x0000000030180e15        0x1 zephyr/drivers/interrupt_controller/libdrivers__interrupt_controller.a(intc_nxp_pint.c.obj)
 .bss.pin_pint_id
                0x0000000030180e16       0x40 zephyr/drivers/interrupt_controller/libdrivers__interrupt_controller.a(intc_nxp_pint.c.obj)
 .bss.z_sys_post_kernel
                0x0000000030180e56        0x1 zephyr/kernel/libkernel.a(init.c.obj)
                0x0000000030180e56                z_sys_post_kernel
 .bss.slice_expired
                0x0000000030180e57        0x1 zephyr/kernel/libkernel.a(sched.c.obj)
 .bss.sched_spinlock
                0x0000000030180e58        0x0 zephyr/kernel/libkernel.a(sched.c.obj)
                0x0000000030180e58                sched_spinlock
 *(SORT_BY_ALIGNMENT(COMMON))
 *(SORT_BY_ALIGNMENT(.kernel_bss.*))
                0x0000000030180e58                __bss_end = ALIGN (0x4)

noinit          0x0000000030180e58     0x1140
 *(SORT_BY_ALIGNMENT(.noinit))
 *(SORT_BY_ALIGNMENT(.noinit.*))
 .noinit."WEST_TOPDIR/zephyr/samples/thread_blink/src/main.c".1
                0x0000000030180e58      0x200 app/libapp.a(main.c.obj)
                0x0000000030180e58                thread2_stack
 .noinit."WEST_TOPDIR/zephyr/samples/thread_blink/src/main.c".0
                0x0000000030181058      0x200 app/libapp.a(main.c.obj)
                0x0000000030181058                thread1_stack
 .noinit."WEST_TOPDIR/zephyr/kernel/init.c".2
                0x0000000030181258      0x800 zephyr/kernel/libkernel.a(init.c.obj)
                0x0000000030181258                z_interrupt_stacks
 .noinit."WEST_TOPDIR/zephyr/kernel/init.c".1
                0x0000000030181a58      0x140 zephyr/kernel/libkernel.a(init.c.obj)
 .noinit."WEST_TOPDIR/zephyr/kernel/init.c".0
                0x0000000030181b98      0x400 zephyr/kernel/libkernel.a(init.c.obj)
                0x0000000030181b98                z_main_stack
 *(SORT_BY_ALIGNMENT(.kernel_noinit.*))
                0x0000000030480000                __kernel_ram_end = 0x30480000
                0x00000000002ff570                __kernel_ram_size = (__kernel_ram_end - __kernel_ram_start)

/DISCARD/
 *(SORT_BY_ALIGNMENT(.irq_info*))
 *(SORT_BY_ALIGNMENT(.intList*))

.last_ram_section
                0x0000000030181f98        0x0
                0x0000000030181f98                _image_ram_end = .
                0x0000000000001f98                _image_ram_size = (_image_ram_end - _image_ram_start)
                0x0000000030181f98                _end = .
                0x0000000030181f98                z_mapped_end = .

.stab
 *(SORT_BY_ALIGNMENT(.stab))

.stabstr
 *(SORT_BY_ALIGNMENT(.stabstr))

.stab.excl
 *(SORT_BY_ALIGNMENT(.stab.excl))

.stab.exclstr
 *(SORT_BY_ALIGNMENT(.stab.exclstr))

.stab.index
 *(SORT_BY_ALIGNMENT(.stab.index))

.stab.indexstr
 *(SORT_BY_ALIGNMENT(.stab.indexstr))

.gnu.build.attributes
 *(SORT_BY_ALIGNMENT(.gnu.build.attributes) SORT_BY_ALIGNMENT(.gnu.build.attributes.*))

.comment        0x0000000000000000       0x22
 *(SORT_BY_ALIGNMENT(.comment))
 .comment       0x0000000000000000       0x22 zephyr/CMakeFiles/zephyr_final.dir/isr_tables.c.obj
                                         0x23 (size before relaxing)
 .comment       0x0000000000000022       0x23 zephyr/CMakeFiles/offsets.dir/./arch/arm/core/offsets/offsets.c.obj
 .comment       0x0000000000000022       0x23 app/libapp.a(main.c.obj)
 .comment       0x0000000000000022       0x23 zephyr/libzephyr.a(printk.c.obj)
 .comment       0x0000000000000022       0x23 zephyr/libzephyr.a(thread_entry.c.obj)
 .comment       0x0000000000000022       0x23 zephyr/libzephyr.a(heap.c.obj)
 .comment       0x0000000000000022       0x23 zephyr/libzephyr.a(configs.c.obj)
 .comment       0x0000000000000022       0x23 zephyr/libzephyr.a(soc.c.obj)
 .comment       0x0000000000000022       0x23 zephyr/libzephyr.a(flash_clock_setup.c.obj)
 .comment       0x0000000000000022       0x23 zephyr/libzephyr.a(mem_attr.c.obj)
 .comment       0x0000000000000022       0x23 zephyr/arch/arch/arm/core/libarch__arm__core.a(fatal.c.obj)
 .comment       0x0000000000000022       0x23 zephyr/arch/arch/arm/core/libarch__arm__core.a(nmi.c.obj)
 .comment       0x0000000000000022       0x23 zephyr/arch/arch/arm/core/libarch__arm__core.a(tls.c.obj)
 .comment       0x0000000000000022       0x23 zephyr/arch/arch/arm/core/cortex_m/libarch__arm__core__cortex_m.a(fault.c.obj)
 .comment       0x0000000000000022       0x23 zephyr/arch/arch/arm/core/cortex_m/libarch__arm__core__cortex_m.a(irq_init.c.obj)
 .comment       0x0000000000000022       0x23 zephyr/arch/arch/arm/core/cortex_m/libarch__arm__core__cortex_m.a(thread_abort.c.obj)
 .comment       0x0000000000000022       0x23 zephyr/arch/arch/arm/core/cortex_m/libarch__arm__core__cortex_m.a(swap.c.obj)
 .comment       0x0000000000000022       0x23 zephyr/arch/arch/arm/core/cortex_m/libarch__arm__core__cortex_m.a(irq_manage.c.obj)
 .comment       0x0000000000000022       0x23 zephyr/arch/arch/arm/core/cortex_m/libarch__arm__core__cortex_m.a(prep_c.c.obj)